<html>
<body>
<pre>
<h1>礦ision Build Log</h1>
<h2>Tool Versions:</h2>
IDE-Version: μVision V5.18.0.0
Copyright (C) 2016 ARM Ltd and ARM Germany GmbH. All rights reserved.
License Information: a b, cd, LIC=1WSBS-LL09B-WIS5K-ZLY5T-3YTSR-8CVXM
 
Tool Versions:
Toolchain:       MDK-ARM Professional  Version: 5.18
Toolchain Path:  D:\Keil_v5\ARM\ARMCC\Bin
C Compiler:      Armcc.exe V5.06 update 1 (build 61)
Assembler:       Armasm.exe V5.06 update 1 (build 61)
Linker/Locator:  ArmLink.exe V5.06 update 1 (build 61)
Library Manager: ArmAr.exe V5.06 update 1 (build 61)
Hex Converter:   FromElf.exe V5.06 update 1 (build 61)
CPU DLL:         SARMCM3.DLL V5.18
Dialog DLL:      DCM.DLL V1.13.6.0
Target DLL:      Segger\JL2CM3.dll V2.99.18.0
Dialog DLL:      TCM.DLL V1.14.8.0
 
<h2>Project:</h2>
C:\Users\ncer\Desktop\座头鲸程序3\stm32.uvprojx
Project File Date:  07/24/2017

<h2>Output:</h2>
*** Using Compiler 'V5.06 update 1 (build 61)', folder: 'D:\Keil_v5\ARM\ARMCC\Bin'
Build target 'Target 1'
compiling control.c...
user\control.h(11): warning:  #1295-D: Deprecated declaration Brush_Init - give arg types
  void Brush_Init();
user\control.h(12): warning:  #1295-D: Deprecated declaration Pitch_Control - give arg types
  float Pitch_Control();
user\control.h(13): warning:  #1295-D: Deprecated declaration Roll_Control - give arg types
  float Roll_Control();
user\control.h(14): warning:  #1295-D: Deprecated declaration Fly_Control - give arg types
  void Fly_Control();
user\control.h(55): warning:  #1-D: last line of file ends without a newline
  #endif
user\set.h(8): warning:  #1-D: last line of file ends without a newline
  #endif
user\i2c.h(25): warning:  #1-D: last line of file ends without a newline
  #endif
user\mpu9250.h(123): warning:  #1295-D: Deprecated declaration MPU_init - give arg types
  void MPU_init();
user\angle.h(43): warning:  #1295-D: Deprecated declaration Get_Accel_Angle - give arg types
  void Get_Accel_Angle();
user\angle.h(44): warning:  #1295-D: Deprecated declaration Get_Angle_Speed - give arg types
  void Get_Angle_Speed();
user\angle.h(45): warning:  #1295-D: Deprecated declaration Write_Prams - give arg types
  void Write_Prams();
user\angle.h(46): warning:  #1295-D: Deprecated declaration Load_Prams - give arg types
  void Load_Prams();
user\angle.h(47): warning:  #1295-D: Deprecated declaration Get_Mag_Angle - give arg types
  void Get_Mag_Angle();
user\angle.h(49): warning:  #1295-D: Deprecated declaration Get_Angle - give arg types
  void Get_Angle();
user\SR04.h(5): warning:  #1295-D: Deprecated declaration Get_Height - give arg types
  void Get_Height();
user\SR04.h(7): warning:  #1295-D: Deprecated declaration SR04_Init - give arg types
  void SR04_Init();
user\SR04.h(12): warning:  #1-D: last line of file ends without a newline
  #endif
user\control.c(124): warning:  #177-D: variable "height_out_temp" was declared but never referenced
  	float height_out_temp;
user\control.c(125): warning:  #177-D: variable "height_out_sub" was declared but never referenced
  	float height_out_sub;
user\control.c(231): warning:  #9-D: nested comment is not allowed
  /*
user\control.c(261): warning:  #1-D: last line of file ends without a newline
  */
user\control.c: 21 warnings, 0 errors
linking...
Program Size: Code=25296 RO-data=1096 RW-data=516 ZI-data=4212  
FromELF: creating hex file...
".\Objects\stm32.axf" - 0 Error(s), 21 Warning(s).

<h2>Collection of Component include folders:</h2>
  C:\Users\ncer\Desktop\座头鲸程序3\RTE
  D:\Keil_v5\ARM\PACK\Keil\STM32F1xx_DFP\2.0.0\Device\Include

<h2>Collection of Component Files used:</h2>
Build Time Elapsed:  00:00:01
</pre>
</body>
</html>
