<html>
<body>
<pre>
<h1>µVision Build Log</h1>
<h2>Tool Versions:</h2>
IDE-Version: ¦ÌVision V5.18.0.0
Copyright (C) 2016 ARM Ltd and ARM Germany GmbH. All rights reserved.
License Information: a b, cd, LIC=1WSBS-LL09B-WIS5K-ZLY5T-3YTSR-8CVXM
 
Tool Versions:
Toolchain:       MDK-ARM Professional  Version: 5.18
Toolchain Path:  D:\Keil_v5\ARM\ARMCC\Bin
C Compiler:      Armcc.exe V5.06 update 1 (build 61)
Assembler:       Armasm.exe V5.06 update 1 (build 61)
Linker/Locator:  ArmLink.exe V5.06 update 1 (build 61)
Library Manager: ArmAr.exe V5.06 update 1 (build 61)
Hex Converter:   FromElf.exe V5.06 update 1 (build 61)
CPU DLL:         SARMCM3.DLL V5.18
Dialog DLL:      DCM.DLL V1.13.6.0
Target DLL:      Segger\JL2CM3.dll V2.99.18.0
Dialog DLL:      TCM.DLL V1.14.8.0
 
<h2>Project:</h2>
C:\Users\ncer\Desktop\ÂÌÀðÓã\stm32.uvprojx
Project File Date:  07/24/2017

<h2>Output:</h2>
*** Using Compiler 'V5.06 update 1 (build 61)', folder: 'D:\Keil_v5\ARM\ARMCC\Bin'
Build target 'Target 1'
compiling core_cm3.c...
compiling misc.c...
compiling system_stm32f10x.c...
compiling stm32f10x_adc.c...
compiling stm32f10x_bkp.c...
compiling stm32f10x_can.c...
compiling stm32f10x_cec.c...
compiling stm32f10x_crc.c...
compiling stm32f10x_dbgmcu.c...
compiling stm32f10x_dac.c...
compiling stm32f10x_dma.c...
compiling stm32f10x_exti.c...
compiling stm32f10x_flash.c...
compiling stm32f10x_fsmc.c...
compiling stm32f10x_gpio.c...
compiling stm32f10x_i2c.c...
compiling stm32f10x_iwdg.c...
compiling stm32f10x_pwr.c...
compiling stm32f10x_rcc.c...
compiling stm32f10x_rtc.c...
compiling stm32f10x_sdio.c...
compiling stm32f10x_spi.c...
compiling stm32f10x_usart.c...
compiling stm32f10x_wwdg.c...
compiling stm32f10x_tim.c...
assembling startup_stm32f10x_hd.s...
compiling stm32f10x_it.c...
compiling main.c...
user\main.h(5): warning:  #1-D: last line of file ends without a newline
  extern double angle_x;
user\timer.h(5): warning:  #1295-D: Deprecated declaration Tim2_Init - give arg types
  void Tim2_Init();
user\timer.h(7): warning:  #1295-D: Deprecated declaration TIM3_Cap_Init - give arg types
  void TIM3_Cap_Init();
user\timer.h(8): warning:  #1-D: last line of file ends without a newline
  #endif
user\i2c.h(25): warning:  #1-D: last line of file ends without a newline
  #endif
user\mpu9250.h(123): warning:  #1295-D: Deprecated declaration MPU_init - give arg types
  void MPU_init();
user\lt8910.h(35): warning:  #1295-D: Deprecated declaration SPI_GPIOInit - give arg types
  void SPI_GPIOInit();
user\lt8910.h(38): warning:  #1295-D: Deprecated declaration LT8910_Init - give arg types
  void LT8910_Init();
user\lt8910.h(39): warning:  #1295-D: Deprecated declaration RX_model - give arg types
  u8 RX_model();
user\lt8910.h(42): warning:  #1295-D: Deprecated declaration LT8910_Get - give arg types
  void LT8910_Get();
user\lt8910.h(48): warning:  #1-D: last line of file ends without a newline
  #endif
user\set.h(8): warning:  #1-D: last line of file ends without a newline
  #endif
user\angle.h(43): warning:  #1295-D: Deprecated declaration Get_Accel_Angle - give arg types
  void Get_Accel_Angle();
user\angle.h(44): warning:  #1295-D: Deprecated declaration Get_Angle_Speed - give arg types
  void Get_Angle_Speed();
user\angle.h(45): warning:  #1295-D: Deprecated declaration Write_Prams - give arg types
  void Write_Prams();
user\angle.h(46): warning:  #1295-D: Deprecated declaration Load_Prams - give arg types
  void Load_Prams();
user\angle.h(47): warning:  #1295-D: Deprecated declaration Get_Mag_Angle - give arg types
  void Get_Mag_Angle();
user\angle.h(49): warning:  #1295-D: Deprecated declaration Get_Angle - give arg types
  void Get_Angle();
user\control.h(13): warning:  #1295-D: Deprecated declaration Brush_Init - give arg types
  void Brush_Init();
user\control.h(14): warning:  #1295-D: Deprecated declaration Pitch_Control - give arg types
  float Pitch_Control();
user\control.h(15): warning:  #1295-D: Deprecated declaration Roll_Control - give arg types
  float Roll_Control();
user\control.h(16): warning:  #1295-D: Deprecated declaration Fly_Control - give arg types
  void Fly_Control();
user\control.h(57): warning:  #1-D: last line of file ends without a newline
  #endif
user\BLE.h(5): warning:  #1295-D: Deprecated declaration BLE_Init - give arg types
  void BLE_Init();
user\BLE.h(6): warning:  #1295-D: Deprecated declaration BLE_Wake - give arg types
  void BLE_Wake();
user\BLE.h(7): warning:  #1295-D: Deprecated declaration BLE_Send_Start - give arg types
  void BLE_Send_Start();
user\BLE.h(8): warning:  #1295-D: Deprecated declaration BLE_Send_Over - give arg types
  void BLE_Send_Over();
user\BLE.h(9): warning:  #1295-D: Deprecated declaration BLE_CMD_Open - give arg types
  void BLE_CMD_Open();
user\BLE.h(10): warning:  #1295-D: Deprecated declaration BLE_CMD_Close - give arg types
  void BLE_CMD_Close();
user\BLE.h(13): warning:  #1-D: last line of file ends without a newline
  #endif
user\SR04.h(5): warning:  #1295-D: Deprecated declaration Get_Height - give arg types
  void Get_Height();
user\SR04.h(7): warning:  #1295-D: Deprecated declaration SR04_Init - give arg types
  void SR04_Init();
user\SR04.h(12): warning:  #1-D: last line of file ends without a newline
  #endif
user\main.c(19): warning:  #951-D: return type of function "main" must be "int"
  void main(){
user\main.c(66): warning:  #223-D: function "send_wave" declared implicitly
  				send_wave((int)Pitch_Out,(int)Roll_Out,(int)Angle_Speed_X_Out,(int)Angle_Speed_Y_Out);
user\main.c(138): warning:  #223-D: function "SR04_Trig" declared implicitly
  				SR04_Trig();
user\main.c: 36 warnings, 0 errors
compiling i2c.c...
user\i2c.h(25): warning:  #1-D: last line of file ends without a newline
  #endif
user\i2c.c(54): warning:  #177-D: variable "NVIC_InitStructure" was declared but never referenced
  	NVIC_InitTypeDef  NVIC_InitStructure;
user\i2c.c: 2 warnings, 0 errors
compiling mpu9250.c...
user\i2c.h(25): warning:  #1-D: last line of file ends without a newline
  #endif
user\mpu9250.h(123): warning:  #1295-D: Deprecated declaration MPU_init - give arg types
  void MPU_init();
user\mpu9250.c: 2 warnings, 0 errors
compiling USART.c...
user\USART.c(89): warning:  #1-D: last line of file ends without a newline
  }
user\USART.c: 1 warning, 0 errors
compiling angle.c...
user\i2c.h(25): warning:  #1-D: last line of file ends without a newline
  #endif
user\mpu9250.h(123): warning:  #1295-D: Deprecated declaration MPU_init - give arg types
  void MPU_init();
user\angle.h(43): warning:  #1295-D: Deprecated declaration Get_Accel_Angle - give arg types
  void Get_Accel_Angle();
user\angle.h(44): warning:  #1295-D: Deprecated declaration Get_Angle_Speed - give arg types
  void Get_Angle_Speed();
user\angle.h(45): warning:  #1295-D: Deprecated declaration Write_Prams - give arg types
  void Write_Prams();
user\angle.h(46): warning:  #1295-D: Deprecated declaration Load_Prams - give arg types
  void Load_Prams();
user\angle.h(47): warning:  #1295-D: Deprecated declaration Get_Mag_Angle - give arg types
  void Get_Mag_Angle();
user\angle.h(49): warning:  #1295-D: Deprecated declaration Get_Angle - give arg types
  void Get_Angle();
user\angle.c(96): warning:  #550-D: variable "FLASHStatus" was set but never used
  	FLASH_Status FLASHStatus;
user\angle.c: 9 warnings, 0 errors
compiling base.c...
user\base.c(78): warning:  #1-D: last line of file ends without a newline
  }
user\base.c: 1 warning, 0 errors
compiling timer.c...
user\timer.h(5): warning:  #1295-D: Deprecated declaration Tim2_Init - give arg types
  void Tim2_Init();
user\timer.h(7): warning:  #1295-D: Deprecated declaration TIM3_Cap_Init - give arg types
  void TIM3_Cap_Init();
user\timer.h(8): warning:  #1-D: last line of file ends without a newline
  #endif
user\set.h(8): warning:  #1-D: last line of file ends without a newline
  #endif
user\timer.c(8): warning:  #177-D: variable "TIM_OCInitStructure" was declared but never referenced
  	TIM_OCInitTypeDef  TIM_OCInitStructure;
user\timer.c: 5 warnings, 0 errors
compiling BMP280.c...
compiling outputdata.c...
compiling Hspi.c...
user\Hspi.h(7): warning:  #1295-D: Deprecated declaration HSPI_Init - give arg types
  void HSPI_Init();
user\Hspi.h(22): warning:  #1-D: last line of file ends without a newline
  #endif
user\Hspi.c(53): warning:  #1-D: last line of file ends without a newline
  }
user\Hspi.c: 3 warnings, 0 errors
compiling control.c...
user\control.h(13): warning:  #1295-D: Deprecated declaration Brush_Init - give arg types
  void Brush_Init();
user\control.h(14): warning:  #1295-D: Deprecated declaration Pitch_Control - give arg types
  float Pitch_Control();
user\control.h(15): warning:  #1295-D: Deprecated declaration Roll_Control - give arg types
  float Roll_Control();
user\control.h(16): warning:  #1295-D: Deprecated declaration Fly_Control - give arg types
  void Fly_Control();
user\control.h(57): warning:  #1-D: last line of file ends without a newline
  #endif
user\set.h(8): warning:  #1-D: last line of file ends without a newline
  #endif
user\i2c.h(25): warning:  #1-D: last line of file ends without a newline
  #endif
user\mpu9250.h(123): warning:  #1295-D: Deprecated declaration MPU_init - give arg types
  void MPU_init();
user\angle.h(43): warning:  #1295-D: Deprecated declaration Get_Accel_Angle - give arg types
  void Get_Accel_Angle();
user\angle.h(44): warning:  #1295-D: Deprecated declaration Get_Angle_Speed - give arg types
  void Get_Angle_Speed();
user\angle.h(45): warning:  #1295-D: Deprecated declaration Write_Prams - give arg types
  void Write_Prams();
user\angle.h(46): warning:  #1295-D: Deprecated declaration Load_Prams - give arg types
  void Load_Prams();
user\angle.h(47): warning:  #1295-D: Deprecated declaration Get_Mag_Angle - give arg types
  void Get_Mag_Angle();
user\angle.h(49): warning:  #1295-D: Deprecated declaration Get_Angle - give arg types
  void Get_Angle();
user\SR04.h(5): warning:  #1295-D: Deprecated declaration Get_Height - give arg types
  void Get_Height();
user\SR04.h(7): warning:  #1295-D: Deprecated declaration SR04_Init - give arg types
  void SR04_Init();
user\SR04.h(12): warning:  #1-D: last line of file ends without a newline
  #endif
user\control.c(124): warning:  #177-D: variable "height_out_temp" was declared but never referenced
  	float height_out_temp;
user\control.c(125): warning:  #177-D: variable "height_out_sub" was declared but never referenced
  	float height_out_sub;
user\control.c(231): warning:  #9-D: nested comment is not allowed
  /*
user\control.c(261): warning:  #1-D: last line of file ends without a newline
  */
user\control.c: 21 warnings, 0 errors
compiling lt8910.c...
user\lt8910.h(35): warning:  #1295-D: Deprecated declaration SPI_GPIOInit - give arg types
  void SPI_GPIOInit();
user\lt8910.h(38): warning:  #1295-D: Deprecated declaration LT8910_Init - give arg types
  void LT8910_Init();
user\lt8910.h(39): warning:  #1295-D: Deprecated declaration RX_model - give arg types
  u8 RX_model();
user\lt8910.h(42): warning:  #1295-D: Deprecated declaration LT8910_Get - give arg types
  void LT8910_Get();
user\lt8910.h(48): warning:  #1-D: last line of file ends without a newline
  #endif
user\Hspi.h(7): warning:  #1295-D: Deprecated declaration HSPI_Init - give arg types
  void HSPI_Init();
user\Hspi.h(22): warning:  #1-D: last line of file ends without a newline
  #endif
user\lt8910.c(218): warning:  #117-D: non-void function "RX_model" should return a value
  			return ;
user\lt8910.c(199): warning:  #177-D: variable "flag" was declared but never referenced
  		u8 flag=0;
user\lt8910.c(295): warning:  #1-D: last line of file ends without a newline
  }
user\lt8910.c: 10 warnings, 0 errors
compiling set.c...
user\set.h(8): warning:  #1-D: last line of file ends without a newline
  #endif
user\set.c: 1 warning, 0 errors
compiling SR04.c...
user\SR04.h(5): warning:  #1295-D: Deprecated declaration Get_Height - give arg types
  void Get_Height();
user\SR04.h(7): warning:  #1295-D: Deprecated declaration SR04_Init - give arg types
  void SR04_Init();
user\SR04.h(12): warning:  #1-D: last line of file ends without a newline
  #endif
user\SR04.c(42): warning:  #1-D: last line of file ends without a newline
  }
user\SR04.c: 4 warnings, 0 errors
linking...
Program Size: Code=25296 RO-data=1096 RW-data=516 ZI-data=4212  
FromELF: creating hex file...
".\Objects\stm32.axf" - 0 Error(s), 95 Warning(s).

<h2>Collection of Component include folders:</h2>
  C:\Users\ncer\Desktop\ÂÌÀðÓã\RTE
  D:\Keil_v5\ARM\PACK\Keil\STM32F1xx_DFP\2.0.0\Device\Include

<h2>Collection of Component Files used:</h2>
Build Time Elapsed:  00:00:11
</pre>
</body>
</html>
