Component: ARM Compiler 5.06 update 1 (build 61) Tool: armlink [4d35a8]

==============================================================================

Section Cross References

    system_stm32f10x.o(i.SetSysClock) refers to system_stm32f10x.o(i.SetSysClockTo72) for SetSysClockTo72
    system_stm32f10x.o(i.SystemCoreClockUpdate) refers to system_stm32f10x.o(.data) for SystemCoreClock
    system_stm32f10x.o(i.SystemInit) refers to system_stm32f10x.o(i.SetSysClock) for SetSysClock
    stm32f10x_adc.o(i.ADC_DeInit) refers to stm32f10x_rcc.o(i.RCC_APB2PeriphResetCmd) for RCC_APB2PeriphResetCmd
    stm32f10x_bkp.o(i.BKP_DeInit) refers to stm32f10x_rcc.o(i.RCC_BackupResetCmd) for RCC_BackupResetCmd
    stm32f10x_can.o(i.CAN_DeInit) refers to stm32f10x_rcc.o(i.RCC_APB1PeriphResetCmd) for RCC_APB1PeriphResetCmd
    stm32f10x_can.o(i.CAN_GetITStatus) refers to stm32f10x_can.o(i.CheckITStatus) for CheckITStatus
    stm32f10x_cec.o(i.CEC_DeInit) refers to stm32f10x_rcc.o(i.RCC_APB1PeriphResetCmd) for RCC_APB1PeriphResetCmd
    stm32f10x_dac.o(i.DAC_DeInit) refers to stm32f10x_rcc.o(i.RCC_APB1PeriphResetCmd) for RCC_APB1PeriphResetCmd
    stm32f10x_flash.o(i.FLASH_EnableWriteProtection) refers to stm32f10x_flash.o(i.FLASH_WaitForLastOperation) for FLASH_WaitForLastOperation
    stm32f10x_flash.o(i.FLASH_EraseAllBank1Pages) refers to stm32f10x_flash.o(i.FLASH_WaitForLastBank1Operation) for FLASH_WaitForLastBank1Operation
    stm32f10x_flash.o(i.FLASH_EraseAllPages) refers to stm32f10x_flash.o(i.FLASH_WaitForLastOperation) for FLASH_WaitForLastOperation
    stm32f10x_flash.o(i.FLASH_EraseOptionBytes) refers to stm32f10x_flash.o(i.FLASH_GetReadOutProtectionStatus) for FLASH_GetReadOutProtectionStatus
    stm32f10x_flash.o(i.FLASH_EraseOptionBytes) refers to stm32f10x_flash.o(i.FLASH_WaitForLastOperation) for FLASH_WaitForLastOperation
    stm32f10x_flash.o(i.FLASH_ErasePage) refers to stm32f10x_flash.o(i.FLASH_WaitForLastOperation) for FLASH_WaitForLastOperation
    stm32f10x_flash.o(i.FLASH_ProgramHalfWord) refers to stm32f10x_flash.o(i.FLASH_WaitForLastOperation) for FLASH_WaitForLastOperation
    stm32f10x_flash.o(i.FLASH_ProgramOptionByteData) refers to stm32f10x_flash.o(i.FLASH_WaitForLastOperation) for FLASH_WaitForLastOperation
    stm32f10x_flash.o(i.FLASH_ProgramWord) refers to stm32f10x_flash.o(i.FLASH_WaitForLastOperation) for FLASH_WaitForLastOperation
    stm32f10x_flash.o(i.FLASH_ReadOutProtection) refers to stm32f10x_flash.o(i.FLASH_WaitForLastOperation) for FLASH_WaitForLastOperation
    stm32f10x_flash.o(i.FLASH_UserOptionByteConfig) refers to stm32f10x_flash.o(i.FLASH_WaitForLastOperation) for FLASH_WaitForLastOperation
    stm32f10x_flash.o(i.FLASH_WaitForLastBank1Operation) refers to stm32f10x_flash.o(i.FLASH_GetBank1Status) for FLASH_GetBank1Status
    stm32f10x_flash.o(i.FLASH_WaitForLastOperation) refers to stm32f10x_flash.o(i.FLASH_GetBank1Status) for FLASH_GetBank1Status
    stm32f10x_gpio.o(i.GPIO_AFIODeInit) refers to stm32f10x_rcc.o(i.RCC_APB2PeriphResetCmd) for RCC_APB2PeriphResetCmd
    stm32f10x_gpio.o(i.GPIO_DeInit) refers to stm32f10x_rcc.o(i.RCC_APB2PeriphResetCmd) for RCC_APB2PeriphResetCmd
    stm32f10x_i2c.o(i.I2C_DeInit) refers to stm32f10x_rcc.o(i.RCC_APB1PeriphResetCmd) for RCC_APB1PeriphResetCmd
    stm32f10x_i2c.o(i.I2C_Init) refers to stm32f10x_rcc.o(i.RCC_GetClocksFreq) for RCC_GetClocksFreq
    stm32f10x_pwr.o(i.PWR_DeInit) refers to stm32f10x_rcc.o(i.RCC_APB1PeriphResetCmd) for RCC_APB1PeriphResetCmd
    stm32f10x_rcc.o(i.RCC_GetClocksFreq) refers to stm32f10x_rcc.o(.data) for APBAHBPrescTable
    stm32f10x_rcc.o(i.RCC_WaitForHSEStartUp) refers to stm32f10x_rcc.o(i.RCC_GetFlagStatus) for RCC_GetFlagStatus
    stm32f10x_rtc.o(i.RTC_SetAlarm) refers to stm32f10x_rtc.o(i.RTC_EnterConfigMode) for RTC_EnterConfigMode
    stm32f10x_rtc.o(i.RTC_SetAlarm) refers to stm32f10x_rtc.o(i.RTC_ExitConfigMode) for RTC_ExitConfigMode
    stm32f10x_rtc.o(i.RTC_SetCounter) refers to stm32f10x_rtc.o(i.RTC_EnterConfigMode) for RTC_EnterConfigMode
    stm32f10x_rtc.o(i.RTC_SetCounter) refers to stm32f10x_rtc.o(i.RTC_ExitConfigMode) for RTC_ExitConfigMode
    stm32f10x_rtc.o(i.RTC_SetPrescaler) refers to stm32f10x_rtc.o(i.RTC_EnterConfigMode) for RTC_EnterConfigMode
    stm32f10x_rtc.o(i.RTC_SetPrescaler) refers to stm32f10x_rtc.o(i.RTC_ExitConfigMode) for RTC_ExitConfigMode
    stm32f10x_spi.o(i.I2S_Init) refers to stm32f10x_rcc.o(i.RCC_GetClocksFreq) for RCC_GetClocksFreq
    stm32f10x_spi.o(i.SPI_I2S_DeInit) refers to stm32f10x_rcc.o(i.RCC_APB2PeriphResetCmd) for RCC_APB2PeriphResetCmd
    stm32f10x_spi.o(i.SPI_I2S_DeInit) refers to stm32f10x_rcc.o(i.RCC_APB1PeriphResetCmd) for RCC_APB1PeriphResetCmd
    stm32f10x_tim.o(i.TIM_DeInit) refers to stm32f10x_rcc.o(i.RCC_APB2PeriphResetCmd) for RCC_APB2PeriphResetCmd
    stm32f10x_tim.o(i.TIM_DeInit) refers to stm32f10x_rcc.o(i.RCC_APB1PeriphResetCmd) for RCC_APB1PeriphResetCmd
[...]
    i.I2C_SoftwareResetCmd                   0x0800214a   Section        0  stm32f10x_i2c.o(i.I2C_SoftwareResetCmd)
    i.I2C_init                               0x08002160   Section        0  i2c.o(i.I2C_init)
    i.IMU_Update                             0x08002228   Section        0  angle.o(i.IMU_Update)
    i.MPU_init                               0x080028f8   Section        0  mpu9250.o(i.MPU_init)
    i.MemManage_Handler                      0x0800294c   Section        0  stm32f10x_it.o(i.MemManage_Handler)
    i.NMI_Handler                            0x08002950   Section        0  stm32f10x_it.o(i.NMI_Handler)
    i.NVIC_Init                              0x08002954   Section        0  misc.o(i.NVIC_Init)
    i.NVIC_PriorityGroupConfig               0x080029c4   Section        0  misc.o(i.NVIC_PriorityGroupConfig)
    i.OutPut_Data                            0x080029d8   Section        0  outputdata.o(i.OutPut_Data)
    i.PendSV_Handler                         0x08002aa0   Section        0  stm32f10x_it.o(i.PendSV_Handler)
    i.RCC_APB1PeriphClockCmd                 0x08002aa4   Section        0  stm32f10x_rcc.o(i.RCC_APB1PeriphClockCmd)
    i.RCC_APB1PeriphResetCmd                 0x08002ac4   Section        0  stm32f10x_rcc.o(i.RCC_APB1PeriphResetCmd)
    i.RCC_APB2PeriphClockCmd                 0x08002ae4   Section        0  stm32f10x_rcc.o(i.RCC_APB2PeriphClockCmd)
    i.RCC_GetClocksFreq                      0x08002b04   Section        0  stm32f10x_rcc.o(i.RCC_GetClocksFreq)
    i.SVC_Handler                            0x08002bd8   Section        0  stm32f10x_it.o(i.SVC_Handler)
    i.SetSysClock                            0x08002bda   Section        0  system_stm32f10x.o(i.SetSysClock)
    SetSysClock                              0x08002bdb   Thumb Code     8  system_stm32f10x.o(i.SetSysClock)
    i.SetSysClockTo72                        0x08002be4   Section        0  system_stm32f10x.o(i.SetSysClockTo72)
    SetSysClockTo72                          0x08002be5   Thumb Code   214  system_stm32f10x.o(i.SetSysClockTo72)
    i.SysTick_Handler                        0x08002cc4   Section        0  stm32f10x_it.o(i.SysTick_Handler)
    i.SystemInit                             0x08002cc8   Section        0  system_stm32f10x.o(i.SystemInit)
    i.TIM6_IRQHandler                        0x08002d28   Section        0  main.o(i.TIM6_IRQHandler)
    i.TIMER_Init                             0x08002de0   Section        0  timer.o(i.TIMER_Init)
    i.TIM_ClearITPendingBit                  0x08002e70   Section        0  stm32f10x_tim.o(i.TIM_ClearITPendingBit)
    i.TIM_Cmd                                0x08002e76   Section        0  stm32f10x_tim.o(i.TIM_Cmd)
    i.TIM_CtrlPWMOutputs                     0x08002e8e   Section        0  stm32f10x_tim.o(i.TIM_CtrlPWMOutputs)
    i.TIM_GetITStatus                        0x08002eac   Section        0  stm32f10x_tim.o(i.TIM_GetITStatus)
    i.TIM_ITConfig                           0x08002ece   Section        0  stm32f10x_tim.o(i.TIM_ITConfig)
    i.TIM_OC1Init                            0x08002ee0   Section        0  stm32f10x_tim.o(i.TIM_OC1Init)
    i.TIM_OC2Init                            0x08002f78   Section        0  stm32f10x_tim.o(i.TIM_OC2Init)
    i.TIM_OC3Init                            0x0800301c   Section        0  stm32f10x_tim.o(i.TIM_OC3Init)
    i.TIM_OC4Init                            0x080030bc   Section        0  stm32f10x_tim.o(i.TIM_OC4Init)
    i.TIM_TimeBaseInit                       0x08003138   Section        0  stm32f10x_tim.o(i.TIM_TimeBaseInit)
    i.USART1_IRQHandler                      0x080031dc   Section        0  main.o(i.USART1_IRQHandler)
    i.USART_ClearFlag                        0x08003228   Section        0  stm32f10x_usart.o(i.USART_ClearFlag)
    i.USART_ClearITPendingBit                0x0800323a   Section        0  stm32f10x_usart.o(i.USART_ClearITPendingBit)
    i.USART_Cmd                              0x08003258   Section        0  stm32f10x_usart.o(i.USART_Cmd)
    i.USART_GetFlagStatus                    0x08003270   Section        0  stm32f10x_usart.o(i.USART_GetFlagStatus)
    i.USART_GetITStatus                      0x0800328a   Section        0  stm32f10x_usart.o(i.USART_GetITStatus)
    i.USART_ITConfig                         0x080032de   Section        0  stm32f10x_usart.o(i.USART_ITConfig)
    i.USART_Init                             0x08003328   Section        0  stm32f10x_usart.o(i.USART_Init)
    i.USART_ReceiveData                      0x08003400   Section        0  stm32f10x_usart.o(i.USART_ReceiveData)
    i.USART_SendData                         0x0800340a   Section        0  stm32f10x_usart.o(i.USART_SendData)
    i.UsageFault_Handler                     0x08003412   Section        0  stm32f10x_it.o(i.UsageFault_Handler)
    i.Usart_Init                             0x08003418   Section        0  usart.o(i.Usart_Init)
    i.__ARM_fpclassify                       0x08003520   Section        0  fpclassify.o(i.__ARM_fpclassify)
    i.__kernel_poly                          0x08003548   Section        0  poly.o(i.__kernel_poly)
    i.__mathlib_dbl_infnan                   0x080035f2   Section        0  dunder.o(i.__mathlib_dbl_infnan)
    i.__mathlib_dbl_infnan2                  0x080035f8   Section        0  dunder.o(i.__mathlib_dbl_infnan2)
    i.__mathlib_dbl_invalid                  0x080035fc   Section        0  dunder.o(i.__mathlib_dbl_invalid)
    i.__mathlib_dbl_underflow                0x08003608   Section        0  dunder.o(i.__mathlib_dbl_underflow)
    i._is_digit                              0x08003618   Section        0  __printf_wp.o(i._is_digit)
    i.asin                                   0x08003628   Section        0  asin.o(i.asin)
    i.atan                                   0x08003898   Section        0  atan.o(i.atan)
    i.atan2                                  0x08003ab8   Section        0  atan2.o(i.atan2)
    i.delay_init                             0x08003c38   Section        0  base.o(i.delay_init)
    i.delay_us                               0x08003c5c   Section        0  base.o(i.delay_us)
    i.main                                   0x08003c98   Section        0  main.o(i.main)
    i.send_wave                              0x08003d28   Section        0  base.o(i.send_wave)
    i.sqrt                                   0x08003d4c   Section        0  sqrt.o(i.sqrt)
    i.uprintf                                0x08003d98   Section        0  usart.o(i.uprintf)
    locale$$code                             0x08003df4   Section       44  lc_numeric_c.o(locale$$code)
    locale$$code                             0x08003e20   Section       44  lc_ctype_c.o(locale$$code)
    x$fpl$d2f                                0x08003e4c   Section       98  d2f.o(x$fpl$d2f)
    x$fpl$dadd                               0x08003eb0   Section      336  daddsub_clz.o(x$fpl$dadd)
    _dadd1                                   0x08003ec1   Thumb Code     0  daddsub_clz.o(x$fpl$dadd)
    x$fpl$dcheck1                            0x08004000   Section       16  dcheck1.o(x$fpl$dcheck1)
    x$fpl$dcmpinf                            0x08004010   Section       24  dcmpi.o(x$fpl$dcmpinf)
    x$fpl$ddiv                               0x08004028   Section      688  ddiv.o(x$fpl$ddiv)
    ddiv_entry                               0x0800402f   Thumb Code     0  ddiv.o(x$fpl$ddiv)
    x$fpl$dfix                               0x080042d8   Section       94  dfix.o(x$fpl$dfix)
    x$fpl$dleqf                              0x08004338   Section      120  dleqf.o(x$fpl$dleqf)
    x$fpl$dmul                               0x080043b0   Section      340  dmul.o(x$fpl$dmul)
    x$fpl$dnaninf                            0x08004504   Section      156  dnaninf.o(x$fpl$dnaninf)
    x$fpl$dretinf                            0x080045a0   Section       12  dretinf.o(x$fpl$dretinf)
    x$fpl$drsb                               0x080045ac   Section       22  daddsub_clz.o(x$fpl$drsb)
    x$fpl$dsqrt                              0x080045c4   Section      460  dsqrt_noumaal.o(x$fpl$dsqrt)
    x$fpl$dsub                               0x08004790   Section      468  daddsub_clz.o(x$fpl$dsub)
    _dsub1                                   0x080047a1   Thumb Code     0  daddsub_clz.o(x$fpl$dsub)
    x$fpl$f2d                                0x08004964   Section       86  f2d.o(x$fpl$f2d)
    x$fpl$fadd                               0x080049bc   Section      196  faddsub_clz.o(x$fpl$fadd)
    _fadd1                                   0x080049cb   Thumb Code     0  faddsub_clz.o(x$fpl$fadd)
    x$fpl$fdiv                               0x08004a80   Section      388  fdiv.o(x$fpl$fdiv)
    _fdiv1                                   0x08004a81   Thumb Code     0  fdiv.o(x$fpl$fdiv)
    x$fpl$fflt                               0x08004c04   Section       48  fflt_clz.o(x$fpl$fflt)
    x$fpl$fmul                               0x08004c34   Section      258  fmul.o(x$fpl$fmul)
    x$fpl$fnaninf                            0x08004d36   Section      140  fnaninf.o(x$fpl$fnaninf)
    x$fpl$fretinf                            0x08004dc2   Section       10  fretinf.o(x$fpl$fretinf)
    x$fpl$fsub                               0x08004dcc   Section      234  faddsub_clz.o(x$fpl$fsub)
    _fsub1                                   0x08004ddb   Thumb Code     0  faddsub_clz.o(x$fpl$fsub)
    x$fpl$printf1                            0x08004eb6   Section        4  printf1.o(x$fpl$printf1)
    x$fpl$retnan                             0x08004eba   Section      100  retnan.o(x$fpl$retnan)
    x$fpl$scalbn                             0x08004f1e   Section       92  scalbn.o(x$fpl$scalbn)
    x$fpl$trapveneer                         0x08004f7a   Section       48  trapv.o(x$fpl$trapveneer)
    x$fpl$usenofp                            0x08004faa   Section        0  usenofp.o(x$fpl$usenofp)
    .constdata                               0x08004fb0   Section       80  asin.o(.constdata)
    pS                                       0x08004fb0   Data          48  asin.o(.constdata)
    qS                                       0x08004fe0   Data          32  asin.o(.constdata)
    .constdata                               0x08005000   Section        8  _printf_wctomb.o(.constdata)
    initial_mbstate                          0x08005000   Data           8  _printf_wctomb.o(.constdata)
    .constdata                               0x08005008   Section       40  _printf_hex_int_ll_ptr.o(.constdata)
    uc_hextab                                0x08005008   Data          20  _printf_hex_int_ll_ptr.o(.constdata)
    lc_hextab                                0x0800501c   Data          20  _printf_hex_int_ll_ptr.o(.constdata)
    .constdata                               0x08005030   Section       17  __printf_flags_ss_wp.o(.constdata)
    maptable                                 0x08005030   Data          17  __printf_flags_ss_wp.o(.constdata)
    .constdata                               0x08005048   Section      152  atan.o(.constdata)
    atanhi                                   0x08005048   Data          32  atan.o(.constdata)
    atanlo                                   0x08005068   Data          32  atan.o(.constdata)
    aTodd                                    0x08005088   Data          40  atan.o(.constdata)
    aTeven                                   0x080050b0   Data          48  atan.o(.constdata)
    .constdata                               0x080050e0   Section        8  qnan.o(.constdata)
    .constdata                               0x080050e8   Section      148  bigflt0.o(.constdata)
    tenpwrs_x                                0x080050e8   Data          60  bigflt0.o(.constdata)
    tenpwrs_i                                0x08005124   Data          64  bigflt0.o(.constdata)
    locale$$data                             0x0800519c   Section       28  lc_numeric_c.o(locale$$data)
    __lcnum_c_name                           0x080051a0   Data           2  lc_numeric_c.o(locale$$data)
    __lcnum_c_start                          0x080051a8   Data           0  lc_numeric_c.o(locale$$data)
    __lcnum_c_point                          0x080051b4   Data           0  lc_numeric_c.o(locale$$data)
    __lcnum_c_thousands                      0x080051b6   Data           0  lc_numeric_c.o(locale$$data)
    __lcnum_c_grouping                       0x080051b7   Data           0  lc_numeric_c.o(locale$$data)
    locale$$data                             0x080051b8   Section      272  lc_ctype_c.o(locale$$data)
    __lcnum_c_end                            0x080051b8   Data           0  lc_numeric_c.o(locale$$data)
    __lcctype_c_name                         0x080051bc   Data           2  lc_ctype_c.o(locale$$data)
    __lcctype_c_start                        0x080051c4   Data           0  lc_ctype_c.o(locale$$data)
    __lcctype_c_end                          0x080052c8   Data           0  lc_ctype_c.o(locale$$data)
    .data                                    0x20000000   Section       20  stm32f10x_rcc.o(.data)
    APBAHBPrescTable                         0x20000000   Data          16  stm32f10x_rcc.o(.data)
    ADCPrescTable                            0x20000010   Data           4  stm32f10x_rcc.o(.data)
    .data                                    0x20000014   Section       12  main.o(.data)
    .data                                    0x20000020   Section      144  angle.o(.data)
    .data                                    0x200000b0   Section        4  base.o(.data)
    .bss                                     0x200000b4   Section       16  outputdata.o(.bss)
    .bss                                     0x200000c4   Section       96  libspace.o(.bss)
    HEAP                                     0x20000128   Section     2048  startup_stm32f10x_hd.o(HEAP)
    Heap_Mem                                 0x20000128   Data        2048  startup_stm32f10x_hd.o(HEAP)
    STACK                                    0x20000928   Section     2048  startup_stm32f10x_hd.o(STACK)
    Stack_Mem                                0x20000928   Data        2048  startup_stm32f10x_hd.o(STACK)
    __initial_sp                             0x20001128   Data           0  startup_stm32f10x_hd.o(STACK)

    Global Symbols

    Symbol Name                              Value     Ov Type        Size  Object(Section)

    BuildAttributes$$THM_ISAv4$P$D$K$B$S$PE$A:L22UL41UL21$X:L11$S22US41US21$IEEE1$IW$USESV6$~STKCKD$USESV7$~SHL$OTIME$ROPI$IEEEX$EBA8$UX$STANDARDLIB$REQ8$PRES8$EABIv2 0x00000000   Number         0  anon$$obj.o ABSOLUTE
    __ARM_use_no_argv                        0x00000000   Number         0  main.o ABSOLUTE
    _printf_flags                            0x00000000   Number         0  printf_stubs.o ABSOLUTE
    _printf_return_value                     0x00000000   Number         0  printf_stubs.o ABSOLUTE
    _printf_sizespec                         0x00000000   Number         0  printf_stubs.o ABSOLUTE
    _printf_widthprec                        0x00000000   Number         0  printf_stubs.o ABSOLUTE
    __ARM_exceptions_init                     - Undefined Weak Reference
    __alloca_initialize                       - Undefined Weak Reference
    __arm_preinit_                            - Undefined Weak Reference
    __cpp_initialize__aeabi_                  - Undefined Weak Reference
    __cxa_finalize                            - Undefined Weak Reference
    __sigvec_lookup                           - Undefined Weak Reference
    _atexit_init                              - Undefined Weak Reference
    _call_atexit_fns                          - Undefined Weak Reference
    _clock_init                               - Undefined Weak Reference
    _fp_trap_init                             - Undefined Weak Reference
    _fp_trap_shutdown                         - Undefined Weak Reference
    _get_lc_collate                           - Undefined Weak Reference
    _get_lc_monetary                          - Undefined Weak Reference
    _get_lc_time                              - Undefined Weak Reference
    _getenv_init                              - Undefined Weak Reference
    _handle_redirection                       - Undefined Weak Reference
    _init_alloc                               - Undefined Weak Reference
    _init_user_alloc                          - Undefined Weak Reference
    _initio                                   - Undefined Weak Reference
    _printf_fp_hex                            - Undefined Weak Reference
    _printf_mbtowc                            - Undefined Weak Reference
    _printf_wc                                - Undefined Weak Reference
    _rand_init                                - Undefined Weak Reference
    _signal_finish                            - Undefined Weak Reference
    _signal_init                              - Undefined Weak Reference
    _terminate_alloc                          - Undefined Weak Reference
    _terminate_user_alloc                     - Undefined Weak Reference
    _terminateio                              - Undefined Weak Reference
    __Vectors_Size                           0x00000130   Number         0  startup_stm32f10x_hd.o ABSOLUTE
    __Vectors                                0x08000000   Data           4  startup_stm32f10x_hd.o(RESET)
    __Vectors_End                            0x08000130   Data           0  startup_stm32f10x_hd.o(RESET)
    __main                                   0x08000131   Thumb Code     8  __main.o(!!!main)
    __scatterload                            0x08000139   Thumb Code     0  __scatter.o(!!!scatter)
    __scatterload_rt2                        0x08000139   Thumb Code    44  __scatter.o(!!!scatter)
    __scatterload_rt2_thumb_only             0x08000139   Thumb Code     0  __scatter.o(!!!scatter)
    __scatterload_null                       0x08000147   Thumb Code     0  __scatter.o(!!!scatter)
    __scatterload_copy                       0x0800016d   Thumb Code    26  __scatter_copy.o(!!handler_copy)
    __scatterload_zeroinit                   0x08000189   Thumb Code    28  __scatter_zi.o(!!handler_zi)
    _printf_n                                0x080001a5   Thumb Code     0  _printf_n.o(.ARM.Collect$$_printf_percent$$00000001)
    _printf_percent                          0x080001a5   Thumb Code     0  _printf_percent.o(.ARM.Collect$$_printf_percent$$00000000)
    _printf_p                                0x080001ab   Thumb Code     0  _printf_p.o(.ARM.Collect$$_printf_percent$$00000002)
    _printf_f                                0x080001b1   Thumb Code     0  _printf_f.o(.ARM.Collect$$_printf_percent$$00000003)
    _printf_e                                0x080001b7   Thumb Code     0  _printf_e.o(.ARM.Collect$$_printf_percent$$00000004)
    _printf_g                                0x080001bd   Thumb Code     0  _printf_g.o(.ARM.Collect$$_printf_percent$$00000005)
    _printf_a                                0x080001c3   Thumb Code     0  _printf_a.o(.ARM.Collect$$_printf_percent$$00000006)
    _printf_ll                               0x080001c9   Thumb Code     0  _printf_ll.o(.ARM.Collect$$_printf_percent$$00000007)
    _printf_i                                0x080001d3   Thumb Code     0  _printf_i.o(.ARM.Collect$$_printf_percent$$00000008)
    _printf_d                                0x080001d9   Thumb Code     0  _printf_d.o(.ARM.Collect$$_printf_percent$$00000009)
    _printf_u                                0x080001df   Thumb Code     0  _printf_u.o(.ARM.Collect$$_printf_percent$$0000000A)
    _printf_o                                0x080001e5   Thumb Code     0  _printf_o.o(.ARM.Collect$$_printf_percent$$0000000B)
    _printf_x                                0x080001eb   Thumb Code     0  _printf_x.o(.ARM.Collect$$_printf_percent$$0000000C)
    _printf_lli                              0x080001f1   Thumb Code     0  _printf_lli.o(.ARM.Collect$$_printf_percent$$0000000D)
    _printf_lld                              0x080001f7   Thumb Code     0  _printf_lld.o(.ARM.Collect$$_printf_percent$$0000000E)
    _printf_llu                              0x080001fd   Thumb Code     0  _printf_llu.o(.ARM.Collect$$_printf_percent$$0000000F)
    _printf_llo                              0x08000203   Thumb Code     0  _printf_llo.o(.ARM.Collect$$_printf_percent$$00000010)
    _printf_llx                              0x08000209   Thumb Code     0  _printf_llx.o(.ARM.Collect$$_printf_percent$$00000011)
    _printf_l                                0x0800020f   Thumb Code     0  _printf_l.o(.ARM.Collect$$_printf_percent$$00000012)
    _printf_c                                0x08000219   Thumb Code     0  _printf_c.o(.ARM.Collect$$_printf_percent$$00000013)
    _printf_s                                0x0800021f   Thumb Code     0  _printf_s.o(.ARM.Collect$$_printf_percent$$00000014)
    _printf_lc                               0x08000225   Thumb Code     0  _printf_lc.o(.ARM.Collect$$_printf_percent$$00000015)
    _printf_ls                               0x0800022b   Thumb Code     0  _printf_ls.o(.ARM.Collect$$_printf_percent$$00000016)
    _printf_percent_end                      0x08000231   Thumb Code     0  _printf_percent_end.o(.ARM.Collect$$_printf_percent$$00000017)
    __rt_lib_init                            0x08000235   Thumb Code     0  libinit.o(.ARM.Collect$$libinit$$00000000)
    __rt_lib_init_fp_1                       0x08000237   Thumb Code     0  libinit2.o(.ARM.Collect$$libinit$$00000002)
    __rt_lib_init_heap_1                     0x08000237   Thumb Code     0  libinit2.o(.ARM.Collect$$libinit$$0000000A)
    __rt_lib_init_lc_common                  0x08000237   Thumb Code     0  libinit2.o(.ARM.Collect$$libinit$$0000000F)
    __rt_lib_init_preinit_1                  0x08000237   Thumb Code     0  libinit2.o(.ARM.Collect$$libinit$$00000004)
    __rt_lib_init_rand_1                     0x08000237   Thumb Code     0  libinit2.o(.ARM.Collect$$libinit$$0000000E)
    __rt_lib_init_user_alloc_1               0x08000237   Thumb Code     0  libinit2.o(.ARM.Collect$$libinit$$0000000C)
    __rt_lib_init_lc_collate_1               0x0800023d   Thumb Code     0  libinit2.o(.ARM.Collect$$libinit$$00000011)
    __rt_lib_init_lc_ctype_2                 0x0800023d   Thumb Code     0  libinit2.o(.ARM.Collect$$libinit$$00000012)
    __rt_lib_init_lc_ctype_1                 0x08000249   Thumb Code     0  libinit2.o(.ARM.Collect$$libinit$$00000013)
    __rt_lib_init_lc_monetary_1              0x08000249   Thumb Code     0  libinit2.o(.ARM.Collect$$libinit$$00000015)
    __rt_lib_init_lc_numeric_2               0x08000249   Thumb Code     0  libinit2.o(.ARM.Collect$$libinit$$00000016)
    __rt_lib_init_alloca_1                   0x08000253   Thumb Code     0  libinit2.o(.ARM.Collect$$libinit$$0000002E)
    __rt_lib_init_argv_1                     0x08000253   Thumb Code     0  libinit2.o(.ARM.Collect$$libinit$$0000002C)
    __rt_lib_init_atexit_1                   0x08000253   Thumb Code     0  libinit2.o(.ARM.Collect$$libinit$$0000001B)
    __rt_lib_init_clock_1                    0x08000253   Thumb Code     0  libinit2.o(.ARM.Collect$$libinit$$00000021)
    __rt_lib_init_cpp_1                      0x08000253   Thumb Code     0  libinit2.o(.ARM.Collect$$libinit$$00000032)
    __rt_lib_init_exceptions_1               0x08000253   Thumb Code     0  libinit2.o(.ARM.Collect$$libinit$$00000030)
    __rt_lib_init_fp_trap_1                  0x08000253   Thumb Code     0  libinit2.o(.ARM.Collect$$libinit$$0000001F)
    __rt_lib_init_getenv_1                   0x08000253   Thumb Code     0  libinit2.o(.ARM.Collect$$libinit$$00000023)
    __rt_lib_init_lc_numeric_1               0x08000253   Thumb Code     0  libinit2.o(.ARM.Collect$$libinit$$00000017)
    __rt_lib_init_lc_time_1                  0x08000253   Thumb Code     0  libinit2.o(.ARM.Collect$$libinit$$00000019)
    __rt_lib_init_return                     0x08000253   Thumb Code     0  libinit2.o(.ARM.Collect$$libinit$$00000033)
    __rt_lib_init_signal_1                   0x08000253   Thumb Code     0  libinit2.o(.ARM.Collect$$libinit$$0000001D)
    __rt_lib_init_stdio_1                    0x08000253   Thumb Code     0  libinit2.o(.ARM.Collect$$libinit$$00000025)
    __rt_lib_shutdown                        0x08000255   Thumb Code     0  libshutdown.o(.ARM.Collect$$libshutdown$$00000000)
    __rt_lib_shutdown_cpp_1                  0x08000257   Thumb Code     0  libshutdown2.o(.ARM.Collect$$libshutdown$$00000002)
    __rt_lib_shutdown_fp_trap_1              0x08000257   Thumb Code     0  libshutdown2.o(.ARM.Collect$$libshutdown$$00000007)
    __rt_lib_shutdown_heap_1                 0x08000257   Thumb Code     0  libshutdown2.o(.ARM.Collect$$libshutdown$$0000000F)
    __rt_lib_shutdown_return                 0x08000257   Thumb Code     0  libshutdown2.o(.ARM.Collect$$libshutdown$$00000010)
    __rt_lib_shutdown_signal_1               0x08000257   Thumb Code     0  libshutdown2.o(.ARM.Collect$$libshutdown$$0000000A)
    __rt_lib_shutdown_stdio_1                0x08000257   Thumb Code     0  libshutdown2.o(.ARM.Collect$$libshutdown$$00000004)
    __rt_lib_shutdown_user_alloc_1           0x08000257   Thumb Code     0  libshutdown2.o(.ARM.Collect$$libshutdown$$0000000C)
    __rt_entry                               0x08000259   Thumb Code     0  __rtentry.o(.ARM.Collect$$rtentry$$00000000)
    __rt_entry_presh_1                       0x08000259   Thumb Code     0  __rtentry2.o(.ARM.Collect$$rtentry$$00000002)
    __rt_entry_sh                            0x08000259   Thumb Code     0  __rtentry4.o(.ARM.Collect$$rtentry$$00000004)
    __rt_entry_li                            0x0800025f   Thumb Code     0  __rtentry2.o(.ARM.Collect$$rtentry$$0000000A)
    __rt_entry_postsh_1                      0x0800025f   Thumb Code     0  __rtentry2.o(.ARM.Collect$$rtentry$$00000009)
    __rt_entry_main                          0x08000263   Thumb Code     0  __rtentry2.o(.ARM.Collect$$rtentry$$0000000D)
    __rt_entry_postli_1                      0x08000263   Thumb Code     0  __rtentry2.o(.ARM.Collect$$rtentry$$0000000C)
    __rt_exit                                0x0800026b   Thumb Code     0  rtexit.o(.ARM.Collect$$rtexit$$00000000)
    __rt_exit_ls                             0x0800026d   Thumb Code     0  rtexit2.o(.ARM.Collect$$rtexit$$00000003)
    __rt_exit_prels_1                        0x0800026d   Thumb Code     0  rtexit2.o(.ARM.Collect$$rtexit$$00000002)
    __rt_exit_exit                           0x08000271   Thumb Code     0  rtexit2.o(.ARM.Collect$$rtexit$$00000004)
    Reset_Handler                            0x08000279   Thumb Code     8  startup_stm32f10x_hd.o(.text)
    ADC1_2_IRQHandler                        0x08000293   Thumb Code     0  startup_stm32f10x_hd.o(.text)
    ADC3_IRQHandler                          0x08000293   Thumb Code     0  startup_stm32f10x_hd.o(.text)
    CAN1_RX1_IRQHandler                      0x08000293   Thumb Code     0  startup_stm32f10x_hd.o(.text)
    CAN1_SCE_IRQHandler                      0x08000293   Thumb Code     0  startup_stm32f10x_hd.o(.text)
    DMA1_Channel1_IRQHandler                 0x08000293   Thumb Code     0  startup_stm32f10x_hd.o(.text)
    DMA1_Channel2_IRQHandler                 0x08000293   Thumb Code     0  startup_stm32f10x_hd.o(.text)
    DMA1_Channel3_IRQHandler                 0x08000293   Thumb Code     0  startup_stm32f10x_hd.o(.text)
    DMA1_Channel4_IRQHandler                 0x08000293   Thumb Code     0  startup_stm32f10x_hd.o(.text)
    DMA1_Channel5_IRQHandler                 0x08000293   Thumb Code     0  startup_stm32f10x_hd.o(.text)
    DMA1_Channel6_IRQHandler                 0x08000293   Thumb Code     0  startup_stm32f10x_hd.o(.text)
    DMA1_Channel7_IRQHandler                 0x08000293   Thumb Code     0  startup_stm32f10x_hd.o(.text)
    DMA2_Channel1_IRQHandler                 0x08000293   Thumb Code     0  startup_stm32f10x_hd.o(.text)
    DMA2_Channel2_IRQHandler                 0x08000293   Thumb Code     0  startup_stm32f10x_hd.o(.text)
    DMA2_Channel3_IRQHandler                 0x08000293   Thumb Code     0  startup_stm32f10x_hd.o(.text)
    DMA2_Channel4_5_IRQHandler               0x08000293   Thumb Code     0  startup_stm32f10x_hd.o(.text)
    EXTI0_IRQHandler                         0x08000293   Thumb Code     0  startup_stm32f10x_hd.o(.text)
    EXTI15_10_IRQHandler                     0x08000293   Thumb Code     0  startup_stm32f10x_hd.o(.text)
    EXTI1_IRQHandler                         0x08000293   Thumb Code     0  startup_stm32f10x_hd.o(.text)
    EXTI2_IRQHandler                         0x08000293   Thumb Code     0  startup_stm32f10x_hd.o(.text)
    EXTI3_IRQHandler                         0x08000293   Thumb Code     0  startup_stm32f10x_hd.o(.text)
    EXTI4_IRQHandler                         0x08000293   Thumb Code     0  startup_stm32f10x_hd.o(.text)
    EXTI9_5_IRQHandler                       0x08000293   Thumb Code     0  startup_stm32f10x_hd.o(.text)
    FLASH_IRQHandler                         0x08000293   Thumb Code     0  startup_stm32f10x_hd.o(.text)
    FSMC_IRQHandler                          0x08000293   Thumb Code     0  startup_stm32f10x_hd.o(.text)
    I2C1_ER_IRQHandler                       0x08000293   Thumb Code     0  startup_stm32f10x_hd.o(.text)
    I2C1_EV_IRQHandler                       0x08000293   Thumb Code     0  startup_stm32f10x_hd.o(.text)
    I2C2_ER_IRQHandler                       0x08000293   Thumb Code     0  startup_stm32f10x_hd.o(.text)
    I2C2_EV_IRQHandler                       0x08000293   Thumb Code     0  startup_stm32f10x_hd.o(.text)
    PVD_IRQHandler                           0x08000293   Thumb Code     0  startup_stm32f10x_hd.o(.text)
    RCC_IRQHandler                           0x08000293   Thumb Code     0  startup_stm32f10x_hd.o(.text)
    RTCAlarm_IRQHandler                      0x08000293   Thumb Code     0  startup_stm32f10x_hd.o(.text)
    RTC_IRQHandler                           0x08000293   Thumb Code     0  startup_stm32f10x_hd.o(.text)
    SDIO_IRQHandler                          0x08000293   Thumb Code     0  startup_stm32f10x_hd.o(.text)
    SPI1_IRQHandler                          0x08000293   Thumb Code     0  startup_stm32f10x_hd.o(.text)
    SPI2_IRQHandler                          0x08000293   Thumb Code     0  startup_stm32f10x_hd.o(.text)
    SPI3_IRQHandler                          0x08000293   Thumb Code     0  startup_stm32f10x_hd.o(.text)
    TAMPER_IRQHandler                        0x08000293   Thumb Code     0  startup_stm32f10x_hd.o(.text)
    TIM1_BRK_IRQHandler                      0x08000293   Thumb Code     0  startup_stm32f10x_hd.o(.text)
    TIM1_CC_IRQHandler                       0x08000293   Thumb Code     0  startup_stm32f10x_hd.o(.text)
    TIM1_TRG_COM_IRQHandler                  0x08000293   Thumb Code     0  startup_stm32f10x_hd.o(.text)
    TIM1_UP_IRQHandler                       0x08000293   Thumb Code     0  startup_stm32f10x_hd.o(.text)
    TIM2_IRQHandler                          0x08000293   Thumb Code     0  startup_stm32f10x_hd.o(.text)
    TIM3_IRQHandler                          0x08000293   Thumb Code     0  startup_stm32f10x_hd.o(.text)
    TIM4_IRQHandler                          0x08000293   Thumb Code     0  startup_stm32f10x_hd.o(.text)
    TIM5_IRQHandler                          0x08000293   Thumb Code     0  startup_stm32f10x_hd.o(.text)
    TIM7_IRQHandler                          0x08000293   Thumb Code     0  startup_stm32f10x_hd.o(.text)
    TIM8_BRK_IRQHandler                      0x08000293   Thumb Code     0  startup_stm32f10x_hd.o(.text)
    TIM8_CC_IRQHandler                       0x08000293   Thumb Code     0  startup_stm32f10x_hd.o(.text)
    TIM8_TRG_COM_IRQHandler                  0x08000293   Thumb Code     0  startup_stm32f10x_hd.o(.text)
    TIM8_UP_IRQHandler                       0x08000293   Thumb Code     0  startup_stm32f10x_hd.o(.text)
    UART4_IRQHandler                         0x08000293   Thumb Code     0  startup_stm32f10x_hd.o(.text)
    UART5_IRQHandler                         0x08000293   Thumb Code     0  startup_stm32f10x_hd.o(.text)
    USART2_IRQHandler                        0x08000293   Thumb Code     0  startup_stm32f10x_hd.o(.text)
    USART3_IRQHandler                        0x08000293   Thumb Code     0  startup_stm32f10x_hd.o(.text)
    USBWakeUp_IRQHandler                     0x08000293   Thumb Code     0  startup_stm32f10x_hd.o(.text)
    USB_HP_CAN1_TX_IRQHandler                0x08000293   Thumb Code     0  startup_stm32f10x_hd.o(.text)
    USB_LP_CAN1_RX0_IRQHandler               0x08000293   Thumb Code     0  startup_stm32f10x_hd.o(.text)
    WWDG_IRQHandler                          0x08000293   Thumb Code     0  startup_stm32f10x_hd.o(.text)
    __user_initial_stackheap                 0x08000295   Thumb Code     0  startup_stm32f10x_hd.o(.text)
    __c89vsnprintf                           0x080002b9   Thumb Code    48  c89vsnprintf.o(.text)
    __use_two_region_memory                  0x080002ed   Thumb Code     2  heapauxi.o(.text)
    __rt_heap_escrow$2region                 0x080002ef   Thumb Code     2  heapauxi.o(.text)
    __rt_heap_expand$2region                 0x080002f1   Thumb Code     2  heapauxi.o(.text)
    __read_errno                             0x080002f3   Thumb Code    10  _rserrno.o(.text)
    __set_errno                              0x080002fd   Thumb Code    12  _rserrno.o(.text)
    _printf_pre_padding                      0x08000309   Thumb Code    44  _printf_pad.o(.text)
    _printf_post_padding                     0x08000335   Thumb Code    34  _printf_pad.o(.text)
    _printf_truncate_signed                  0x08000357   Thumb Code    18  _printf_truncate.o(.text)
    _printf_truncate_unsigned                0x08000369   Thumb Code    18  _printf_truncate.o(.text)
    _printf_str                              0x0800037b   Thumb Code    82  _printf_str.o(.text)
    _printf_int_dec                          0x080003cd   Thumb Code   104  _printf_dec.o(.text)
    _printf_charcount                        0x08000445   Thumb Code    40  _printf_charcount.o(.text)
    _printf_char_common                      0x08000477   Thumb Code    32  _printf_char_common.o(.text)
    _sputc                                   0x0800049d   Thumb Code    10  _sputc.o(.text)
    _snputc                                  0x080004a7   Thumb Code    16  _snputc.o(.text)
    _printf_wctomb                           0x080004b9   Thumb Code   182  _printf_wctomb.o(.text)
    _printf_longlong_dec                     0x08000575   Thumb Code   108  _printf_longlong_dec.o(.text)
    _printf_longlong_oct                     0x080005f1   Thumb Code    68  _printf_oct_int_ll.o(.text)
    _printf_int_oct                          0x08000635   Thumb Code    24  _printf_oct_int_ll.o(.text)
    _printf_ll_oct                           0x0800064d   Thumb Code    12  _printf_oct_int_ll.o(.text)
    _printf_longlong_hex                     0x08000661   Thumb Code    86  _printf_hex_int_ll_ptr.o(.text)
    _printf_int_hex                          0x080006b7   Thumb Code    28  _printf_hex_int_ll_ptr.o(.text)
    _printf_ll_hex                           0x080006d3   Thumb Code    12  _printf_hex_int_ll_ptr.o(.text)
    _printf_hex_ptr                          0x080006df   Thumb Code    18  _printf_hex_int_ll_ptr.o(.text)
    __printf                                 0x080006f5   Thumb Code   388  __printf_flags_ss_wp.o(.text)
    __aeabi_errno_addr                       0x0800087d   Thumb Code     8  rt_errno_addr_intlibspace.o(.text)
    __errno$intlibspace                      0x0800087d   Thumb Code     0  rt_errno_addr_intlibspace.o(.text)
    __rt_errno_addr$intlibspace              0x0800087d   Thumb Code     0  rt_errno_addr_intlibspace.o(.text)
    _ll_udiv10                               0x08000885   Thumb Code   138  lludiv10.o(.text)
    _printf_int_common                       0x0800090f   Thumb Code   178  _printf_intcommon.o(.text)
    __lib_sel_fp_printf                      0x080009c1   Thumb Code     2  _printf_fp_dec.o(.text)
    _printf_fp_dec_real                      0x08000b6f   Thumb Code   620  _printf_fp_dec.o(.text)
    _printf_cs_common                        0x08000ddb   Thumb Code    20  _printf_char.o(.text)
    _printf_char                             0x08000def   Thumb Code    16  _printf_char.o(.text)
    _printf_string                           0x08000dff   Thumb Code     8  _printf_char.o(.text)
    _printf_lcs_common                       0x08000e07   Thumb Code    20  _printf_wchar.o(.text)
    _printf_wchar                            0x08000e1b   Thumb Code    16  _printf_wchar.o(.text)
    _printf_wstring                          0x08000e2b   Thumb Code     8  _printf_wchar.o(.text)
    _wcrtomb                                 0x08000e33   Thumb Code    64  _wcrtomb.o(.text)
    __user_libspace                          0x08000e75   Thumb Code     8  libspace.o(.text)
    __user_perproc_libspace                  0x08000e75   Thumb Code     0  libspace.o(.text)
    __user_perthread_libspace                0x08000e75   Thumb Code     0  libspace.o(.text)
    __user_setup_stackheap                   0x08000e7d   Thumb Code    74  sys_stackheap_outer.o(.text)
    __rt_ctype_table                         0x08000ec9   Thumb Code    16  rt_ctype_table.o(.text)
    __rt_locale                              0x08000ed9   Thumb Code     8  rt_locale_intlibspace.o(.text)
    _printf_fp_infnan                        0x08000ee1   Thumb Code   112  _printf_fp_infnan.o(.text)
    _btod_etento                             0x08000f61   Thumb Code   216  bigflt0.o(.text)
    exit                                     0x0800103d   Thumb Code    18  exit.o(.text)
    strcmp                                   0x08001051   Thumb Code   128  strcmpv7m.o(.text)
    _sys_exit                                0x080010d1   Thumb Code     8  sys_exit.o(.text)
    __I$use$semihosting                      0x080010dd   Thumb Code     0  use_no_semi.o(.text)
    __use_no_semihosting_swi                 0x080010dd   Thumb Code     2  use_no_semi.o(.text)
    __semihosting_library_function           0x080010df   Thumb Code     0  indicate_semi.o(.text)
    _btod_d2e                                0x080010df   Thumb Code    62  btod.o(CL$$btod_d2e)
    _d2e_denorm_low                          0x0800111d   Thumb Code    70  btod.o(CL$$btod_d2e_denorm_low)
    _d2e_norm_op1                            0x08001163   Thumb Code    96  btod.o(CL$$btod_d2e_norm_op1)
    __btod_div_common                        0x080011c3   Thumb Code   696  btod.o(CL$$btod_div_common)
    _e2e                                     0x080014fb   Thumb Code   198  btod.o(CL$$btod_e2e)
    _btod_ediv                               0x080015c1   Thumb Code    40  btod.o(CL$$btod_ediv)
    _btod_emul                               0x080015e9   Thumb Code    40  btod.o(CL$$btod_emul)
    __btod_mult_common                       0x08001611   Thumb Code   580  btod.o(CL$$btod_mult_common)
    Brush_Init                               0x08001855   Thumb Code   212  control.o(i.Brush_Init)
    BusFault_Handler                         0x08001931   Thumb Code     4  stm32f10x_it.o(i.BusFault_Handler)
    CRC_CHECK                                0x08001935   Thumb Code    58  outputdata.o(i.CRC_CHECK)
    DebugMon_Handler                         0x0800196f   Thumb Code     2  stm32f10x_it.o(i.DebugMon_Handler)
    GPIO_Init                                0x08001971   Thumb Code   278  stm32f10x_gpio.o(i.GPIO_Init)
    GPIO_ResetBits                           0x08001a87   Thumb Code     4  stm32f10x_gpio.o(i.GPIO_ResetBits)
    GPIO_SetBits                             0x08001a8b   Thumb Code     4  stm32f10x_gpio.o(i.GPIO_SetBits)
    Get_Accel_Angle                          0x08001a91   Thumb Code   224  angle.o(i.Get_Accel_Angle)
    Get_Angle_Speed                          0x08001b99   Thumb Code   218  angle.o(i.Get_Angle_Speed)
    HardFault_Handler                        0x08001ca1   Thumb Code     4  stm32f10x_it.o(i.HardFault_Handler)
    I2C_AcknowledgeConfig                    0x08001ca5   Thumb Code    24  stm32f10x_i2c.o(i.I2C_AcknowledgeConfig)
    I2C_BufferRead                           0x08001cbd   Thumb Code   220  i2c.o(i.I2C_BufferRead)
    I2C_ByteWrite                            0x08001da1   Thumb Code   118  i2c.o(i.I2C_ByteWrite)
    I2C_CheckEvent                           0x08001e21   Thumb Code    42  stm32f10x_i2c.o(i.I2C_CheckEvent)
    I2C_Cmd                                  0x08001e4b   Thumb Code    24  stm32f10x_i2c.o(i.I2C_Cmd)
    I2C_DeInit                               0x08001e65   Thumb Code    50  stm32f10x_i2c.o(i.I2C_DeInit)
    I2C_DoubleRead                           0x08001e9d   Thumb Code    66  i2c.o(i.I2C_DoubleRead)
    I2C_ForceEnd                             0x08001ee1   Thumb Code   108  i2c.o(i.I2C_ForceEnd)
    I2C_GenerateSTART                        0x08001f55   Thumb Code    24  stm32f10x_i2c.o(i.I2C_GenerateSTART)
    I2C_GenerateSTOP                         0x08001f6d   Thumb Code    24  stm32f10x_i2c.o(i.I2C_GenerateSTOP)
    I2C_GetFlagStatus                        0x08001f85   Thumb Code    58  stm32f10x_i2c.o(i.I2C_GetFlagStatus)
    I2C_ITConfig                             0x08001fbf   Thumb Code    18  stm32f10x_i2c.o(i.I2C_ITConfig)
    I2C_Init                                 0x08001fd1   Thumb Code   222  stm32f10x_i2c.o(i.I2C_Init)
    I2C_Pin2AFOD                             0x080020bd   Thumb Code    48  i2c.o(i.I2C_Pin2AFOD)
    I2C_Pin2OD                               0x080020f5   Thumb Code    48  i2c.o(i.I2C_Pin2OD)
    I2C_ReceiveData                          0x0800212d   Thumb Code     8  stm32f10x_i2c.o(i.I2C_ReceiveData)
    I2C_Send7bitAddress                      0x08002135   Thumb Code    18  stm32f10x_i2c.o(i.I2C_Send7bitAddress)
    I2C_SendData                             0x08002147   Thumb Code     4  stm32f10x_i2c.o(i.I2C_SendData)
    I2C_SoftwareResetCmd                     0x0800214b   Thumb Code    22  stm32f10x_i2c.o(i.I2C_SoftwareResetCmd)
    I2C_init                                 0x08002161   Thumb Code   186  i2c.o(i.I2C_init)
    IMU_Update                               0x08002229   Thumb Code  1696  angle.o(i.IMU_Update)
    MPU_init                                 0x080028f9   Thumb Code    76  mpu9250.o(i.MPU_init)
    MemManage_Handler                        0x0800294d   Thumb Code     4  stm32f10x_it.o(i.MemManage_Handler)
    NMI_Handler                              0x08002951   Thumb Code     2  stm32f10x_it.o(i.NMI_Handler)
    NVIC_Init                                0x08002955   Thumb Code   100  misc.o(i.NVIC_Init)
    NVIC_PriorityGroupConfig                 0x080029c5   Thumb Code    10  misc.o(i.NVIC_PriorityGroupConfig)
    OutPut_Data                              0x080029d9   Thumb Code   190  outputdata.o(i.OutPut_Data)
    PendSV_Handler                           0x08002aa1   Thumb Code     2  stm32f10x_it.o(i.PendSV_Handler)
    RCC_APB1PeriphClockCmd                   0x08002aa5   Thumb Code    26  stm32f10x_rcc.o(i.RCC_APB1PeriphClockCmd)
    RCC_APB1PeriphResetCmd                   0x08002ac5   Thumb Code    26  stm32f10x_rcc.o(i.RCC_APB1PeriphResetCmd)
    RCC_APB2PeriphClockCmd                   0x08002ae5   Thumb Code    26  stm32f10x_rcc.o(i.RCC_APB2PeriphClockCmd)
    RCC_GetClocksFreq                        0x08002b05   Thumb Code   192  stm32f10x_rcc.o(i.RCC_GetClocksFreq)
    SVC_Handler                              0x08002bd9   Thumb Code     2  stm32f10x_it.o(i.SVC_Handler)
    SysTick_Handler                          0x08002cc5   Thumb Code     2  stm32f10x_it.o(i.SysTick_Handler)
    SystemInit                               0x08002cc9   Thumb Code    78  system_stm32f10x.o(i.SystemInit)
    TIM6_IRQHandler                          0x08002d29   Thumb Code   140  main.o(i.TIM6_IRQHandler)
    TIMER_Init                               0x08002de1   Thumb Code   136  timer.o(i.TIMER_Init)
    TIM_ClearITPendingBit                    0x08002e71   Thumb Code     6  stm32f10x_tim.o(i.TIM_ClearITPendingBit)
    TIM_Cmd                                  0x08002e77   Thumb Code    24  stm32f10x_tim.o(i.TIM_Cmd)
    TIM_CtrlPWMOutputs                       0x08002e8f   Thumb Code    30  stm32f10x_tim.o(i.TIM_CtrlPWMOutputs)
    TIM_GetITStatus                          0x08002ead   Thumb Code    34  stm32f10x_tim.o(i.TIM_GetITStatus)
    TIM_ITConfig                             0x08002ecf   Thumb Code    18  stm32f10x_tim.o(i.TIM_ITConfig)
    TIM_OC1Init                              0x08002ee1   Thumb Code   132  stm32f10x_tim.o(i.TIM_OC1Init)
    TIM_OC2Init                              0x08002f79   Thumb Code   154  stm32f10x_tim.o(i.TIM_OC2Init)
    TIM_OC3Init                              0x0800301d   Thumb Code   150  stm32f10x_tim.o(i.TIM_OC3Init)
    TIM_OC4Init                              0x080030bd   Thumb Code   114  stm32f10x_tim.o(i.TIM_OC4Init)
    TIM_TimeBaseInit                         0x08003139   Thumb Code   122  stm32f10x_tim.o(i.TIM_TimeBaseInit)
    USART1_IRQHandler                        0x080031dd   Thumb Code    68  main.o(i.USART1_IRQHandler)
    USART_ClearFlag                          0x08003229   Thumb Code    18  stm32f10x_usart.o(i.USART_ClearFlag)
    USART_ClearITPendingBit                  0x0800323b   Thumb Code    30  stm32f10x_usart.o(i.USART_ClearITPendingBit)
    USART_Cmd                                0x08003259   Thumb Code    24  stm32f10x_usart.o(i.USART_Cmd)
    USART_GetFlagStatus                      0x08003271   Thumb Code    26  stm32f10x_usart.o(i.USART_GetFlagStatus)
    USART_GetITStatus                        0x0800328b   Thumb Code    84  stm32f10x_usart.o(i.USART_GetITStatus)
    USART_ITConfig                           0x080032df   Thumb Code    74  stm32f10x_usart.o(i.USART_ITConfig)
    USART_Init                               0x08003329   Thumb Code   210  stm32f10x_usart.o(i.USART_Init)
    USART_ReceiveData                        0x08003401   Thumb Code    10  stm32f10x_usart.o(i.USART_ReceiveData)
    USART_SendData                           0x0800340b   Thumb Code     8  stm32f10x_usart.o(i.USART_SendData)
    UsageFault_Handler                       0x08003413   Thumb Code     4  stm32f10x_it.o(i.UsageFault_Handler)
    Usart_Init                               0x08003419   Thumb Code   248  usart.o(i.Usart_Init)
    __ARM_fpclassify                         0x08003521   Thumb Code    40  fpclassify.o(i.__ARM_fpclassify)
    __kernel_poly                            0x08003549   Thumb Code   170  poly.o(i.__kernel_poly)
    __mathlib_dbl_infnan                     0x080035f3   Thumb Code     6  dunder.o(i.__mathlib_dbl_infnan)
    __mathlib_dbl_infnan2                    0x080035f9   Thumb Code     4  dunder.o(i.__mathlib_dbl_infnan2)
    __mathlib_dbl_invalid                    0x080035fd   Thumb Code    12  dunder.o(i.__mathlib_dbl_invalid)
    __mathlib_dbl_underflow                  0x08003609   Thumb Code    10  dunder.o(i.__mathlib_dbl_underflow)
    _is_digit                                0x08003619   Thumb Code    14  __printf_wp.o(i._is_digit)
    asin                                     0x08003629   Thumb Code   572  asin.o(i.asin)
    atan                                     0x08003899   Thumb Code   474  atan.o(i.atan)
    atan2                                    0x08003ab9   Thumb Code   346  atan2.o(i.atan2)
    delay_init                               0x08003c39   Thumb Code    32  base.o(i.delay_init)
    delay_us                                 0x08003c5d   Thumb Code    56  base.o(i.delay_us)
    main                                     0x08003c99   Thumb Code    90  main.o(i.main)
    send_wave                                0x08003d29   Thumb Code    30  base.o(i.send_wave)
    sqrt                                     0x08003d4d   Thumb Code    76  sqrt.o(i.sqrt)
    uprintf                                  0x08003d99   Thumb Code    90  usart.o(i.uprintf)
    _get_lc_numeric                          0x08003df5   Thumb Code    44  lc_numeric_c.o(locale$$code)
    _get_lc_ctype                            0x08003e21   Thumb Code    44  lc_ctype_c.o(locale$$code)
    __aeabi_d2f                              0x08003e4d   Thumb Code     0  d2f.o(x$fpl$d2f)
    _d2f                                     0x08003e4d   Thumb Code    98  d2f.o(x$fpl$d2f)
    __aeabi_dadd                             0x08003eb1   Thumb Code     0  daddsub_clz.o(x$fpl$dadd)
    _dadd                                    0x08003eb1   Thumb Code   332  daddsub_clz.o(x$fpl$dadd)
    __fpl_dcheck_NaN1                        0x08004001   Thumb Code    10  dcheck1.o(x$fpl$dcheck1)
    __fpl_dcmp_Inf                           0x08004011   Thumb Code    24  dcmpi.o(x$fpl$dcmpinf)
    __aeabi_ddiv                             0x08004029   Thumb Code     0  ddiv.o(x$fpl$ddiv)
    _ddiv                                    0x08004029   Thumb Code   552  ddiv.o(x$fpl$ddiv)
    __aeabi_d2iz                             0x080042d9   Thumb Code     0  dfix.o(x$fpl$dfix)
    _dfix                                    0x080042d9   Thumb Code    94  dfix.o(x$fpl$dfix)
    __aeabi_cdcmple                          0x08004339   Thumb Code     0  dleqf.o(x$fpl$dleqf)
    _dcmple                                  0x08004339   Thumb Code   120  dleqf.o(x$fpl$dleqf)
    __fpl_dcmple_InfNaN                      0x0800439b   Thumb Code     0  dleqf.o(x$fpl$dleqf)
    __aeabi_dmul                             0x080043b1   Thumb Code     0  dmul.o(x$fpl$dmul)
    _dmul                                    0x080043b1   Thumb Code   332  dmul.o(x$fpl$dmul)
    __fpl_dnaninf                            0x08004505   Thumb Code   156  dnaninf.o(x$fpl$dnaninf)
    __fpl_dretinf                            0x080045a1   Thumb Code    12  dretinf.o(x$fpl$dretinf)
    __aeabi_drsub                            0x080045ad   Thumb Code     0  daddsub_clz.o(x$fpl$drsb)
    _drsb                                    0x080045ad   Thumb Code    22  daddsub_clz.o(x$fpl$drsb)
    _dsqrt                                   0x080045c5   Thumb Code   456  dsqrt_noumaal.o(x$fpl$dsqrt)
    __aeabi_dsub                             0x08004791   Thumb Code     0  daddsub_clz.o(x$fpl$dsub)
    _dsub                                    0x08004791   Thumb Code   464  daddsub_clz.o(x$fpl$dsub)
    __aeabi_f2d                              0x08004965   Thumb Code     0  f2d.o(x$fpl$f2d)
    _f2d                                     0x08004965   Thumb Code    86  f2d.o(x$fpl$f2d)
    __aeabi_fadd                             0x080049bd   Thumb Code     0  faddsub_clz.o(x$fpl$fadd)
    _fadd                                    0x080049bd   Thumb Code   196  faddsub_clz.o(x$fpl$fadd)
    __aeabi_fdiv                             0x08004a81   Thumb Code     0  fdiv.o(x$fpl$fdiv)
    _fdiv                                    0x08004a81   Thumb Code   384  fdiv.o(x$fpl$fdiv)
    __aeabi_i2f                              0x08004c05   Thumb Code     0  fflt_clz.o(x$fpl$fflt)
    _fflt                                    0x08004c05   Thumb Code    48  fflt_clz.o(x$fpl$fflt)
    __aeabi_fmul                             0x08004c35   Thumb Code     0  fmul.o(x$fpl$fmul)
    _fmul                                    0x08004c35   Thumb Code   258  fmul.o(x$fpl$fmul)
    __fpl_fnaninf                            0x08004d37   Thumb Code   140  fnaninf.o(x$fpl$fnaninf)
    __fpl_fretinf                            0x08004dc3   Thumb Code    10  fretinf.o(x$fpl$fretinf)
    __aeabi_fsub                             0x08004dcd   Thumb Code     0  faddsub_clz.o(x$fpl$fsub)
    _fsub                                    0x08004dcd   Thumb Code   234  faddsub_clz.o(x$fpl$fsub)
    _printf_fp_dec                           0x08004eb7   Thumb Code     4  printf1.o(x$fpl$printf1)
    __fpl_return_NaN                         0x08004ebb   Thumb Code   100  retnan.o(x$fpl$retnan)
    __ARM_scalbn                             0x08004f1f   Thumb Code    92  scalbn.o(x$fpl$scalbn)
    __fpl_cmpreturn                          0x08004f7b   Thumb Code    48  trapv.o(x$fpl$trapveneer)
    __I$use$fp                               0x08004faa   Number         0  usenofp.o(x$fpl$usenofp)
    __mathlib_zero                           0x080050e0   Data           8  qnan.o(.constdata)
    Region$$Table$$Base                      0x0800517c   Number         0  anon$$obj.o(Region$$Table)
    Region$$Table$$Limit                     0x0800519c   Number         0  anon$$obj.o(Region$$Table)
    __ctype                                  0x080051c5   Data           0  lc_ctype_c.o(locale$$data)
    GPIO_InitStructure                       0x20000014   Data           4  main.o(.data)
    Debug                                    0x20000018   Data           1  main.o(.data)
    count                                    0x2000001c   Data           4  main.o(.data)
    gyro_X                                   0x20000020   Data           2  angle.o(.data)
    gyro_Y                                   0x20000022   Data           2  angle.o(.data)
    gyro_Z                                   0x20000024   Data           2  angle.o(.data)
    accel_X                                  0x20000026   Data           2  angle.o(.data)
    accel_Y                                  0x20000028   Data           2  angle.o(.data)
    accel_Z                                  0x2000002a   Data           2  angle.o(.data)
    roll_accel                               0x2000002c   Data           4  angle.o(.data)
    pitch_accel                              0x20000030   Data           4  angle.o(.data)
    angle_speed_X                            0x20000034   Data           4  angle.o(.data)
    angle_speed_Y                            0x20000038   Data           4  angle.o(.data)
    angle_speed_Z                            0x2000003c   Data           4  angle.o(.data)
    accel_speed_X                            0x20000040   Data           4  angle.o(.data)
    accel_speed_Y                            0x20000044   Data           4  angle.o(.data)
    accel_speed_Z                            0x20000048   Data           4  angle.o(.data)
    gravity_X                                0x2000004c   Data           4  angle.o(.data)
    gravity_Y                                0x20000050   Data           4  angle.o(.data)
    gravity_Z                                0x20000054   Data           4  angle.o(.data)
    v_x                                      0x20000058   Data           4  angle.o(.data)
    v_y                                      0x2000005c   Data           4  angle.o(.data)
    v_z                                      0x20000060   Data           4  angle.o(.data)
    a_x                                      0x20000064   Data           4  angle.o(.data)
    a_y                                      0x20000068   Data           4  angle.o(.data)
    a_z                                      0x2000006c   Data           4  angle.o(.data)
    s_x                                      0x20000070   Data           4  angle.o(.data)
    s_y                                      0x20000074   Data           4  angle.o(.data)
    s_z                                      0x20000078   Data           4  angle.o(.data)
    q0                                       0x2000007c   Data           4  angle.o(.data)
    q1                                       0x20000080   Data           4  angle.o(.data)
    q2                                       0x20000084   Data           4  angle.o(.data)
    q3                                       0x20000088   Data           4  angle.o(.data)
    IMU_P                                    0x2000008c   Data           4  angle.o(.data)
    IMU_I                                    0x20000090   Data           4  angle.o(.data)
    pitch                                    0x20000098   Data           8  angle.o(.data)
    roll                                     0x200000a0   Data           8  angle.o(.data)
    yaw                                      0x200000a8   Data           8  angle.o(.data)
    fac_us                                   0x200000b0   Data           4  base.o(.data)
    OutData                                  0x200000b4   Data          16  outputdata.o(.bss)
    __libspace_start                         0x200000c4   Data          96  libspace.o(.bss)
    __temporary_stack_top$libspace           0x20000124   Data           0  libspace.o(.bss)



==============================================================================

Memory Map of the image

  Image Entry point : 0x08000131

  Load Region LR_IROM1 (Base: 0x08000000, Size: 0x0000537c, Max: 0x00040000, ABSOLUTE)

    Execution Region ER_IROM1 (Base: 0x08000000, Size: 0x000052c8, Max: 0x00040000, ABSOLUTE)

    Base Addr    Size         Type   Attr      Idx    E Section Name        Object

    0x08000000   0x00000130   Data   RO         3260    RESET               startup_stm32f10x_hd.o
    0x08000130   0x00000008   Code   RO         3860  * !!!main             c_w.l(__main.o)
    0x08000138   0x00000034   Code   RO         4314    !!!scatter          c_w.l(__scatter.o)
    0x0800016c   0x0000001a   Code   RO         4316    !!handler_copy      c_w.l(__scatter_copy.o)
    0x08000186   0x00000002   PAD
    0x08000188   0x0000001c   Code   RO         4318    !!handler_zi        c_w.l(__scatter_zi.o)
    0x080001a4   0x00000000   Code   RO         4024    .ARM.Collect$$_printf_percent$$00000000  c_w.l(_printf_percent.o)
    0x080001a4   0x00000006   Code   RO         4013    .ARM.Collect$$_printf_percent$$00000001  c_w.l(_printf_n.o)
    0x080001aa   0x00000006   Code   RO         4015    .ARM.Collect$$_printf_percent$$00000002  c_w.l(_printf_p.o)
    0x080001b0   0x00000006   Code   RO         4020    .ARM.Collect$$_printf_percent$$00000003  c_w.l(_printf_f.o)
    0x080001b6   0x00000006   Code   RO         4021    .ARM.Collect$$_printf_percent$$00000004  c_w.l(_printf_e.o)
    0x080001bc   0x00000006   Code   RO         4022    .ARM.Collect$$_printf_percent$$00000005  c_w.l(_printf_g.o)
    0x080001c2   0x00000006   Code   RO         4023    .ARM.Collect$$_printf_percent$$00000006  c_w.l(_printf_a.o)
    0x080001c8   0x0000000a   Code   RO         4028    .ARM.Collect$$_printf_percent$$00000007  c_w.l(_printf_ll.o)
    0x080001d2   0x00000006   Code   RO         4017    .ARM.Collect$$_printf_percent$$00000008  c_w.l(_printf_i.o)
    0x080001d8   0x00000006   Code   RO         4018    .ARM.Collect$$_printf_percent$$00000009  c_w.l(_printf_d.o)
    0x080001de   0x00000006   Code   RO         4019    .ARM.Collect$$_printf_percent$$0000000A  c_w.l(_printf_u.o)
    0x080001e4   0x00000006   Code   RO         4016    .ARM.Collect$$_printf_percent$$0000000B  c_w.l(_printf_o.o)
    0x080001ea   0x00000006   Code   RO         4014    .ARM.Collect$$_printf_percent$$0000000C  c_w.l(_printf_x.o)
    0x080001f0   0x00000006   Code   RO         4025    .ARM.Collect$$_printf_percent$$0000000D  c_w.l(_printf_lli.o)
    0x080001f6   0x00000006   Code   RO         4026    .ARM.Collect$$_printf_percent$$0000000E  c_w.l(_printf_lld.o)
    0x080001fc   0x00000006   Code   RO         4027    .ARM.Collect$$_printf_percent$$0000000F  c_w.l(_printf_llu.o)
    0x08000202   0x00000006   Code   RO         4032    .ARM.Collect$$_printf_percent$$00000010  c_w.l(_printf_llo.o)
    0x08000208   0x00000006   Code   RO         4033    .ARM.Collect$$_printf_percent$$00000011  c_w.l(_printf_llx.o)
    0x0800020e   0x0000000a   Code   RO         4029    .ARM.Collect$$_printf_percent$$00000012  c_w.l(_printf_l.o)
    0x08000218   0x00000006   Code   RO         4011    .ARM.Collect$$_printf_percent$$00000013  c_w.l(_printf_c.o)
    0x0800021e   0x00000006   Code   RO         4012    .ARM.Collect$$_printf_percent$$00000014  c_w.l(_printf_s.o)
    0x08000224   0x00000006   Code   RO         4030    .ARM.Collect$$_printf_percent$$00000015  c_w.l(_printf_lc.o)
    0x0800022a   0x00000006   Code   RO         4031    .ARM.Collect$$_printf_percent$$00000016  c_w.l(_printf_ls.o)
    0x08000230   0x00000004   Code   RO         4116    .ARM.Collect$$_printf_percent$$00000017  c_w.l(_printf_percent_end.o)
    0x08000234   0x00000002   Code   RO         4172    .ARM.Collect$$libinit$$00000000  c_w.l(libinit.o)
    0x08000236   0x00000000   Code   RO         4189    .ARM.Collect$$libinit$$00000002  c_w.l(libinit2.o)
    0x08000236   0x00000000   Code   RO         4191    .ARM.Collect$$libinit$$00000004  c_w.l(libinit2.o)
    0x08000236   0x00000000   Code   RO         4194    .ARM.Collect$$libinit$$0000000A  c_w.l(libinit2.o)
    0x08000236   0x00000000   Code   RO         4196    .ARM.Collect$$libinit$$0000000C  c_w.l(libinit2.o)
    0x08000236   0x00000000   Code   RO         4198    .ARM.Collect$$libinit$$0000000E  c_w.l(libinit2.o)
    0x08000236   0x00000006   Code   RO         4199    .ARM.Collect$$libinit$$0000000F  c_w.l(libinit2.o)
    0x0800023c   0x00000000   Code   RO         4201    .ARM.Collect$$libinit$$00000011  c_w.l(libinit2.o)
    0x0800023c   0x0000000c   Code   RO         4202    .ARM.Collect$$libinit$$00000012  c_w.l(libinit2.o)
    0x08000248   0x00000000   Code   RO         4203    .ARM.Collect$$libinit$$00000013  c_w.l(libinit2.o)
    0x08000248   0x00000000   Code   RO         4205    .ARM.Collect$$libinit$$00000015  c_w.l(libinit2.o)
    0x08000248   0x0000000a   Code   RO         4206    .ARM.Collect$$libinit$$00000016  c_w.l(libinit2.o)
    0x08000252   0x00000000   Code   RO         4207    .ARM.Collect$$libinit$$00000017  c_w.l(libinit2.o)
    0x08000252   0x00000000   Code   RO         4209    .ARM.Collect$$libinit$$00000019  c_w.l(libinit2.o)
    0x08000252   0x00000000   Code   RO         4211    .ARM.Collect$$libinit$$0000001B  c_w.l(libinit2.o)
    0x08000252   0x00000000   Code   RO         4213    .ARM.Collect$$libinit$$0000001D  c_w.l(libinit2.o)
    0x08000252   0x00000000   Code   RO         4215    .ARM.Collect$$libinit$$0000001F  c_w.l(libinit2.o)
    0x08000252   0x00000000   Code   RO         4217    .ARM.Collect$$libinit$$00000021  c_w.l(libinit2.o)
    0x08000252   0x00000000   Code   RO         4219    .ARM.Collect$$libinit$$00000023  c_w.l(libinit2.o)
    0x08000252   0x00000000   Code   RO         4221    .ARM.Collect$$libinit$$00000025  c_w.l(libinit2.o)
    0x08000252   0x00000000   Code   RO         4225    .ARM.Collect$$libinit$$0000002C  c_w.l(libinit2.o)
    0x08000252   0x00000000   Code   RO         4227    .ARM.Collect$$libinit$$0000002E  c_w.l(libinit2.o)
    0x08000252   0x00000000   Code   RO         4229    .ARM.Collect$$libinit$$00000030  c_w.l(libinit2.o)
    0x08000252   0x00000000   Code   RO         4231    .ARM.Collect$$libinit$$00000032  c_w.l(libinit2.o)
    0x08000252   0x00000002   Code   RO         4232    .ARM.Collect$$libinit$$00000033  c_w.l(libinit2.o)
    0x08000254   0x00000002   Code   RO         4264    .ARM.Collect$$libshutdown$$00000000  c_w.l(libshutdown.o)
    0x08000256   0x00000000   Code   RO         4281    .ARM.Collect$$libshutdown$$00000002  c_w.l(libshutdown2.o)
    0x08000256   0x00000000   Code   RO         4283    .ARM.Collect$$libshutdown$$00000004  c_w.l(libshutdown2.o)
    0x08000256   0x00000000   Code   RO         4286    .ARM.Collect$$libshutdown$$00000007  c_w.l(libshutdown2.o)
    0x08000256   0x00000000   Code   RO         4289    .ARM.Collect$$libshutdown$$0000000A  c_w.l(libshutdown2.o)
    0x08000256   0x00000000   Code   RO         4291    .ARM.Collect$$libshutdown$$0000000C  c_w.l(libshutdown2.o)
    0x08000256   0x00000000   Code   RO         4294    .ARM.Collect$$libshutdown$$0000000F  c_w.l(libshutdown2.o)
    0x08000256   0x00000002   Code   RO         4295    .ARM.Collect$$libshutdown$$00000010  c_w.l(libshutdown2.o)
    0x08000258   0x00000000   Code   RO         3936    .ARM.Collect$$rtentry$$00000000  c_w.l(__rtentry.o)
    0x08000258   0x00000000   Code   RO         4081    .ARM.Collect$$rtentry$$00000002  c_w.l(__rtentry2.o)
    0x08000258   0x00000006   Code   RO         4093    .ARM.Collect$$rtentry$$00000004  c_w.l(__rtentry4.o)
    0x0800025e   0x00000000   Code   RO         4083    .ARM.Collect$$rtentry$$00000009  c_w.l(__rtentry2.o)
    0x0800025e   0x00000004   Code   RO         4084    .ARM.Collect$$rtentry$$0000000A  c_w.l(__rtentry2.o)
    0x08000262   0x00000000   Code   RO         4086    .ARM.Collect$$rtentry$$0000000C  c_w.l(__rtentry2.o)
    0x08000262   0x00000008   Code   RO         4087    .ARM.Collect$$rtentry$$0000000D  c_w.l(__rtentry2.o)
    0x0800026a   0x00000002   Code   RO         4177    .ARM.Collect$$rtexit$$00000000  c_w.l(rtexit.o)
    0x0800026c   0x00000000   Code   RO         4236    .ARM.Collect$$rtexit$$00000002  c_w.l(rtexit2.o)
    0x0800026c   0x00000004   Code   RO         4237    .ARM.Collect$$rtexit$$00000003  c_w.l(rtexit2.o)
    0x08000270   0x00000006   Code   RO         4238    .ARM.Collect$$rtexit$$00000004  c_w.l(rtexit2.o)
    0x08000276   0x00000002   PAD
    0x08000278   0x00000040   Code   RO         3261    .text               startup_stm32f10x_hd.o
    0x080002b8   0x00000034   Code   RO         3854    .text               c_w.l(c89vsnprintf.o)
    0x080002ec   0x00000006   Code   RO         3858    .text               c_w.l(heapauxi.o)
    0x080002f2   0x00000016   Code   RO         3939    .text               c_w.l(_rserrno.o)
    0x08000308   0x0000004e   Code   RO         3943    .text               c_w.l(_printf_pad.o)
    0x08000356   0x00000024   Code   RO         3945    .text               c_w.l(_printf_truncate.o)
    0x0800037a   0x00000052   Code   RO         3947    .text               c_w.l(_printf_str.o)
    0x080003cc   0x00000078   Code   RO         3949    .text               c_w.l(_printf_dec.o)
    0x08000444   0x00000028   Code   RO         3951    .text               c_w.l(_printf_charcount.o)
    0x0800046c   0x00000030   Code   RO         3953    .text               c_w.l(_printf_char_common.o)
    0x0800049c   0x0000000a   Code   RO         3955    .text               c_w.l(_sputc.o)
    0x080004a6   0x00000010   Code   RO         3957    .text               c_w.l(_snputc.o)
    0x080004b6   0x00000002   PAD
    0x080004b8   0x000000bc   Code   RO         3959    .text               c_w.l(_printf_wctomb.o)
    0x08000574   0x0000007c   Code   RO         3962    .text               c_w.l(_printf_longlong_dec.o)
    0x080005f0   0x00000070   Code   RO         3968    .text               c_w.l(_printf_oct_int_ll.o)
    0x08000660   0x00000094   Code   RO         3988    .text               c_w.l(_printf_hex_int_ll_ptr.o)
    0x080006f4   0x00000188   Code   RO         4008    .text               c_w.l(__printf_flags_ss_wp.o)
    0x0800087c   0x00000008   Code   RO         4102    .text               c_w.l(rt_errno_addr_intlibspace.o)
    0x08000884   0x0000008a   Code   RO         4104    .text               c_w.l(lludiv10.o)
    0x0800090e   0x000000b2   Code   RO         4106    .text               c_w.l(_printf_intcommon.o)
    0x080009c0   0x0000041a   Code   RO         4108    .text               c_w.l(_printf_fp_dec.o)
    0x08000dda   0x0000002c   Code   RO         4112    .text               c_w.l(_printf_char.o)
    0x08000e06   0x0000002c   Code   RO         4114    .text               c_w.l(_printf_wchar.o)
    0x08000e32   0x00000040   Code   RO         4117    .text               c_w.l(_wcrtomb.o)
    0x08000e72   0x00000002   PAD
    0x08000e74   0x00000008   Code   RO         4121    .text               c_w.l(libspace.o)
    0x08000e7c   0x0000004a   Code   RO         4124    .text               c_w.l(sys_stackheap_outer.o)
    0x08000ec6   0x00000002   PAD
    0x08000ec8   0x00000010   Code   RO         4126    .text               c_w.l(rt_ctype_table.o)
    0x08000ed8   0x00000008   Code   RO         4133    .text               c_w.l(rt_locale_intlibspace.o)
    0x08000ee0   0x00000080   Code   RO         4135    .text               c_w.l(_printf_fp_infnan.o)
    0x08000f60   0x000000dc   Code   RO         4137    .text               c_w.l(bigflt0.o)
    0x0800103c   0x00000012   Code   RO         4165    .text               c_w.l(exit.o)
    0x0800104e   0x00000002   PAD
    0x08001050   0x00000080   Code   RO         4186    .text               c_w.l(strcmpv7m.o)
    0x080010d0   0x0000000c   Code   RO         4252    .text               c_w.l(sys_exit.o)
    0x080010dc   0x00000002   Code   RO         4269    .text               c_w.l(use_no_semi.o)
    0x080010de   0x00000000   Code   RO         4271    .text               c_w.l(indicate_semi.o)
    0x080010de   0x0000003e   Code   RO         4140    CL$$btod_d2e        c_w.l(btod.o)
    0x0800111c   0x00000046   Code   RO         4142    CL$$btod_d2e_denorm_low  c_w.l(btod.o)
    0x08001162   0x00000060   Code   RO         4141    CL$$btod_d2e_norm_op1  c_w.l(btod.o)
    0x080011c2   0x00000338   Code   RO         4150    CL$$btod_div_common  c_w.l(btod.o)
    0x080014fa   0x000000c6   Code   RO         4147    CL$$btod_e2e        c_w.l(btod.o)
    0x080015c0   0x00000028   Code   RO         4144    CL$$btod_ediv       c_w.l(btod.o)
    0x080015e8   0x00000028   Code   RO         4143    CL$$btod_emul       c_w.l(btod.o)
    0x08001610   0x00000244   Code   RO         4149    CL$$btod_mult_common  c_w.l(btod.o)
    0x08001854   0x000000dc   Code   RO         3687    i.Brush_Init        control.o
    0x08001930   0x00000004   Code   RO         3195    i.BusFault_Handler  stm32f10x_it.o
    0x08001934   0x0000003a   Code   RO         3480    i.CRC_CHECK         outputdata.o
    0x0800196e   0x00000002   Code   RO         3196    i.DebugMon_Handler  stm32f10x_it.o
    0x08001970   0x00000116   Code   RO         1304    i.GPIO_Init         stm32f10x_gpio.o
    0x08001a86   0x00000004   Code   RO         1311    i.GPIO_ResetBits    stm32f10x_gpio.o
    0x08001a8a   0x00000004   Code   RO         1312    i.GPIO_SetBits      stm32f10x_gpio.o
    0x08001a8e   0x00000002   PAD
    0x08001a90   0x00000108   Code   RO         3343    i.Get_Accel_Angle   angle.o
    0x08001b98   0x00000108   Code   RO         3345    i.Get_Angle_Speed   angle.o
    0x08001ca0   0x00000004   Code   RO         3197    i.HardFault_Handler  stm32f10x_it.o
    0x08001ca4   0x00000018   Code   RO         1413    i.I2C_AcknowledgeConfig  stm32f10x_i2c.o
    0x08001cbc   0x000000e4   Code   RO         3265    i.I2C_BufferRead    i2c.o
    0x08001da0   0x00000080   Code   RO         3267    i.I2C_ByteWrite     i2c.o
    0x08001e20   0x0000002a   Code   RO         1415    i.I2C_CheckEvent    stm32f10x_i2c.o
    0x08001e4a   0x00000018   Code   RO         1418    i.I2C_Cmd           stm32f10x_i2c.o
    0x08001e62   0x00000002   PAD
    0x08001e64   0x00000038   Code   RO         1421    i.I2C_DeInit        stm32f10x_i2c.o
    0x08001e9c   0x00000042   Code   RO         3268    i.I2C_DoubleRead    i2c.o
    0x08001ede   0x00000002   PAD
    0x08001ee0   0x00000074   Code   RO         3269    i.I2C_ForceEnd      i2c.o
    0x08001f54   0x00000018   Code   RO         1425    i.I2C_GenerateSTART  stm32f10x_i2c.o
    0x08001f6c   0x00000018   Code   RO         1426    i.I2C_GenerateSTOP  stm32f10x_i2c.o
    0x08001f84   0x0000003a   Code   RO         1427    i.I2C_GetFlagStatus  stm32f10x_i2c.o
    0x08001fbe   0x00000012   Code   RO         1431    i.I2C_ITConfig      stm32f10x_i2c.o
    0x08001fd0   0x000000ec   Code   RO         1432    i.I2C_Init          stm32f10x_i2c.o
    0x080020bc   0x00000038   Code   RO         3270    i.I2C_Pin2AFOD      i2c.o
    0x080020f4   0x00000038   Code   RO         3271    i.I2C_Pin2OD        i2c.o
    0x0800212c   0x00000008   Code   RO         1437    i.I2C_ReceiveData   stm32f10x_i2c.o
    0x08002134   0x00000012   Code   RO         1439    i.I2C_Send7bitAddress  stm32f10x_i2c.o
    0x08002146   0x00000004   Code   RO         1440    i.I2C_SendData      stm32f10x_i2c.o
    0x0800214a   0x00000016   Code   RO         1441    i.I2C_SoftwareResetCmd  stm32f10x_i2c.o
    0x08002160   0x000000c8   Code   RO         3272    i.I2C_init          i2c.o
    0x08002228   0x000006d0   Code   RO         3347    i.IMU_Update        angle.o
    0x080028f8   0x00000054   Code   RO         3320    i.MPU_init          mpu9250.o
    0x0800294c   0x00000004   Code   RO         3198    i.MemManage_Handler  stm32f10x_it.o
    0x08002950   0x00000002   Code   RO         3199    i.NMI_Handler       stm32f10x_it.o
    0x08002952   0x00000002   PAD
    0x08002954   0x00000070   Code   RO          130    i.NVIC_Init         misc.o
    0x080029c4   0x00000014   Code   RO          131    i.NVIC_PriorityGroupConfig  misc.o
    0x080029d8   0x000000c8   Code   RO         3481    i.OutPut_Data       outputdata.o
    0x08002aa0   0x00000002   Code   RO         3200    i.PendSV_Handler    stm32f10x_it.o
    0x08002aa2   0x00000002   PAD
    0x08002aa4   0x00000020   Code   RO         1720    i.RCC_APB1PeriphClockCmd  stm32f10x_rcc.o
    0x08002ac4   0x00000020   Code   RO         1721    i.RCC_APB1PeriphResetCmd  stm32f10x_rcc.o
    0x08002ae4   0x00000020   Code   RO         1722    i.RCC_APB2PeriphClockCmd  stm32f10x_rcc.o
    0x08002b04   0x000000d4   Code   RO         1730    i.RCC_GetClocksFreq  stm32f10x_rcc.o
    0x08002bd8   0x00000002   Code   RO         3201    i.SVC_Handler       stm32f10x_it.o
    0x08002bda   0x00000008   Code   RO           17    i.SetSysClock       system_stm32f10x.o
    0x08002be2   0x00000002   PAD
    0x08002be4   0x000000e0   Code   RO           18    i.SetSysClockTo72   system_stm32f10x.o
    0x08002cc4   0x00000002   Code   RO         3202    i.SysTick_Handler   stm32f10x_it.o
    0x08002cc6   0x00000002   PAD
    0x08002cc8   0x00000060   Code   RO           20    i.SystemInit        system_stm32f10x.o
    0x08002d28   0x000000b8   Code   RO         3120    i.TIM6_IRQHandler   main.o
    0x08002de0   0x00000090   Code   RO         3462    i.TIMER_Init        timer.o
    0x08002e70   0x00000006   Code   RO         2349    i.TIM_ClearITPendingBit  stm32f10x_tim.o
    0x08002e76   0x00000018   Code   RO         2354    i.TIM_Cmd           stm32f10x_tim.o
    0x08002e8e   0x0000001e   Code   RO         2356    i.TIM_CtrlPWMOutputs  stm32f10x_tim.o
    0x08002eac   0x00000022   Code   RO         2375    i.TIM_GetITStatus   stm32f10x_tim.o
    0x08002ece   0x00000012   Code   RO         2379    i.TIM_ITConfig      stm32f10x_tim.o
    0x08002ee0   0x00000098   Code   RO         2383    i.TIM_OC1Init       stm32f10x_tim.o
    0x08002f78   0x000000a4   Code   RO         2388    i.TIM_OC2Init       stm32f10x_tim.o
    0x0800301c   0x000000a0   Code   RO         2393    i.TIM_OC3Init       stm32f10x_tim.o
    0x080030bc   0x0000007c   Code   RO         2398    i.TIM_OC4Init       stm32f10x_tim.o
    0x08003138   0x000000a4   Code   RO         2425    i.TIM_TimeBaseInit  stm32f10x_tim.o
    0x080031dc   0x0000004c   Code   RO         3121    i.USART1_IRQHandler  main.o
    0x08003228   0x00000012   Code   RO         2886    i.USART_ClearFlag   stm32f10x_usart.o
    0x0800323a   0x0000001e   Code   RO         2887    i.USART_ClearITPendingBit  stm32f10x_usart.o
    0x08003258   0x00000018   Code   RO         2890    i.USART_Cmd         stm32f10x_usart.o
    0x08003270   0x0000001a   Code   RO         2893    i.USART_GetFlagStatus  stm32f10x_usart.o
    0x0800328a   0x00000054   Code   RO         2894    i.USART_GetITStatus  stm32f10x_usart.o
    0x080032de   0x0000004a   Code   RO         2896    i.USART_ITConfig    stm32f10x_usart.o
    0x08003328   0x000000d8   Code   RO         2897    i.USART_Init        stm32f10x_usart.o
    0x08003400   0x0000000a   Code   RO         2904    i.USART_ReceiveData  stm32f10x_usart.o
    0x0800340a   0x00000008   Code   RO         2907    i.USART_SendData    stm32f10x_usart.o
    0x08003412   0x00000004   Code   RO         3203    i.UsageFault_Handler  stm32f10x_it.o
    0x08003416   0x00000002   PAD
    0x08003418   0x00000108   Code   RO         3404    i.Usart_Init        usart.o
    0x08003520   0x00000028   Code   RO         4075    i.__ARM_fpclassify  m_ws.l(fpclassify.o)
    0x08003548   0x000000aa   Code   RO         4077    i.__kernel_poly     m_ws.l(poly.o)
    0x080035f2   0x00000006   Code   RO         4062    i.__mathlib_dbl_infnan  m_ws.l(dunder.o)
    0x080035f8   0x00000004   Code   RO         4063    i.__mathlib_dbl_infnan2  m_ws.l(dunder.o)
    0x080035fc   0x0000000c   Code   RO         4064    i.__mathlib_dbl_invalid  m_ws.l(dunder.o)
    0x08003608   0x00000010   Code   RO         4067    i.__mathlib_dbl_underflow  m_ws.l(dunder.o)
    0x08003618   0x0000000e   Code   RO         4001    i._is_digit         c_w.l(__printf_wp.o)
    0x08003626   0x00000002   PAD
    0x08003628   0x00000270   Code   RO         3911    i.asin              m_ws.l(asin.o)
    0x08003898   0x00000220   Code   RO         4052    i.atan              m_ws.l(atan.o)
    0x08003ab8   0x00000180   Code   RO         3921    i.atan2             m_ws.l(atan2.o)
    0x08003c38   0x00000024   Code   RO         3429    i.delay_init        base.o
    0x08003c5c   0x0000003c   Code   RO         3430    i.delay_us          base.o
    0x08003c98   0x00000090   Code   RO         3122    i.main              main.o
    0x08003d28   0x00000024   Code   RO         3431    i.send_wave         base.o
    0x08003d4c   0x0000004c   Code   RO         3929    i.sqrt              m_ws.l(sqrt.o)
    0x08003d98   0x0000005a   Code   RO         3405    i.uprintf           usart.o
    0x08003df2   0x00000002   PAD
    0x08003df4   0x0000002c   Code   RO         4163    locale$$code        c_w.l(lc_numeric_c.o)
    0x08003e20   0x0000002c   Code   RO         4180    locale$$code        c_w.l(lc_ctype_c.o)
    0x08003e4c   0x00000062   Code   RO         3862    x$fpl$d2f           fz_ws.l(d2f.o)
    0x08003eae   0x00000002   PAD
    0x08003eb0   0x00000150   Code   RO         3864    x$fpl$dadd          fz_ws.l(daddsub_clz.o)
    0x08004000   0x00000010   Code   RO         4119    x$fpl$dcheck1       fz_ws.l(dcheck1.o)
    0x08004010   0x00000018   Code   RO         4034    x$fpl$dcmpinf       fz_ws.l(dcmpi.o)
    0x08004028   0x000002b0   Code   RO         3871    x$fpl$ddiv          fz_ws.l(ddiv.o)
    0x080042d8   0x0000005e   Code   RO         3876    x$fpl$dfix          fz_ws.l(dfix.o)
    0x08004336   0x00000002   PAD
    0x08004338   0x00000078   Code   RO         3886    x$fpl$dleqf         fz_ws.l(dleqf.o)
    0x080043b0   0x00000154   Code   RO         3888    x$fpl$dmul          fz_ws.l(dmul.o)
    0x08004504   0x0000009c   Code   RO         4036    x$fpl$dnaninf       fz_ws.l(dnaninf.o)
    0x080045a0   0x0000000c   Code   RO         4038    x$fpl$dretinf       fz_ws.l(dretinf.o)
    0x080045ac   0x00000016   Code   RO         3865    x$fpl$drsb          fz_ws.l(daddsub_clz.o)
    0x080045c2   0x00000002   PAD
    0x080045c4   0x000001cc   Code   RO         4040    x$fpl$dsqrt         fz_ws.l(dsqrt_noumaal.o)
    0x08004790   0x000001d4   Code   RO         3866    x$fpl$dsub          fz_ws.l(daddsub_clz.o)
    0x08004964   0x00000056   Code   RO         3890    x$fpl$f2d           fz_ws.l(f2d.o)
    0x080049ba   0x00000002   PAD
    0x080049bc   0x000000c4   Code   RO         3892    x$fpl$fadd          fz_ws.l(faddsub_clz.o)
    0x08004a80   0x00000184   Code   RO         3899    x$fpl$fdiv          fz_ws.l(fdiv.o)
    0x08004c04   0x00000030   Code   RO         3903    x$fpl$fflt          fz_ws.l(fflt_clz.o)
    0x08004c34   0x00000102   Code   RO         3908    x$fpl$fmul          fz_ws.l(fmul.o)
    0x08004d36   0x0000008c   Code   RO         4042    x$fpl$fnaninf       fz_ws.l(fnaninf.o)
    0x08004dc2   0x0000000a   Code   RO         4044    x$fpl$fretinf       fz_ws.l(fretinf.o)
    0x08004dcc   0x000000ea   Code   RO         3894    x$fpl$fsub          fz_ws.l(faddsub_clz.o)
    0x08004eb6   0x00000004   Code   RO         4046    x$fpl$printf1       fz_ws.l(printf1.o)
    0x08004eba   0x00000064   Code   RO         4175    x$fpl$retnan        fz_ws.l(retnan.o)
    0x08004f1e   0x0000005c   Code   RO         4048    x$fpl$scalbn        fz_ws.l(scalbn.o)
    0x08004f7a   0x00000030   Code   RO         4233    x$fpl$trapveneer    fz_ws.l(trapv.o)
    0x08004faa   0x00000000   Code   RO         4050    x$fpl$usenofp       fz_ws.l(usenofp.o)
    0x08004faa   0x00000006   PAD
    0x08004fb0   0x00000050   Data   RO         3912    .constdata          m_ws.l(asin.o)
    0x08005000   0x00000008   Data   RO         3960    .constdata          c_w.l(_printf_wctomb.o)
    0x08005008   0x00000028   Data   RO         3989    .constdata          c_w.l(_printf_hex_int_ll_ptr.o)
    0x08005030   0x00000011   Data   RO         4009    .constdata          c_w.l(__printf_flags_ss_wp.o)
    0x08005041   0x00000007   PAD
    0x08005048   0x00000098   Data   RO         4053    .constdata          m_ws.l(atan.o)
    0x080050e0   0x00000008   Data   RO         4079    .constdata          m_ws.l(qnan.o)
    0x080050e8   0x00000094   Data   RO         4138    .constdata          c_w.l(bigflt0.o)
    0x0800517c   0x00000020   Data   RO         4312    Region$$Table       anon$$obj.o
    0x0800519c   0x0000001c   Data   RO         4162    locale$$data        c_w.l(lc_numeric_c.o)
    0x080051b8   0x00000110   Data   RO         4179    locale$$data        c_w.l(lc_ctype_c.o)


    Execution Region RW_IRAM1 (Base: 0x20000000, Size: 0x00001128, Max: 0x0000c000, ABSOLUTE)

    Base Addr    Size         Type   Attr      Idx    E Section Name        Object

    0x20000000   0x00000014   Data   RW         1750    .data               stm32f10x_rcc.o
    0x20000014   0x0000000c   Data   RW         3123    .data               main.o
    0x20000020   0x00000090   Data   RW         3352    .data               angle.o
    0x200000b0   0x00000004   Data   RW         3433    .data               base.o
    0x200000b4   0x00000010   Zero   RW         3482    .bss                outputdata.o
    0x200000c4   0x00000060   Zero   RW         4122    .bss                c_w.l(libspace.o)
    0x20000124   0x00000004   PAD
    0x20000128   0x00000800   Zero   RW         3259    HEAP                startup_stm32f10x_hd.o
    0x20000928   0x00000800   Zero   RW         3258    STACK               startup_stm32f10x_hd.o


==============================================================================

Image component sizes


      Code (inc. data)   RO Data    RW Data    ZI Data      Debug   Object Name

      2272        180          0        144          0       4794   angle.o
       132         14          0          4          0       1681   base.o
       220          8          0          0          0        625   control.o
         0          0          0          0          0       4532   core_cm3.o
       850         56          0          0          0       4648   i2c.o
       404        106          0         12          0       1962   main.o
       132         22          0          0          0     206043   misc.o
        84          8          0          0          0        423   mpu9250.o
       258         10          0          0         16       1880   outputdata.o
        64         26        304          0       4096        772   startup_stm32f10x_hd.o
       286          0          0          0          0       2788   stm32f10x_gpio.o
       558         20          0          0          0       8555   stm32f10x_i2c.o
        26          0          0          0          0       3550   stm32f10x_it.o
       308         38          0         20          0       4663   stm32f10x_rcc.o
       876         92          0          0          0       6283   stm32f10x_tim.o
       490          6          0          0          0       6773   stm32f10x_usart.o
       328         28          0          0          0      52953   system_stm32f10x.o
       144          8          0          0          0        829   timer.o
       354         16          0          0          0       2219   usart.o

    ----------------------------------------------------------------------
      7804        638        336        180       4112     315973   Object Totals
         0          0         32          0          0          0   (incl. Generated)
        18          0          0          0          0          0   (incl. Padding)

    ----------------------------------------------------------------------

      Code (inc. data)   RO Data    RW Data    ZI Data      Debug   Library Member Name

         8          0          0          0          0         68   __main.o
       392          4         17          0          0         92   __printf_flags_ss_wp.o
        14          0          0          0          0         68   __printf_wp.o
         0          0          0          0          0          0   __rtentry.o
        12          0          0          0          0          0   __rtentry2.o
         6          0          0          0          0          0   __rtentry4.o
        52          8          0          0          0          0   __scatter.o
        26          0          0          0          0          0   __scatter_copy.o
        28          0          0          0          0          0   __scatter_zi.o
         6          0          0          0          0          0   _printf_a.o
         6          0          0          0          0          0   _printf_c.o
        44          0          0          0          0        108   _printf_char.o
        48          6          0          0          0         96   _printf_char_common.o
        40          0          0          0          0         68   _printf_charcount.o
         6          0          0          0          0          0   _printf_d.o
       120         16          0          0          0         92   _printf_dec.o
         6          0          0          0          0          0   _printf_e.o
         6          0          0          0          0          0   _printf_f.o
      1050          0          0          0          0        216   _printf_fp_dec.o
       128         16          0          0          0         84   _printf_fp_infnan.o
         6          0          0          0          0          0   _printf_g.o
       148          4         40          0          0        160   _printf_hex_int_ll_ptr.o
         6          0          0          0          0          0   _printf_i.o
       178          0          0          0          0         88   _printf_intcommon.o
        10          0          0          0          0          0   _printf_l.o
         6          0          0          0          0          0   _printf_lc.o
        10          0          0          0          0          0   _printf_ll.o
         6          0          0          0          0          0   _printf_lld.o
         6          0          0          0          0          0   _printf_lli.o
         6          0          0          0          0          0   _printf_llo.o
         6          0          0          0          0          0   _printf_llu.o
         6          0          0          0          0          0   _printf_llx.o
       124         16          0          0          0         92   _printf_longlong_dec.o
         6          0          0          0          0          0   _printf_ls.o
         6          0          0          0          0          0   _printf_n.o
         6          0          0          0          0          0   _printf_o.o
       112          8          0          0          0        124   _printf_oct_int_ll.o
         6          0          0          0          0          0   _printf_p.o
        78          0          0          0          0        108   _printf_pad.o
         0          0          0          0          0          0   _printf_percent.o
         4          0          0          0          0          0   _printf_percent_end.o
         6          0          0          0          0          0   _printf_s.o
        82          0          0          0          0         80   _printf_str.o
        36          0          0          0          0         84   _printf_truncate.o
         6          0          0          0          0          0   _printf_u.o
        44          0          0          0          0        108   _printf_wchar.o
       188          6          8          0          0         92   _printf_wctomb.o
         6          0          0          0          0          0   _printf_x.o
        22          0          0          0          0        100   _rserrno.o
        16          0          0          0          0         68   _snputc.o
        10          0          0          0          0         68   _sputc.o
        64          0          0          0          0         92   _wcrtomb.o
       220          4        148          0          0         96   bigflt0.o
      1910        128          0          0          0        672   btod.o
        52          4          0          0          0         80   c89vsnprintf.o
        18          0          0          0          0         80   exit.o
         6          0          0          0          0        152   heapauxi.o
         0          0          0          0          0          0   indicate_semi.o
        44         10        272          0          0         76   lc_ctype_c.o
        44         10         28          0          0         76   lc_numeric_c.o
         2          0          0          0          0          0   libinit.o
        30          0          0          0          0          0   libinit2.o
         2          0          0          0          0          0   libshutdown.o
         2          0          0          0          0          0   libshutdown2.o
         8          4          0          0         96         68   libspace.o
       138          0          0          0          0         80   lludiv10.o
        16          4          0          0          0         76   rt_ctype_table.o
         8          4          0          0          0         68   rt_errno_addr_intlibspace.o
         8          4          0          0          0         68   rt_locale_intlibspace.o
         2          0          0          0          0          0   rtexit.o
        10          0          0          0          0          0   rtexit2.o
       128          0          0          0          0         68   strcmpv7m.o
        12          4          0          0          0         68   sys_exit.o
        74          0          0          0          0         80   sys_stackheap_outer.o
         2          0          0          0          0         68   use_no_semi.o
        98          4          0          0          0         92   d2f.o
       826         16          0          0          0        348   daddsub_clz.o
        16          4          0          0          0         68   dcheck1.o
        24          0          0          0          0         68   dcmpi.o
       688        140          0          0          0        208   ddiv.o
        94          4          0          0          0         92   dfix.o
       120          4          0          0          0         92   dleqf.o
       340         12          0          0          0        104   dmul.o
       156          4          0          0          0         92   dnaninf.o
        12          0          0          0          0         68   dretinf.o
       460         56          0          0          0        120   dsqrt_noumaal.o
        86          4          0          0          0         84   f2d.o
       430          8          0          0          0        168   faddsub_clz.o
       388         76          0          0          0         96   fdiv.o
        48          0          0          0          0         68   fflt_clz.o
       258          4          0          0          0         84   fmul.o
       140          4          0          0          0         84   fnaninf.o
        10          0          0          0          0         68   fretinf.o
         4          0          0          0          0         68   printf1.o
       100          0          0          0          0         68   retnan.o
        92          0          0          0          0         68   scalbn.o
        48          0          0          0          0         68   trapv.o
         0          0          0          0          0          0   usenofp.o
       624         52         80          0          0        168   asin.o
       544         70        152          0          0        124   atan.o
       384         38          0          0          0        144   atan2.o
        38          6          0          0          0        272   dunder.o
        40          0          0          0          0         68   fpclassify.o
       170          0          0          0          0         96   poly.o
         0          0          8          0          0          0   qnan.o
        76          0          0          0          0         84   sqrt.o

    ----------------------------------------------------------------------
     12292        766        760          0        100       7264   Library Totals
        28          0          7          0          4          0   (incl. Padding)

    ----------------------------------------------------------------------

      Code (inc. data)   RO Data    RW Data    ZI Data      Debug   Library Name

      5950        260        513          0         96       4032   c_w.l
      4438        340          0          0          0       2276   fz_ws.l
      1876        166        240          0          0        956   m_ws.l

    ----------------------------------------------------------------------
     12292        766        760          0        100       7264   Library Totals

    ----------------------------------------------------------------------

==============================================================================


      Code (inc. data)   RO Data    RW Data    ZI Data      Debug   

     20096       1404       1096        180       4212     315485   Grand Totals
     20096       1404       1096        180       4212     315485   ELF Image Totals
     20096       1404       1096        180          0          0   ROM Totals

==============================================================================

    Total RO  Size (Code + RO Data)                21192 (  20.70kB)
    Total RW  Size (RW Data + ZI Data)              4392 (   4.29kB)
    Total ROM Size (Code + RO Data + RW Data)      21372 (  20.87kB)

==============================================================================

