Component: ARM Compiler 5.06 update 1 (build 61) Tool: armlink [4d35a8]

==============================================================================

Section Cross References

    system_stm32f10x.o(i.SetSysClock) refers to system_stm32f10x.o(i.SetSysClockTo72) for SetSysClockTo72
    system_stm32f10x.o(i.SystemCoreClockUpdate) refers to system_stm32f10x.o(.data) for SystemCoreClock
    system_stm32f10x.o(i.SystemInit) refers to system_stm32f10x.o(i.SetSysClock) for SetSysClock
    stm32f10x_adc.o(i.ADC_DeInit) refers to stm32f10x_rcc.o(i.RCC_APB2PeriphResetCmd) for RCC_APB2PeriphResetCmd
    stm32f10x_bkp.o(i.BKP_DeInit) refers to stm32f10x_rcc.o(i.RCC_BackupResetCmd) for RCC_BackupResetCmd
    stm32f10x_can.o(i.CAN_DeInit) refers to stm32f10x_rcc.o(i.RCC_APB1PeriphResetCmd) for RCC_APB1PeriphResetCmd
    stm32f10x_can.o(i.CAN_GetITStatus) refers to stm32f10x_can.o(i.CheckITStatus) for CheckITStatus
    stm32f10x_cec.o(i.CEC_DeInit) refers to stm32f10x_rcc.o(i.RCC_APB1PeriphResetCmd) for RCC_APB1PeriphResetCmd
    stm32f10x_dac.o(i.DAC_DeInit) refers to stm32f10x_rcc.o(i.RCC_APB1PeriphResetCmd) for RCC_APB1PeriphResetCmd
    stm32f10x_flash.o(i.FLASH_EnableWriteProtection) refers to stm32f10x_flash.o(i.FLASH_WaitForLastOperation) for FLASH_WaitForLastOperation
    stm32f10x_flash.o(i.FLASH_EraseAllBank1Pages) refers to stm32f10x_flash.o(i.FLASH_WaitForLastBank1Operation) for FLASH_WaitForLastBank1Operation
    stm32f10x_flash.o(i.FLASH_EraseAllPages) refers to stm32f10x_flash.o(i.FLASH_WaitForLastOperation) for FLASH_WaitForLastOperation
    stm32f10x_flash.o(i.FLASH_EraseOptionBytes) refers to stm32f10x_flash.o(i.FLASH_GetReadOutProtectionStatus) for FLASH_GetReadOutProtectionStatus
    stm32f10x_flash.o(i.FLASH_EraseOptionBytes) refers to stm32f10x_flash.o(i.FLASH_WaitForLastOperation) for FLASH_WaitForLastOperation
    stm32f10x_flash.o(i.FLASH_ErasePage) refers to stm32f10x_flash.o(i.FLASH_WaitForLastOperation) for FLASH_WaitForLastOperation
    stm32f10x_flash.o(i.FLASH_ProgramHalfWord) refers to stm32f10x_flash.o(i.FLASH_WaitForLastOperation) for FLASH_WaitForLastOperation
    stm32f10x_flash.o(i.FLASH_ProgramOptionByteData) refers to stm32f10x_flash.o(i.FLASH_WaitForLastOperation) for FLASH_WaitForLastOperation
    stm32f10x_flash.o(i.FLASH_ProgramWord) refers to stm32f10x_flash.o(i.FLASH_WaitForLastOperation) for FLASH_WaitForLastOperation
    stm32f10x_flash.o(i.FLASH_ReadOutProtection) refers to stm32f10x_flash.o(i.FLASH_WaitForLastOperation) for FLASH_WaitForLastOperation
    stm32f10x_flash.o(i.FLASH_UserOptionByteConfig) refers to stm32f10x_flash.o(i.FLASH_WaitForLastOperation) for FLASH_WaitForLastOperation
    stm32f10x_flash.o(i.FLASH_WaitForLastBank1Operation) refers to stm32f10x_flash.o(i.FLASH_GetBank1Status) for FLASH_GetBank1Status
    stm32f10x_flash.o(i.FLASH_WaitForLastOperation) refers to stm32f10x_flash.o(i.FLASH_GetBank1Status) for FLASH_GetBank1Status
    stm32f10x_gpio.o(i.GPIO_AFIODeInit) refers to stm32f10x_rcc.o(i.RCC_APB2PeriphResetCmd) for RCC_APB2PeriphResetCmd
    stm32f10x_gpio.o(i.GPIO_DeInit) refers to stm32f10x_rcc.o(i.RCC_APB2PeriphResetCmd) for RCC_APB2PeriphResetCmd
    stm32f10x_i2c.o(i.I2C_DeInit) refers to stm32f10x_rcc.o(i.RCC_APB1PeriphResetCmd) for RCC_APB1PeriphResetCmd
    stm32f10x_i2c.o(i.I2C_Init) refers to stm32f10x_rcc.o(i.RCC_GetClocksFreq) for RCC_GetClocksFreq
    stm32f10x_pwr.o(i.PWR_DeInit) refers to stm32f10x_rcc.o(i.RCC_APB1PeriphResetCmd) for RCC_APB1PeriphResetCmd
    stm32f10x_rcc.o(i.RCC_GetClocksFreq) refers to stm32f10x_rcc.o(.data) for APBAHBPrescTable
    stm32f10x_rcc.o(i.RCC_WaitForHSEStartUp) refers to stm32f10x_rcc.o(i.RCC_GetFlagStatus) for RCC_GetFlagStatus
    stm32f10x_rtc.o(i.RTC_SetAlarm) refers to stm32f10x_rtc.o(i.RTC_EnterConfigMode) for RTC_EnterConfigMode
    stm32f10x_rtc.o(i.RTC_SetAlarm) refers to stm32f10x_rtc.o(i.RTC_ExitConfigMode) for RTC_ExitConfigMode
    stm32f10x_rtc.o(i.RTC_SetCounter) refers to stm32f10x_rtc.o(i.RTC_EnterConfigMode) for RTC_EnterConfigMode
    stm32f10x_rtc.o(i.RTC_SetCounter) refers to stm32f10x_rtc.o(i.RTC_ExitConfigMode) for RTC_ExitConfigMode
    stm32f10x_rtc.o(i.RTC_SetPrescaler) refers to stm32f10x_rtc.o(i.RTC_EnterConfigMode) for RTC_EnterConfigMode
    stm32f10x_rtc.o(i.RTC_SetPrescaler) refers to stm32f10x_rtc.o(i.RTC_ExitConfigMode) for RTC_ExitConfigMode
    stm32f10x_spi.o(i.I2S_Init) refers to stm32f10x_rcc.o(i.RCC_GetClocksFreq) for RCC_GetClocksFreq
    stm32f10x_spi.o(i.SPI_I2S_DeInit) refers to stm32f10x_rcc.o(i.RCC_APB2PeriphResetCmd) for RCC_APB2PeriphResetCmd
    stm32f10x_spi.o(i.SPI_I2S_DeInit) refers to stm32f10x_rcc.o(i.RCC_APB1PeriphResetCmd) for RCC_APB1PeriphResetCmd
    stm32f10x_tim.o(i.TIM_DeInit) refers to stm32f10x_rcc.o(i.RCC_APB2PeriphResetCmd) for RCC_APB2PeriphResetCmd
    stm32f10x_tim.o(i.TIM_DeInit) refers to stm32f10x_rcc.o(i.RCC_APB1PeriphResetCmd) for RCC_APB1PeriphResetCmd
[...]
    qS                                       0x080062b0   Data          32  asin.o(.constdata)
    .constdata                               0x080062d0   Section        8  _printf_wctomb.o(.constdata)
    initial_mbstate                          0x080062d0   Data           8  _printf_wctomb.o(.constdata)
    .constdata                               0x080062d8   Section       40  _printf_hex_int_ll_ptr.o(.constdata)
    uc_hextab                                0x080062d8   Data          20  _printf_hex_int_ll_ptr.o(.constdata)
    lc_hextab                                0x080062ec   Data          20  _printf_hex_int_ll_ptr.o(.constdata)
    .constdata                               0x08006300   Section       17  __printf_flags_ss_wp.o(.constdata)
    maptable                                 0x08006300   Data          17  __printf_flags_ss_wp.o(.constdata)
    .constdata                               0x08006318   Section      152  atan.o(.constdata)
    atanhi                                   0x08006318   Data          32  atan.o(.constdata)
    atanlo                                   0x08006338   Data          32  atan.o(.constdata)
    aTodd                                    0x08006358   Data          40  atan.o(.constdata)
    aTeven                                   0x08006380   Data          48  atan.o(.constdata)
    .constdata                               0x080063b0   Section        8  qnan.o(.constdata)
    .constdata                               0x080063b8   Section      148  bigflt0.o(.constdata)
    tenpwrs_x                                0x080063b8   Data          60  bigflt0.o(.constdata)
    tenpwrs_i                                0x080063f4   Data          64  bigflt0.o(.constdata)
    locale$$data                             0x0800646c   Section       28  lc_numeric_c.o(locale$$data)
    __lcnum_c_name                           0x08006470   Data           2  lc_numeric_c.o(locale$$data)
    __lcnum_c_start                          0x08006478   Data           0  lc_numeric_c.o(locale$$data)
    __lcnum_c_point                          0x08006484   Data           0  lc_numeric_c.o(locale$$data)
    __lcnum_c_thousands                      0x08006486   Data           0  lc_numeric_c.o(locale$$data)
    __lcnum_c_grouping                       0x08006487   Data           0  lc_numeric_c.o(locale$$data)
    locale$$data                             0x08006488   Section      272  lc_ctype_c.o(locale$$data)
    __lcnum_c_end                            0x08006488   Data           0  lc_numeric_c.o(locale$$data)
    __lcctype_c_name                         0x0800648c   Data           2  lc_ctype_c.o(locale$$data)
    __lcctype_c_start                        0x08006494   Data           0  lc_ctype_c.o(locale$$data)
    __lcctype_c_end                          0x08006598   Data           0  lc_ctype_c.o(locale$$data)
    .data                                    0x20000000   Section       20  stm32f10x_rcc.o(.data)
    APBAHBPrescTable                         0x20000000   Data          16  stm32f10x_rcc.o(.data)
    ADCPrescTable                            0x20000010   Data           4  stm32f10x_rcc.o(.data)
    .data                                    0x20000014   Section       12  main.o(.data)
    .data                                    0x20000020   Section      144  angle.o(.data)
    .data                                    0x200000b0   Section        4  base.o(.data)
    .data                                    0x200000b4   Section      296  control.o(.data)
    .data                                    0x200001dc   Section        2  set.o(.data)
    .data                                    0x200001e0   Section       36  sr04.o(.data)
    .bss                                     0x20000204   Section       16  outputdata.o(.bss)
    .bss                                     0x20000214   Section       96  libspace.o(.bss)
    HEAP                                     0x20000278   Section     2048  startup_stm32f10x_hd.o(HEAP)
    Heap_Mem                                 0x20000278   Data        2048  startup_stm32f10x_hd.o(HEAP)
    STACK                                    0x20000a78   Section     2048  startup_stm32f10x_hd.o(STACK)
    Stack_Mem                                0x20000a78   Data        2048  startup_stm32f10x_hd.o(STACK)
    __initial_sp                             0x20001278   Data           0  startup_stm32f10x_hd.o(STACK)

    Global Symbols

    Symbol Name                              Value     Ov Type        Size  Object(Section)

    BuildAttributes$$THM_ISAv4$P$D$K$B$S$PE$A:L22UL41UL21$X:L11$S22US41US21$IEEE1$IW$USESV6$~STKCKD$USESV7$~SHL$OTIME$ROPI$IEEEX$EBA8$UX$STANDARDLIB$REQ8$PRES8$EABIv2 0x00000000   Number         0  anon$$obj.o ABSOLUTE
    __ARM_use_no_argv                        0x00000000   Number         0  main.o ABSOLUTE
    _printf_flags                            0x00000000   Number         0  printf_stubs.o ABSOLUTE
    _printf_return_value                     0x00000000   Number         0  printf_stubs.o ABSOLUTE
    _printf_sizespec                         0x00000000   Number         0  printf_stubs.o ABSOLUTE
    _printf_widthprec                        0x00000000   Number         0  printf_stubs.o ABSOLUTE
    __ARM_exceptions_init                     - Undefined Weak Reference
    __alloca_initialize                       - Undefined Weak Reference
    __arm_preinit_                            - Undefined Weak Reference
    __cpp_initialize__aeabi_                  - Undefined Weak Reference
    __cxa_finalize                            - Undefined Weak Reference
    __sigvec_lookup                           - Undefined Weak Reference
    _atexit_init                              - Undefined Weak Reference
    _call_atexit_fns                          - Undefined Weak Reference
    _clock_init                               - Undefined Weak Reference
    _fp_trap_init                             - Undefined Weak Reference
    _fp_trap_shutdown                         - Undefined Weak Reference
    _get_lc_collate                           - Undefined Weak Reference
    _get_lc_monetary                          - Undefined Weak Reference
    _get_lc_time                              - Undefined Weak Reference
    _getenv_init                              - Undefined Weak Reference
    _handle_redirection                       - Undefined Weak Reference
    _init_alloc                               - Undefined Weak Reference
    _init_user_alloc                          - Undefined Weak Reference
    _initio                                   - Undefined Weak Reference
    _printf_fp_hex                            - Undefined Weak Reference
    _printf_mbtowc                            - Undefined Weak Reference
    _printf_wc                                - Undefined Weak Reference
    _rand_init                                - Undefined Weak Reference
    _signal_finish                            - Undefined Weak Reference
    _signal_init                              - Undefined Weak Reference
    _terminate_alloc                          - Undefined Weak Reference
    _terminate_user_alloc                     - Undefined Weak Reference
    _terminateio                              - Undefined Weak Reference
    __Vectors_Size                           0x00000130   Number         0  startup_stm32f10x_hd.o ABSOLUTE
    __Vectors                                0x08000000   Data           4  startup_stm32f10x_hd.o(RESET)
    __Vectors_End                            0x08000130   Data           0  startup_stm32f10x_hd.o(RESET)
    __main                                   0x08000131   Thumb Code     8  __main.o(!!!main)
    __scatterload                            0x08000139   Thumb Code     0  __scatter.o(!!!scatter)
    __scatterload_rt2                        0x08000139   Thumb Code    44  __scatter.o(!!!scatter)
    __scatterload_rt2_thumb_only             0x08000139   Thumb Code     0  __scatter.o(!!!scatter)
    __scatterload_null                       0x08000147   Thumb Code     0  __scatter.o(!!!scatter)
    __decompress                             0x0800016d   Thumb Code    90  __dczerorl2.o(!!dczerorl2)
    __decompress1                            0x0800016d   Thumb Code     0  __dczerorl2.o(!!dczerorl2)
    __scatterload_zeroinit                   0x080001c9   Thumb Code    28  __scatter_zi.o(!!handler_zi)
    _printf_n                                0x080001e5   Thumb Code     0  _printf_n.o(.ARM.Collect$$_printf_percent$$00000001)
    _printf_percent                          0x080001e5   Thumb Code     0  _printf_percent.o(.ARM.Collect$$_printf_percent$$00000000)
    _printf_p                                0x080001eb   Thumb Code     0  _printf_p.o(.ARM.Collect$$_printf_percent$$00000002)
    _printf_f                                0x080001f1   Thumb Code     0  _printf_f.o(.ARM.Collect$$_printf_percent$$00000003)
    _printf_e                                0x080001f7   Thumb Code     0  _printf_e.o(.ARM.Collect$$_printf_percent$$00000004)
    _printf_g                                0x080001fd   Thumb Code     0  _printf_g.o(.ARM.Collect$$_printf_percent$$00000005)
    _printf_a                                0x08000203   Thumb Code     0  _printf_a.o(.ARM.Collect$$_printf_percent$$00000006)
    _printf_ll                               0x08000209   Thumb Code     0  _printf_ll.o(.ARM.Collect$$_printf_percent$$00000007)
    _printf_i                                0x08000213   Thumb Code     0  _printf_i.o(.ARM.Collect$$_printf_percent$$00000008)
    _printf_d                                0x08000219   Thumb Code     0  _printf_d.o(.ARM.Collect$$_printf_percent$$00000009)
    _printf_u                                0x0800021f   Thumb Code     0  _printf_u.o(.ARM.Collect$$_printf_percent$$0000000A)
    _printf_o                                0x08000225   Thumb Code     0  _printf_o.o(.ARM.Collect$$_printf_percent$$0000000B)
    _printf_x                                0x0800022b   Thumb Code     0  _printf_x.o(.ARM.Collect$$_printf_percent$$0000000C)
    _printf_lli                              0x08000231   Thumb Code     0  _printf_lli.o(.ARM.Collect$$_printf_percent$$0000000D)
    _printf_lld                              0x08000237   Thumb Code     0  _printf_lld.o(.ARM.Collect$$_printf_percent$$0000000E)
    _printf_llu                              0x0800023d   Thumb Code     0  _printf_llu.o(.ARM.Collect$$_printf_percent$$0000000F)
    _printf_llo                              0x08000243   Thumb Code     0  _printf_llo.o(.ARM.Collect$$_printf_percent$$00000010)
    _printf_llx                              0x08000249   Thumb Code     0  _printf_llx.o(.ARM.Collect$$_printf_percent$$00000011)
    _printf_l                                0x0800024f   Thumb Code     0  _printf_l.o(.ARM.Collect$$_printf_percent$$00000012)
    _printf_c                                0x08000259   Thumb Code     0  _printf_c.o(.ARM.Collect$$_printf_percent$$00000013)
    _printf_s                                0x0800025f   Thumb Code     0  _printf_s.o(.ARM.Collect$$_printf_percent$$00000014)
    _printf_lc                               0x08000265   Thumb Code     0  _printf_lc.o(.ARM.Collect$$_printf_percent$$00000015)
    _printf_ls                               0x0800026b   Thumb Code     0  _printf_ls.o(.ARM.Collect$$_printf_percent$$00000016)
    _printf_percent_end                      0x08000271   Thumb Code     0  _printf_percent_end.o(.ARM.Collect$$_printf_percent$$00000017)
    __rt_lib_init                            0x08000275   Thumb Code     0  libinit.o(.ARM.Collect$$libinit$$00000000)
    __rt_lib_init_fp_1                       0x08000277   Thumb Code     0  libinit2.o(.ARM.Collect$$libinit$$00000002)
    __rt_lib_init_heap_1                     0x08000277   Thumb Code     0  libinit2.o(.ARM.Collect$$libinit$$0000000A)
    __rt_lib_init_lc_common                  0x08000277   Thumb Code     0  libinit2.o(.ARM.Collect$$libinit$$0000000F)
    __rt_lib_init_preinit_1                  0x08000277   Thumb Code     0  libinit2.o(.ARM.Collect$$libinit$$00000004)
    __rt_lib_init_rand_1                     0x08000277   Thumb Code     0  libinit2.o(.ARM.Collect$$libinit$$0000000E)
    __rt_lib_init_user_alloc_1               0x08000277   Thumb Code     0  libinit2.o(.ARM.Collect$$libinit$$0000000C)
    __rt_lib_init_lc_collate_1               0x0800027d   Thumb Code     0  libinit2.o(.ARM.Collect$$libinit$$00000011)
    __rt_lib_init_lc_ctype_2                 0x0800027d   Thumb Code     0  libinit2.o(.ARM.Collect$$libinit$$00000012)
    __rt_lib_init_lc_ctype_1                 0x08000289   Thumb Code     0  libinit2.o(.ARM.Collect$$libinit$$00000013)
    __rt_lib_init_lc_monetary_1              0x08000289   Thumb Code     0  libinit2.o(.ARM.Collect$$libinit$$00000015)
    __rt_lib_init_lc_numeric_2               0x08000289   Thumb Code     0  libinit2.o(.ARM.Collect$$libinit$$00000016)
    __rt_lib_init_alloca_1                   0x08000293   Thumb Code     0  libinit2.o(.ARM.Collect$$libinit$$0000002E)
    __rt_lib_init_argv_1                     0x08000293   Thumb Code     0  libinit2.o(.ARM.Collect$$libinit$$0000002C)
    __rt_lib_init_atexit_1                   0x08000293   Thumb Code     0  libinit2.o(.ARM.Collect$$libinit$$0000001B)
    __rt_lib_init_clock_1                    0x08000293   Thumb Code     0  libinit2.o(.ARM.Collect$$libinit$$00000021)
    __rt_lib_init_cpp_1                      0x08000293   Thumb Code     0  libinit2.o(.ARM.Collect$$libinit$$00000032)
    __rt_lib_init_exceptions_1               0x08000293   Thumb Code     0  libinit2.o(.ARM.Collect$$libinit$$00000030)
    __rt_lib_init_fp_trap_1                  0x08000293   Thumb Code     0  libinit2.o(.ARM.Collect$$libinit$$0000001F)
    __rt_lib_init_getenv_1                   0x08000293   Thumb Code     0  libinit2.o(.ARM.Collect$$libinit$$00000023)
    __rt_lib_init_lc_numeric_1               0x08000293   Thumb Code     0  libinit2.o(.ARM.Collect$$libinit$$00000017)
    __rt_lib_init_lc_time_1                  0x08000293   Thumb Code     0  libinit2.o(.ARM.Collect$$libinit$$00000019)
    __rt_lib_init_return                     0x08000293   Thumb Code     0  libinit2.o(.ARM.Collect$$libinit$$00000033)
    __rt_lib_init_signal_1                   0x08000293   Thumb Code     0  libinit2.o(.ARM.Collect$$libinit$$0000001D)
    __rt_lib_init_stdio_1                    0x08000293   Thumb Code     0  libinit2.o(.ARM.Collect$$libinit$$00000025)
    __rt_lib_shutdown                        0x08000295   Thumb Code     0  libshutdown.o(.ARM.Collect$$libshutdown$$00000000)
    __rt_lib_shutdown_cpp_1                  0x08000297   Thumb Code     0  libshutdown2.o(.ARM.Collect$$libshutdown$$00000002)
    __rt_lib_shutdown_fp_trap_1              0x08000297   Thumb Code     0  libshutdown2.o(.ARM.Collect$$libshutdown$$00000007)
    __rt_lib_shutdown_heap_1                 0x08000297   Thumb Code     0  libshutdown2.o(.ARM.Collect$$libshutdown$$0000000F)
    __rt_lib_shutdown_return                 0x08000297   Thumb Code     0  libshutdown2.o(.ARM.Collect$$libshutdown$$00000010)
    __rt_lib_shutdown_signal_1               0x08000297   Thumb Code     0  libshutdown2.o(.ARM.Collect$$libshutdown$$0000000A)
    __rt_lib_shutdown_stdio_1                0x08000297   Thumb Code     0  libshutdown2.o(.ARM.Collect$$libshutdown$$00000004)
    __rt_lib_shutdown_user_alloc_1           0x08000297   Thumb Code     0  libshutdown2.o(.ARM.Collect$$libshutdown$$0000000C)
    __rt_entry                               0x08000299   Thumb Code     0  __rtentry.o(.ARM.Collect$$rtentry$$00000000)
    __rt_entry_presh_1                       0x08000299   Thumb Code     0  __rtentry2.o(.ARM.Collect$$rtentry$$00000002)
    __rt_entry_sh                            0x08000299   Thumb Code     0  __rtentry4.o(.ARM.Collect$$rtentry$$00000004)
    __rt_entry_li                            0x0800029f   Thumb Code     0  __rtentry2.o(.ARM.Collect$$rtentry$$0000000A)
    __rt_entry_postsh_1                      0x0800029f   Thumb Code     0  __rtentry2.o(.ARM.Collect$$rtentry$$00000009)
    __rt_entry_main                          0x080002a3   Thumb Code     0  __rtentry2.o(.ARM.Collect$$rtentry$$0000000D)
    __rt_entry_postli_1                      0x080002a3   Thumb Code     0  __rtentry2.o(.ARM.Collect$$rtentry$$0000000C)
    __rt_exit                                0x080002ab   Thumb Code     0  rtexit.o(.ARM.Collect$$rtexit$$00000000)
    __rt_exit_ls                             0x080002ad   Thumb Code     0  rtexit2.o(.ARM.Collect$$rtexit$$00000003)
    __rt_exit_prels_1                        0x080002ad   Thumb Code     0  rtexit2.o(.ARM.Collect$$rtexit$$00000002)
    __rt_exit_exit                           0x080002b1   Thumb Code     0  rtexit2.o(.ARM.Collect$$rtexit$$00000004)
    Reset_Handler                            0x080002b9   Thumb Code     8  startup_stm32f10x_hd.o(.text)
    ADC1_2_IRQHandler                        0x080002d3   Thumb Code     0  startup_stm32f10x_hd.o(.text)
    ADC3_IRQHandler                          0x080002d3   Thumb Code     0  startup_stm32f10x_hd.o(.text)
    CAN1_RX1_IRQHandler                      0x080002d3   Thumb Code     0  startup_stm32f10x_hd.o(.text)
    CAN1_SCE_IRQHandler                      0x080002d3   Thumb Code     0  startup_stm32f10x_hd.o(.text)
    DMA1_Channel1_IRQHandler                 0x080002d3   Thumb Code     0  startup_stm32f10x_hd.o(.text)
    DMA1_Channel2_IRQHandler                 0x080002d3   Thumb Code     0  startup_stm32f10x_hd.o(.text)
    DMA1_Channel3_IRQHandler                 0x080002d3   Thumb Code     0  startup_stm32f10x_hd.o(.text)
    DMA1_Channel4_IRQHandler                 0x080002d3   Thumb Code     0  startup_stm32f10x_hd.o(.text)
    DMA1_Channel5_IRQHandler                 0x080002d3   Thumb Code     0  startup_stm32f10x_hd.o(.text)
    DMA1_Channel6_IRQHandler                 0x080002d3   Thumb Code     0  startup_stm32f10x_hd.o(.text)
    DMA1_Channel7_IRQHandler                 0x080002d3   Thumb Code     0  startup_stm32f10x_hd.o(.text)
    DMA2_Channel1_IRQHandler                 0x080002d3   Thumb Code     0  startup_stm32f10x_hd.o(.text)
    DMA2_Channel2_IRQHandler                 0x080002d3   Thumb Code     0  startup_stm32f10x_hd.o(.text)
    DMA2_Channel3_IRQHandler                 0x080002d3   Thumb Code     0  startup_stm32f10x_hd.o(.text)
    DMA2_Channel4_5_IRQHandler               0x080002d3   Thumb Code     0  startup_stm32f10x_hd.o(.text)
    EXTI0_IRQHandler                         0x080002d3   Thumb Code     0  startup_stm32f10x_hd.o(.text)
    EXTI15_10_IRQHandler                     0x080002d3   Thumb Code     0  startup_stm32f10x_hd.o(.text)
    EXTI1_IRQHandler                         0x080002d3   Thumb Code     0  startup_stm32f10x_hd.o(.text)
    EXTI2_IRQHandler                         0x080002d3   Thumb Code     0  startup_stm32f10x_hd.o(.text)
    EXTI3_IRQHandler                         0x080002d3   Thumb Code     0  startup_stm32f10x_hd.o(.text)
    EXTI4_IRQHandler                         0x080002d3   Thumb Code     0  startup_stm32f10x_hd.o(.text)
    EXTI9_5_IRQHandler                       0x080002d3   Thumb Code     0  startup_stm32f10x_hd.o(.text)
    FLASH_IRQHandler                         0x080002d3   Thumb Code     0  startup_stm32f10x_hd.o(.text)
    FSMC_IRQHandler                          0x080002d3   Thumb Code     0  startup_stm32f10x_hd.o(.text)
    I2C1_ER_IRQHandler                       0x080002d3   Thumb Code     0  startup_stm32f10x_hd.o(.text)
    I2C1_EV_IRQHandler                       0x080002d3   Thumb Code     0  startup_stm32f10x_hd.o(.text)
    I2C2_ER_IRQHandler                       0x080002d3   Thumb Code     0  startup_stm32f10x_hd.o(.text)
    I2C2_EV_IRQHandler                       0x080002d3   Thumb Code     0  startup_stm32f10x_hd.o(.text)
    PVD_IRQHandler                           0x080002d3   Thumb Code     0  startup_stm32f10x_hd.o(.text)
    RCC_IRQHandler                           0x080002d3   Thumb Code     0  startup_stm32f10x_hd.o(.text)
    RTCAlarm_IRQHandler                      0x080002d3   Thumb Code     0  startup_stm32f10x_hd.o(.text)
    RTC_IRQHandler                           0x080002d3   Thumb Code     0  startup_stm32f10x_hd.o(.text)
    SDIO_IRQHandler                          0x080002d3   Thumb Code     0  startup_stm32f10x_hd.o(.text)
    SPI1_IRQHandler                          0x080002d3   Thumb Code     0  startup_stm32f10x_hd.o(.text)
    SPI2_IRQHandler                          0x080002d3   Thumb Code     0  startup_stm32f10x_hd.o(.text)
    SPI3_IRQHandler                          0x080002d3   Thumb Code     0  startup_stm32f10x_hd.o(.text)
    TAMPER_IRQHandler                        0x080002d3   Thumb Code     0  startup_stm32f10x_hd.o(.text)
    TIM1_BRK_IRQHandler                      0x080002d3   Thumb Code     0  startup_stm32f10x_hd.o(.text)
    TIM1_CC_IRQHandler                       0x080002d3   Thumb Code     0  startup_stm32f10x_hd.o(.text)
    TIM1_TRG_COM_IRQHandler                  0x080002d3   Thumb Code     0  startup_stm32f10x_hd.o(.text)
    TIM1_UP_IRQHandler                       0x080002d3   Thumb Code     0  startup_stm32f10x_hd.o(.text)
    TIM2_IRQHandler                          0x080002d3   Thumb Code     0  startup_stm32f10x_hd.o(.text)
    TIM4_IRQHandler                          0x080002d3   Thumb Code     0  startup_stm32f10x_hd.o(.text)
    TIM5_IRQHandler                          0x080002d3   Thumb Code     0  startup_stm32f10x_hd.o(.text)
    TIM7_IRQHandler                          0x080002d3   Thumb Code     0  startup_stm32f10x_hd.o(.text)
    TIM8_BRK_IRQHandler                      0x080002d3   Thumb Code     0  startup_stm32f10x_hd.o(.text)
    TIM8_CC_IRQHandler                       0x080002d3   Thumb Code     0  startup_stm32f10x_hd.o(.text)
    TIM8_TRG_COM_IRQHandler                  0x080002d3   Thumb Code     0  startup_stm32f10x_hd.o(.text)
    TIM8_UP_IRQHandler                       0x080002d3   Thumb Code     0  startup_stm32f10x_hd.o(.text)
    UART5_IRQHandler                         0x080002d3   Thumb Code     0  startup_stm32f10x_hd.o(.text)
    USART1_IRQHandler                        0x080002d3   Thumb Code     0  startup_stm32f10x_hd.o(.text)
    USART2_IRQHandler                        0x080002d3   Thumb Code     0  startup_stm32f10x_hd.o(.text)
    USART3_IRQHandler                        0x080002d3   Thumb Code     0  startup_stm32f10x_hd.o(.text)
    USBWakeUp_IRQHandler                     0x080002d3   Thumb Code     0  startup_stm32f10x_hd.o(.text)
    USB_HP_CAN1_TX_IRQHandler                0x080002d3   Thumb Code     0  startup_stm32f10x_hd.o(.text)
    USB_LP_CAN1_RX0_IRQHandler               0x080002d3   Thumb Code     0  startup_stm32f10x_hd.o(.text)
    WWDG_IRQHandler                          0x080002d3   Thumb Code     0  startup_stm32f10x_hd.o(.text)
    __user_initial_stackheap                 0x080002d5   Thumb Code     0  startup_stm32f10x_hd.o(.text)
    __c89vsnprintf                           0x080002f9   Thumb Code    48  c89vsnprintf.o(.text)
    __use_two_region_memory                  0x0800032d   Thumb Code     2  heapauxi.o(.text)
    __rt_heap_escrow$2region                 0x0800032f   Thumb Code     2  heapauxi.o(.text)
    __rt_heap_expand$2region                 0x08000331   Thumb Code     2  heapauxi.o(.text)
    __read_errno                             0x08000333   Thumb Code    10  _rserrno.o(.text)
    __set_errno                              0x0800033d   Thumb Code    12  _rserrno.o(.text)
    _printf_pre_padding                      0x08000349   Thumb Code    44  _printf_pad.o(.text)
    _printf_post_padding                     0x08000375   Thumb Code    34  _printf_pad.o(.text)
    _printf_truncate_signed                  0x08000397   Thumb Code    18  _printf_truncate.o(.text)
    _printf_truncate_unsigned                0x080003a9   Thumb Code    18  _printf_truncate.o(.text)
    _printf_str                              0x080003bb   Thumb Code    82  _printf_str.o(.text)
    _printf_int_dec                          0x0800040d   Thumb Code   104  _printf_dec.o(.text)
    _printf_charcount                        0x08000485   Thumb Code    40  _printf_charcount.o(.text)
    _printf_char_common                      0x080004b7   Thumb Code    32  _printf_char_common.o(.text)
    _sputc                                   0x080004dd   Thumb Code    10  _sputc.o(.text)
    _snputc                                  0x080004e7   Thumb Code    16  _snputc.o(.text)
    _printf_wctomb                           0x080004f9   Thumb Code   182  _printf_wctomb.o(.text)
    _printf_longlong_dec                     0x080005b5   Thumb Code   108  _printf_longlong_dec.o(.text)
    _printf_longlong_oct                     0x08000631   Thumb Code    68  _printf_oct_int_ll.o(.text)
    _printf_int_oct                          0x08000675   Thumb Code    24  _printf_oct_int_ll.o(.text)
    _printf_ll_oct                           0x0800068d   Thumb Code    12  _printf_oct_int_ll.o(.text)
    _printf_longlong_hex                     0x080006a1   Thumb Code    86  _printf_hex_int_ll_ptr.o(.text)
    _printf_int_hex                          0x080006f7   Thumb Code    28  _printf_hex_int_ll_ptr.o(.text)
    _printf_ll_hex                           0x08000713   Thumb Code    12  _printf_hex_int_ll_ptr.o(.text)
    _printf_hex_ptr                          0x0800071f   Thumb Code    18  _printf_hex_int_ll_ptr.o(.text)
    __printf                                 0x08000735   Thumb Code   388  __printf_flags_ss_wp.o(.text)
    __aeabi_errno_addr                       0x080008bd   Thumb Code     8  rt_errno_addr_intlibspace.o(.text)
    __errno$intlibspace                      0x080008bd   Thumb Code     0  rt_errno_addr_intlibspace.o(.text)
    __rt_errno_addr$intlibspace              0x080008bd   Thumb Code     0  rt_errno_addr_intlibspace.o(.text)
    _ll_udiv10                               0x080008c5   Thumb Code   138  lludiv10.o(.text)
    _printf_int_common                       0x0800094f   Thumb Code   178  _printf_intcommon.o(.text)
    __lib_sel_fp_printf                      0x08000a01   Thumb Code     2  _printf_fp_dec.o(.text)
    _printf_fp_dec_real                      0x08000baf   Thumb Code   620  _printf_fp_dec.o(.text)
    _printf_cs_common                        0x08000e1b   Thumb Code    20  _printf_char.o(.text)
    _printf_char                             0x08000e2f   Thumb Code    16  _printf_char.o(.text)
    _printf_string                           0x08000e3f   Thumb Code     8  _printf_char.o(.text)
    _printf_lcs_common                       0x08000e47   Thumb Code    20  _printf_wchar.o(.text)
    _printf_wchar                            0x08000e5b   Thumb Code    16  _printf_wchar.o(.text)
    _printf_wstring                          0x08000e6b   Thumb Code     8  _printf_wchar.o(.text)
    _wcrtomb                                 0x08000e73   Thumb Code    64  _wcrtomb.o(.text)
    __user_libspace                          0x08000eb5   Thumb Code     8  libspace.o(.text)
    __user_perproc_libspace                  0x08000eb5   Thumb Code     0  libspace.o(.text)
    __user_perthread_libspace                0x08000eb5   Thumb Code     0  libspace.o(.text)
    __user_setup_stackheap                   0x08000ebd   Thumb Code    74  sys_stackheap_outer.o(.text)
    __rt_ctype_table                         0x08000f09   Thumb Code    16  rt_ctype_table.o(.text)
    __rt_locale                              0x08000f19   Thumb Code     8  rt_locale_intlibspace.o(.text)
    _printf_fp_infnan                        0x08000f21   Thumb Code   112  _printf_fp_infnan.o(.text)
    _btod_etento                             0x08000fa1   Thumb Code   216  bigflt0.o(.text)
    exit                                     0x0800107d   Thumb Code    18  exit.o(.text)
    strcmp                                   0x08001091   Thumb Code   128  strcmpv7m.o(.text)
    _sys_exit                                0x08001111   Thumb Code     8  sys_exit.o(.text)
    __I$use$semihosting                      0x0800111d   Thumb Code     0  use_no_semi.o(.text)
    __use_no_semihosting_swi                 0x0800111d   Thumb Code     2  use_no_semi.o(.text)
    __semihosting_library_function           0x0800111f   Thumb Code     0  indicate_semi.o(.text)
    _btod_d2e                                0x0800111f   Thumb Code    62  btod.o(CL$$btod_d2e)
    _d2e_denorm_low                          0x0800115d   Thumb Code    70  btod.o(CL$$btod_d2e_denorm_low)
    _d2e_norm_op1                            0x080011a3   Thumb Code    96  btod.o(CL$$btod_d2e_norm_op1)
    __btod_div_common                        0x08001203   Thumb Code   696  btod.o(CL$$btod_div_common)
    _e2e                                     0x0800153b   Thumb Code   198  btod.o(CL$$btod_e2e)
    _btod_ediv                               0x08001601   Thumb Code    40  btod.o(CL$$btod_ediv)
    _btod_emul                               0x08001629   Thumb Code    40  btod.o(CL$$btod_emul)
    __btod_mult_common                       0x08001651   Thumb Code   580  btod.o(CL$$btod_mult_common)
    Brushless_Init                           0x08001895   Thumb Code   206  control.o(i.Brushless_Init)
    BusFault_Handler                         0x0800196d   Thumb Code     4  stm32f10x_it.o(i.BusFault_Handler)
    CRC_CHECK                                0x08001971   Thumb Code    58  outputdata.o(i.CRC_CHECK)
    DebugMon_Handler                         0x080019ab   Thumb Code     2  stm32f10x_it.o(i.DebugMon_Handler)
    Fly_Control                              0x080019ad   Thumb Code   364  control.o(i.Fly_Control)
    GPIO_Init                                0x08001b5d   Thumb Code   278  stm32f10x_gpio.o(i.GPIO_Init)
    GPIO_ResetBits                           0x08001c73   Thumb Code     4  stm32f10x_gpio.o(i.GPIO_ResetBits)
    GPIO_SetBits                             0x08001c77   Thumb Code     4  stm32f10x_gpio.o(i.GPIO_SetBits)
    Get_Accel_Angle                          0x08001c7d   Thumb Code   224  angle.o(i.Get_Accel_Angle)
    Get_Angle_Speed                          0x08001d85   Thumb Code   218  angle.o(i.Get_Angle_Speed)
    Get_Height                               0x08001e8d   Thumb Code   100  sr04.o(i.Get_Height)
    HardFault_Handler                        0x08001f0d   Thumb Code     4  stm32f10x_it.o(i.HardFault_Handler)
    I2C_AcknowledgeConfig                    0x08001f11   Thumb Code    24  stm32f10x_i2c.o(i.I2C_AcknowledgeConfig)
    I2C_BufferRead                           0x08001f29   Thumb Code   220  i2c.o(i.I2C_BufferRead)
    I2C_ByteWrite                            0x0800200d   Thumb Code   118  i2c.o(i.I2C_ByteWrite)
    I2C_CheckEvent                           0x0800208d   Thumb Code    42  stm32f10x_i2c.o(i.I2C_CheckEvent)
    I2C_Cmd                                  0x080020b7   Thumb Code    24  stm32f10x_i2c.o(i.I2C_Cmd)
    I2C_DeInit                               0x080020d1   Thumb Code    50  stm32f10x_i2c.o(i.I2C_DeInit)
    I2C_DoubleRead                           0x08002109   Thumb Code    66  i2c.o(i.I2C_DoubleRead)
    I2C_ForceEnd                             0x0800214d   Thumb Code   108  i2c.o(i.I2C_ForceEnd)
    I2C_GenerateSTART                        0x080021c1   Thumb Code    24  stm32f10x_i2c.o(i.I2C_GenerateSTART)
    I2C_GenerateSTOP                         0x080021d9   Thumb Code    24  stm32f10x_i2c.o(i.I2C_GenerateSTOP)
    I2C_GetFlagStatus                        0x080021f1   Thumb Code    58  stm32f10x_i2c.o(i.I2C_GetFlagStatus)
    I2C_ITConfig                             0x0800222b   Thumb Code    18  stm32f10x_i2c.o(i.I2C_ITConfig)
    I2C_Init                                 0x0800223d   Thumb Code   222  stm32f10x_i2c.o(i.I2C_Init)
    I2C_Pin2AFOD                             0x08002329   Thumb Code    48  i2c.o(i.I2C_Pin2AFOD)
    I2C_Pin2OD                               0x08002361   Thumb Code    48  i2c.o(i.I2C_Pin2OD)
    I2C_ReceiveData                          0x08002399   Thumb Code     8  stm32f10x_i2c.o(i.I2C_ReceiveData)
    I2C_Send7bitAddress                      0x080023a1   Thumb Code    18  stm32f10x_i2c.o(i.I2C_Send7bitAddress)
    I2C_SendData                             0x080023b3   Thumb Code     4  stm32f10x_i2c.o(i.I2C_SendData)
    I2C_SoftwareResetCmd                     0x080023b7   Thumb Code    22  stm32f10x_i2c.o(i.I2C_SoftwareResetCmd)
    I2C_init                                 0x080023cd   Thumb Code   186  i2c.o(i.I2C_init)
    IMU_Update                               0x08002495   Thumb Code  1744  angle.o(i.IMU_Update)
    KalMan                                   0x08002b99   Thumb Code   116  base.o(i.KalMan)
    Limit_Duty                               0x08002c0d   Thumb Code    44  control.o(i.Limit_Duty)
    MPU_init                                 0x08002c45   Thumb Code    76  mpu9250.o(i.MPU_init)
    MemManage_Handler                        0x08002c99   Thumb Code     4  stm32f10x_it.o(i.MemManage_Handler)
    NMI_Handler                              0x08002c9d   Thumb Code     2  stm32f10x_it.o(i.NMI_Handler)
    NVIC_Init                                0x08002ca1   Thumb Code   100  misc.o(i.NVIC_Init)
    NVIC_PriorityGroupConfig                 0x08002d11   Thumb Code    10  misc.o(i.NVIC_PriorityGroupConfig)
    OutPut_Data                              0x08002d25   Thumb Code   190  outputdata.o(i.OutPut_Data)
    PID_Control                              0x08002ded   Thumb Code   142  control.o(i.PID_Control)
    PendSV_Handler                           0x08002e7b   Thumb Code     2  stm32f10x_it.o(i.PendSV_Handler)
    RCC_APB1PeriphClockCmd                   0x08002e7d   Thumb Code    26  stm32f10x_rcc.o(i.RCC_APB1PeriphClockCmd)
    RCC_APB1PeriphResetCmd                   0x08002e9d   Thumb Code    26  stm32f10x_rcc.o(i.RCC_APB1PeriphResetCmd)
    RCC_APB2PeriphClockCmd                   0x08002ebd   Thumb Code    26  stm32f10x_rcc.o(i.RCC_APB2PeriphClockCmd)
    RCC_GetClocksFreq                        0x08002edd   Thumb Code   192  stm32f10x_rcc.o(i.RCC_GetClocksFreq)
    SR04_Init                                0x08002fb1   Thumb Code    56  sr04.o(i.SR04_Init)
    SR04_Trig                                0x08002fed   Thumb Code    26  sr04.o(i.SR04_Trig)
    SVC_Handler                              0x0800300d   Thumb Code     2  stm32f10x_it.o(i.SVC_Handler)
    Set_Brushless_Speed                      0x080030f9   Thumb Code   242  control.o(i.Set_Brushless_Speed)
    SysTick_Handler                          0x08003205   Thumb Code     2  stm32f10x_it.o(i.SysTick_Handler)
    SystemInit                               0x08003209   Thumb Code    78  system_stm32f10x.o(i.SystemInit)
    TIM3_Cap_Init                            0x080034a9   Thumb Code   130  timer.o(i.TIM3_Cap_Init)
    TIM3_IRQHandler                          0x08003531   Thumb Code   148  main.o(i.TIM3_IRQHandler)
    TIM6_IRQHandler                          0x080035d5   Thumb Code   150  main.o(i.TIM6_IRQHandler)
    TIMER_Init                               0x0800368d   Thumb Code   136  timer.o(i.TIMER_Init)
    TIM_ClearITPendingBit                    0x0800371d   Thumb Code     6  stm32f10x_tim.o(i.TIM_ClearITPendingBit)
    TIM_Cmd                                  0x08003723   Thumb Code    24  stm32f10x_tim.o(i.TIM_Cmd)
    TIM_CtrlPWMOutputs                       0x0800373b   Thumb Code    30  stm32f10x_tim.o(i.TIM_CtrlPWMOutputs)
    TIM_GetCapture1                          0x08003759   Thumb Code     6  stm32f10x_tim.o(i.TIM_GetCapture1)
    TIM_GetITStatus                          0x0800375f   Thumb Code    34  stm32f10x_tim.o(i.TIM_GetITStatus)
    TIM_ICInit                               0x08003781   Thumb Code   150  stm32f10x_tim.o(i.TIM_ICInit)
    TIM_ITConfig                             0x0800382d   Thumb Code    18  stm32f10x_tim.o(i.TIM_ITConfig)
    TIM_OC1Init                              0x08003841   Thumb Code   132  stm32f10x_tim.o(i.TIM_OC1Init)
    TIM_OC1PolarityConfig                    0x080038d9   Thumb Code    18  stm32f10x_tim.o(i.TIM_OC1PolarityConfig)
    TIM_OC2Init                              0x080038ed   Thumb Code   154  stm32f10x_tim.o(i.TIM_OC2Init)
    TIM_OC3Init                              0x08003991   Thumb Code   150  stm32f10x_tim.o(i.TIM_OC3Init)
    TIM_OC4Init                              0x08003a31   Thumb Code   114  stm32f10x_tim.o(i.TIM_OC4Init)
    TIM_SetCounter                           0x08003aad   Thumb Code     4  stm32f10x_tim.o(i.TIM_SetCounter)
    TIM_SetIC1Prescaler                      0x08003ab1   Thumb Code    18  stm32f10x_tim.o(i.TIM_SetIC1Prescaler)
    TIM_SetIC2Prescaler                      0x08003ac3   Thumb Code    26  stm32f10x_tim.o(i.TIM_SetIC2Prescaler)
    TIM_SetIC3Prescaler                      0x08003add   Thumb Code    18  stm32f10x_tim.o(i.TIM_SetIC3Prescaler)
    TIM_SetIC4Prescaler                      0x08003aef   Thumb Code    26  stm32f10x_tim.o(i.TIM_SetIC4Prescaler)
    TIM_TimeBaseInit                         0x08003b09   Thumb Code   122  stm32f10x_tim.o(i.TIM_TimeBaseInit)
    UART4_IRQHandler                         0x08003bad   Thumb Code  1826  main.o(i.UART4_IRQHandler)
    USART_ClearFlag                          0x08004351   Thumb Code    18  stm32f10x_usart.o(i.USART_ClearFlag)
    USART_ClearITPendingBit                  0x08004363   Thumb Code    30  stm32f10x_usart.o(i.USART_ClearITPendingBit)
    USART_Cmd                                0x08004381   Thumb Code    24  stm32f10x_usart.o(i.USART_Cmd)
    USART_GetFlagStatus                      0x08004399   Thumb Code    26  stm32f10x_usart.o(i.USART_GetFlagStatus)
    USART_GetITStatus                        0x080043b3   Thumb Code    84  stm32f10x_usart.o(i.USART_GetITStatus)
    USART_ITConfig                           0x08004407   Thumb Code    74  stm32f10x_usart.o(i.USART_ITConfig)
    USART_Init                               0x08004451   Thumb Code   210  stm32f10x_usart.o(i.USART_Init)
    USART_ReceiveData                        0x08004529   Thumb Code    10  stm32f10x_usart.o(i.USART_ReceiveData)
    USART_SendData                           0x08004533   Thumb Code     8  stm32f10x_usart.o(i.USART_SendData)
    UsageFault_Handler                       0x0800453b   Thumb Code     4  stm32f10x_it.o(i.UsageFault_Handler)
    Usart_Init                               0x08004541   Thumb Code   248  usart.o(i.Usart_Init)
    __ARM_fpclassify                         0x08004649   Thumb Code    40  fpclassify.o(i.__ARM_fpclassify)
    __kernel_poly                            0x08004671   Thumb Code   170  poly.o(i.__kernel_poly)
    __mathlib_dbl_infnan                     0x0800471b   Thumb Code     6  dunder.o(i.__mathlib_dbl_infnan)
    __mathlib_dbl_infnan2                    0x08004721   Thumb Code     4  dunder.o(i.__mathlib_dbl_infnan2)
    __mathlib_dbl_invalid                    0x08004725   Thumb Code    12  dunder.o(i.__mathlib_dbl_invalid)
    __mathlib_dbl_underflow                  0x08004731   Thumb Code    10  dunder.o(i.__mathlib_dbl_underflow)
    _is_digit                                0x08004741   Thumb Code    14  __printf_wp.o(i._is_digit)
    asin                                     0x08004751   Thumb Code   572  asin.o(i.asin)
    atan                                     0x080049c1   Thumb Code   474  atan.o(i.atan)
    atan2                                    0x08004be1   Thumb Code   346  atan2.o(i.atan2)
    delay_init                               0x08004d61   Thumb Code    32  base.o(i.delay_init)
    delay_us                                 0x08004d85   Thumb Code    56  base.o(i.delay_us)
    main                                     0x08004dc1   Thumb Code   108  main.o(i.main)
    send_wave                                0x08004e65   Thumb Code    30  base.o(i.send_wave)
    sqrt                                     0x08004e89   Thumb Code    76  sqrt.o(i.sqrt)
    uprintf                                  0x08004ed5   Thumb Code    90  usart.o(i.uprintf)
    _get_lc_numeric                          0x08004f31   Thumb Code    44  lc_numeric_c.o(locale$$code)
    _get_lc_ctype                            0x08004f5d   Thumb Code    44  lc_ctype_c.o(locale$$code)
    __aeabi_d2f                              0x08004f89   Thumb Code     0  d2f.o(x$fpl$d2f)
    _d2f                                     0x08004f89   Thumb Code    98  d2f.o(x$fpl$d2f)
    __aeabi_dadd                             0x08004fed   Thumb Code     0  daddsub_clz.o(x$fpl$dadd)
    _dadd                                    0x08004fed   Thumb Code   332  daddsub_clz.o(x$fpl$dadd)
    __fpl_dcheck_NaN1                        0x0800513d   Thumb Code    10  dcheck1.o(x$fpl$dcheck1)
    __fpl_dcmp_Inf                           0x0800514d   Thumb Code    24  dcmpi.o(x$fpl$dcmpinf)
    __aeabi_ddiv                             0x08005165   Thumb Code     0  ddiv.o(x$fpl$ddiv)
    _ddiv                                    0x08005165   Thumb Code   552  ddiv.o(x$fpl$ddiv)
    __aeabi_i2d                              0x08005415   Thumb Code     0  dflt_clz.o(x$fpl$dflt)
    _dflt                                    0x08005415   Thumb Code    46  dflt_clz.o(x$fpl$dflt)
    __aeabi_cdcmple                          0x08005445   Thumb Code     0  dleqf.o(x$fpl$dleqf)
    _dcmple                                  0x08005445   Thumb Code   120  dleqf.o(x$fpl$dleqf)
    __fpl_dcmple_InfNaN                      0x080054a7   Thumb Code     0  dleqf.o(x$fpl$dleqf)
    __aeabi_dmul                             0x080054bd   Thumb Code     0  dmul.o(x$fpl$dmul)
    _dmul                                    0x080054bd   Thumb Code   332  dmul.o(x$fpl$dmul)
    __fpl_dnaninf                            0x08005611   Thumb Code   156  dnaninf.o(x$fpl$dnaninf)
    __fpl_dretinf                            0x080056ad   Thumb Code    12  dretinf.o(x$fpl$dretinf)
    __aeabi_cdrcmple                         0x080056b9   Thumb Code     0  drleqf.o(x$fpl$drleqf)
    _drcmple                                 0x080056b9   Thumb Code   108  drleqf.o(x$fpl$drleqf)
    __aeabi_drsub                            0x08005725   Thumb Code     0  daddsub_clz.o(x$fpl$drsb)
    _drsb                                    0x08005725   Thumb Code    22  daddsub_clz.o(x$fpl$drsb)
    _dsqrt                                   0x0800573d   Thumb Code   456  dsqrt_noumaal.o(x$fpl$dsqrt)
    __aeabi_dsub                             0x08005909   Thumb Code     0  daddsub_clz.o(x$fpl$dsub)
    _dsub                                    0x08005909   Thumb Code   464  daddsub_clz.o(x$fpl$dsub)
    __aeabi_f2d                              0x08005add   Thumb Code     0  f2d.o(x$fpl$f2d)
    _f2d                                     0x08005add   Thumb Code    86  f2d.o(x$fpl$f2d)
    __aeabi_fadd                             0x08005b35   Thumb Code     0  faddsub_clz.o(x$fpl$fadd)
    _fadd                                    0x08005b35   Thumb Code   196  faddsub_clz.o(x$fpl$fadd)
    __fpl_fcmp_Inf                           0x08005bf9   Thumb Code    24  fcmpi.o(x$fpl$fcmpinf)
    __aeabi_fdiv                             0x08005c11   Thumb Code     0  fdiv.o(x$fpl$fdiv)
    _fdiv                                    0x08005c11   Thumb Code   384  fdiv.o(x$fpl$fdiv)
    __aeabi_f2iz                             0x08005d95   Thumb Code     0  ffix.o(x$fpl$ffix)
    _ffix                                    0x08005d95   Thumb Code    54  ffix.o(x$fpl$ffix)
    __aeabi_f2uiz                            0x08005dcd   Thumb Code     0  ffixu.o(x$fpl$ffixu)
    _ffixu                                   0x08005dcd   Thumb Code    62  ffixu.o(x$fpl$ffixu)
    __aeabi_i2f                              0x08005e0d   Thumb Code     0  fflt_clz.o(x$fpl$fflt)
    _fflt                                    0x08005e0d   Thumb Code    48  fflt_clz.o(x$fpl$fflt)
    __aeabi_cfcmple                          0x08005e3d   Thumb Code     0  fleqf.o(x$fpl$fleqf)
    _fcmple                                  0x08005e3d   Thumb Code   104  fleqf.o(x$fpl$fleqf)
    __fpl_fcmple_InfNaN                      0x08005e8f   Thumb Code     0  fleqf.o(x$fpl$fleqf)
    __aeabi_fmul                             0x08005ea5   Thumb Code     0  fmul.o(x$fpl$fmul)
    _fmul                                    0x08005ea5   Thumb Code   258  fmul.o(x$fpl$fmul)
    __fpl_fnaninf                            0x08005fa7   Thumb Code   140  fnaninf.o(x$fpl$fnaninf)
    __fpl_fretinf                            0x08006033   Thumb Code    10  fretinf.o(x$fpl$fretinf)
    __aeabi_cfrcmple                         0x0800603d   Thumb Code     0  frleqf.o(x$fpl$frleqf)
    _frcmple                                 0x0800603d   Thumb Code    98  frleqf.o(x$fpl$frleqf)
    __aeabi_fsub                             0x080060a1   Thumb Code     0  faddsub_clz.o(x$fpl$fsub)
    _fsub                                    0x080060a1   Thumb Code   234  faddsub_clz.o(x$fpl$fsub)
    _printf_fp_dec                           0x0800618b   Thumb Code     4  printf1.o(x$fpl$printf1)
    __fpl_return_NaN                         0x0800618f   Thumb Code   100  retnan.o(x$fpl$retnan)
    __ARM_scalbn                             0x080061f3   Thumb Code    92  scalbn.o(x$fpl$scalbn)
    __fpl_cmpreturn                          0x0800624f   Thumb Code    48  trapv.o(x$fpl$trapveneer)
    __I$use$fp                               0x0800627e   Number         0  usenofp.o(x$fpl$usenofp)
    __mathlib_zero                           0x080063b0   Data           8  qnan.o(.constdata)
    Region$$Table$$Base                      0x0800644c   Number         0  anon$$obj.o(Region$$Table)
    Region$$Table$$Limit                     0x0800646c   Number         0  anon$$obj.o(Region$$Table)
    __ctype                                  0x08006495   Data           0  lc_ctype_c.o(locale$$data)
    GPIO_InitStructure                       0x20000014   Data           4  main.o(.data)
    overflow                                 0x20000018   Data           1  main.o(.data)
    state                                    0x20000019   Data           1  main.o(.data)
    count                                    0x2000001c   Data           4  main.o(.data)
    gyro_X                                   0x20000020   Data           2  angle.o(.data)
    gyro_Y                                   0x20000022   Data           2  angle.o(.data)
    gyro_Z                                   0x20000024   Data           2  angle.o(.data)
    accel_X                                  0x20000026   Data           2  angle.o(.data)
    accel_Y                                  0x20000028   Data           2  angle.o(.data)
    accel_Z                                  0x2000002a   Data           2  angle.o(.data)
    roll_accel                               0x2000002c   Data           4  angle.o(.data)
    pitch_accel                              0x20000030   Data           4  angle.o(.data)
    angle_speed_X                            0x20000034   Data           4  angle.o(.data)
    angle_speed_Y                            0x20000038   Data           4  angle.o(.data)
    angle_speed_Z                            0x2000003c   Data           4  angle.o(.data)
    accel_speed_X                            0x20000040   Data           4  angle.o(.data)
    accel_speed_Y                            0x20000044   Data           4  angle.o(.data)
    accel_speed_Z                            0x20000048   Data           4  angle.o(.data)
    gravity_X                                0x2000004c   Data           4  angle.o(.data)
    gravity_Y                                0x20000050   Data           4  angle.o(.data)
    gravity_Z                                0x20000054   Data           4  angle.o(.data)
    v_x                                      0x20000058   Data           4  angle.o(.data)
    v_y                                      0x2000005c   Data           4  angle.o(.data)
    v_z                                      0x20000060   Data           4  angle.o(.data)
    a_x                                      0x20000064   Data           4  angle.o(.data)
    a_y                                      0x20000068   Data           4  angle.o(.data)
    a_z                                      0x2000006c   Data           4  angle.o(.data)
    s_x                                      0x20000070   Data           4  angle.o(.data)
    s_y                                      0x20000074   Data           4  angle.o(.data)
    s_z                                      0x20000078   Data           4  angle.o(.data)
    q0                                       0x2000007c   Data           4  angle.o(.data)
    q1                                       0x20000080   Data           4  angle.o(.data)
    q2                                       0x20000084   Data           4  angle.o(.data)
    q3                                       0x20000088   Data           4  angle.o(.data)
    IMU_P                                    0x2000008c   Data           4  angle.o(.data)
    IMU_I                                    0x20000090   Data           4  angle.o(.data)
    pitch                                    0x20000098   Data           8  angle.o(.data)
    roll                                     0x200000a0   Data           8  angle.o(.data)
    yaw                                      0x200000a8   Data           8  angle.o(.data)
    fac_us                                   0x200000b0   Data           4  base.o(.data)
    pitch_target                             0x200000b4   Data           4  control.o(.data)
    roll_target                              0x200000b8   Data           4  control.o(.data)
    yaw_target                               0x200000bc   Data           4  control.o(.data)
    height_target                            0x200000c0   Data           4  control.o(.data)
    Angle_Speed_X_Out                        0x200000c4   Data           4  control.o(.data)
    Angle_Speed_Y_Out                        0x200000c8   Data           4  control.o(.data)
    Angle_Speed_Z_Out                        0x200000cc   Data           4  control.o(.data)
    Height_Out                               0x200000d0   Data           4  control.o(.data)
    Pitch_Out                                0x200000d4   Data           4  control.o(.data)
    Roll_Out                                 0x200000d8   Data           4  control.o(.data)
    Fly                                      0x200000dc   Data           1  control.o(.data)
    base_duty                                0x200000e0   Data           4  control.o(.data)
    CH1_Out                                  0x200000e4   Data           4  control.o(.data)
    CH2_Out                                  0x200000e8   Data           4  control.o(.data)
    CH3_Out                                  0x200000ec   Data           4  control.o(.data)
    CH4_Out                                  0x200000f0   Data           4  control.o(.data)
    Pitch_PID_Single                         0x200000f4   Data          28  control.o(.data)
    Roll_PID_Single                          0x20000110   Data          28  control.o(.data)
    Roll_PID                                 0x2000012c   Data          28  control.o(.data)
    Pitch_PID                                0x20000148   Data          28  control.o(.data)
    ANGLE_SPEED_Y_PID                        0x20000164   Data          28  control.o(.data)
    ANGLE_SPEED_X_PID                        0x20000180   Data          28  control.o(.data)
    ANGLE_SPEED_Z_PID                        0x2000019c   Data          28  control.o(.data)
    Height_PID                               0x200001b8   Data          28  control.o(.data)
    height_cnt                               0x200001d4   Data           4  control.o(.data)
    Height_Out_Dt                            0x200001d8   Data           4  control.o(.data)
    Debug                                    0x200001dc   Data           1  set.o(.data)
    Send_Angle                               0x200001dd   Data           1  set.o(.data)
    height                                   0x200001e0   Data           4  sr04.o(.data)
    kal_height                               0x200001e4   Data          24  sr04.o(.data)
    cap_time                                 0x200001fc   Data           4  sr04.o(.data)
    cap_count                                0x20000200   Data           4  sr04.o(.data)
    OutData                                  0x20000204   Data          16  outputdata.o(.bss)
    __libspace_start                         0x20000214   Data          96  libspace.o(.bss)
    __temporary_stack_top$libspace           0x20000274   Data           0  libspace.o(.bss)



==============================================================================

Memory Map of the image

  Image Entry point : 0x08000131

  Load Region LR_IROM1 (Base: 0x08000000, Size: 0x0000679c, Max: 0x00040000, ABSOLUTE, COMPRESSED[0x0000660c])

    Execution Region ER_IROM1 (Base: 0x08000000, Size: 0x00006598, Max: 0x00040000, ABSOLUTE)

    Base Addr    Size         Type   Attr      Idx    E Section Name        Object

    0x08000000   0x00000130   Data   RO         3275    RESET               startup_stm32f10x_hd.o
    0x08000130   0x00000008   Code   RO         3915  * !!!main             c_w.l(__main.o)
    0x08000138   0x00000034   Code   RO         4387    !!!scatter          c_w.l(__scatter.o)
    0x0800016c   0x0000005a   Code   RO         4385    !!dczerorl2         c_w.l(__dczerorl2.o)
    0x080001c6   0x00000002   PAD
    0x080001c8   0x0000001c   Code   RO         4389    !!handler_zi        c_w.l(__scatter_zi.o)
    0x080001e4   0x00000000   Code   RO         4093    .ARM.Collect$$_printf_percent$$00000000  c_w.l(_printf_percent.o)
    0x080001e4   0x00000006   Code   RO         4082    .ARM.Collect$$_printf_percent$$00000001  c_w.l(_printf_n.o)
    0x080001ea   0x00000006   Code   RO         4084    .ARM.Collect$$_printf_percent$$00000002  c_w.l(_printf_p.o)
    0x080001f0   0x00000006   Code   RO         4089    .ARM.Collect$$_printf_percent$$00000003  c_w.l(_printf_f.o)
    0x080001f6   0x00000006   Code   RO         4090    .ARM.Collect$$_printf_percent$$00000004  c_w.l(_printf_e.o)
    0x080001fc   0x00000006   Code   RO         4091    .ARM.Collect$$_printf_percent$$00000005  c_w.l(_printf_g.o)
    0x08000202   0x00000006   Code   RO         4092    .ARM.Collect$$_printf_percent$$00000006  c_w.l(_printf_a.o)
    0x08000208   0x0000000a   Code   RO         4097    .ARM.Collect$$_printf_percent$$00000007  c_w.l(_printf_ll.o)
    0x08000212   0x00000006   Code   RO         4086    .ARM.Collect$$_printf_percent$$00000008  c_w.l(_printf_i.o)
    0x08000218   0x00000006   Code   RO         4087    .ARM.Collect$$_printf_percent$$00000009  c_w.l(_printf_d.o)
    0x0800021e   0x00000006   Code   RO         4088    .ARM.Collect$$_printf_percent$$0000000A  c_w.l(_printf_u.o)
    0x08000224   0x00000006   Code   RO         4085    .ARM.Collect$$_printf_percent$$0000000B  c_w.l(_printf_o.o)
    0x0800022a   0x00000006   Code   RO         4083    .ARM.Collect$$_printf_percent$$0000000C  c_w.l(_printf_x.o)
    0x08000230   0x00000006   Code   RO         4094    .ARM.Collect$$_printf_percent$$0000000D  c_w.l(_printf_lli.o)
    0x08000236   0x00000006   Code   RO         4095    .ARM.Collect$$_printf_percent$$0000000E  c_w.l(_printf_lld.o)
    0x0800023c   0x00000006   Code   RO         4096    .ARM.Collect$$_printf_percent$$0000000F  c_w.l(_printf_llu.o)
    0x08000242   0x00000006   Code   RO         4101    .ARM.Collect$$_printf_percent$$00000010  c_w.l(_printf_llo.o)
    0x08000248   0x00000006   Code   RO         4102    .ARM.Collect$$_printf_percent$$00000011  c_w.l(_printf_llx.o)
    0x0800024e   0x0000000a   Code   RO         4098    .ARM.Collect$$_printf_percent$$00000012  c_w.l(_printf_l.o)
    0x08000258   0x00000006   Code   RO         4080    .ARM.Collect$$_printf_percent$$00000013  c_w.l(_printf_c.o)
    0x0800025e   0x00000006   Code   RO         4081    .ARM.Collect$$_printf_percent$$00000014  c_w.l(_printf_s.o)
    0x08000264   0x00000006   Code   RO         4099    .ARM.Collect$$_printf_percent$$00000015  c_w.l(_printf_lc.o)
    0x0800026a   0x00000006   Code   RO         4100    .ARM.Collect$$_printf_percent$$00000016  c_w.l(_printf_ls.o)
    0x08000270   0x00000004   Code   RO         4187    .ARM.Collect$$_printf_percent$$00000017  c_w.l(_printf_percent_end.o)
    0x08000274   0x00000002   Code   RO         4243    .ARM.Collect$$libinit$$00000000  c_w.l(libinit.o)
    0x08000276   0x00000000   Code   RO         4260    .ARM.Collect$$libinit$$00000002  c_w.l(libinit2.o)
    0x08000276   0x00000000   Code   RO         4262    .ARM.Collect$$libinit$$00000004  c_w.l(libinit2.o)
    0x08000276   0x00000000   Code   RO         4265    .ARM.Collect$$libinit$$0000000A  c_w.l(libinit2.o)
    0x08000276   0x00000000   Code   RO         4267    .ARM.Collect$$libinit$$0000000C  c_w.l(libinit2.o)
    0x08000276   0x00000000   Code   RO         4269    .ARM.Collect$$libinit$$0000000E  c_w.l(libinit2.o)
    0x08000276   0x00000006   Code   RO         4270    .ARM.Collect$$libinit$$0000000F  c_w.l(libinit2.o)
    0x0800027c   0x00000000   Code   RO         4272    .ARM.Collect$$libinit$$00000011  c_w.l(libinit2.o)
    0x0800027c   0x0000000c   Code   RO         4273    .ARM.Collect$$libinit$$00000012  c_w.l(libinit2.o)
    0x08000288   0x00000000   Code   RO         4274    .ARM.Collect$$libinit$$00000013  c_w.l(libinit2.o)
    0x08000288   0x00000000   Code   RO         4276    .ARM.Collect$$libinit$$00000015  c_w.l(libinit2.o)
    0x08000288   0x0000000a   Code   RO         4277    .ARM.Collect$$libinit$$00000016  c_w.l(libinit2.o)
    0x08000292   0x00000000   Code   RO         4278    .ARM.Collect$$libinit$$00000017  c_w.l(libinit2.o)
    0x08000292   0x00000000   Code   RO         4280    .ARM.Collect$$libinit$$00000019  c_w.l(libinit2.o)
    0x08000292   0x00000000   Code   RO         4282    .ARM.Collect$$libinit$$0000001B  c_w.l(libinit2.o)
    0x08000292   0x00000000   Code   RO         4284    .ARM.Collect$$libinit$$0000001D  c_w.l(libinit2.o)
    0x08000292   0x00000000   Code   RO         4286    .ARM.Collect$$libinit$$0000001F  c_w.l(libinit2.o)
    0x08000292   0x00000000   Code   RO         4288    .ARM.Collect$$libinit$$00000021  c_w.l(libinit2.o)
    0x08000292   0x00000000   Code   RO         4290    .ARM.Collect$$libinit$$00000023  c_w.l(libinit2.o)
    0x08000292   0x00000000   Code   RO         4292    .ARM.Collect$$libinit$$00000025  c_w.l(libinit2.o)
    0x08000292   0x00000000   Code   RO         4296    .ARM.Collect$$libinit$$0000002C  c_w.l(libinit2.o)
    0x08000292   0x00000000   Code   RO         4298    .ARM.Collect$$libinit$$0000002E  c_w.l(libinit2.o)
    0x08000292   0x00000000   Code   RO         4300    .ARM.Collect$$libinit$$00000030  c_w.l(libinit2.o)
    0x08000292   0x00000000   Code   RO         4302    .ARM.Collect$$libinit$$00000032  c_w.l(libinit2.o)
    0x08000292   0x00000002   Code   RO         4303    .ARM.Collect$$libinit$$00000033  c_w.l(libinit2.o)
    0x08000294   0x00000002   Code   RO         4335    .ARM.Collect$$libshutdown$$00000000  c_w.l(libshutdown.o)
    0x08000296   0x00000000   Code   RO         4352    .ARM.Collect$$libshutdown$$00000002  c_w.l(libshutdown2.o)
    0x08000296   0x00000000   Code   RO         4354    .ARM.Collect$$libshutdown$$00000004  c_w.l(libshutdown2.o)
    0x08000296   0x00000000   Code   RO         4357    .ARM.Collect$$libshutdown$$00000007  c_w.l(libshutdown2.o)
    0x08000296   0x00000000   Code   RO         4360    .ARM.Collect$$libshutdown$$0000000A  c_w.l(libshutdown2.o)
    0x08000296   0x00000000   Code   RO         4362    .ARM.Collect$$libshutdown$$0000000C  c_w.l(libshutdown2.o)
    0x08000296   0x00000000   Code   RO         4365    .ARM.Collect$$libshutdown$$0000000F  c_w.l(libshutdown2.o)
    0x08000296   0x00000002   Code   RO         4366    .ARM.Collect$$libshutdown$$00000010  c_w.l(libshutdown2.o)
    0x08000298   0x00000000   Code   RO         4005    .ARM.Collect$$rtentry$$00000000  c_w.l(__rtentry.o)
    0x08000298   0x00000000   Code   RO         4152    .ARM.Collect$$rtentry$$00000002  c_w.l(__rtentry2.o)
    0x08000298   0x00000006   Code   RO         4164    .ARM.Collect$$rtentry$$00000004  c_w.l(__rtentry4.o)
    0x0800029e   0x00000000   Code   RO         4154    .ARM.Collect$$rtentry$$00000009  c_w.l(__rtentry2.o)
    0x0800029e   0x00000004   Code   RO         4155    .ARM.Collect$$rtentry$$0000000A  c_w.l(__rtentry2.o)
    0x080002a2   0x00000000   Code   RO         4157    .ARM.Collect$$rtentry$$0000000C  c_w.l(__rtentry2.o)
    0x080002a2   0x00000008   Code   RO         4158    .ARM.Collect$$rtentry$$0000000D  c_w.l(__rtentry2.o)
    0x080002aa   0x00000002   Code   RO         4248    .ARM.Collect$$rtexit$$00000000  c_w.l(rtexit.o)
    0x080002ac   0x00000000   Code   RO         4307    .ARM.Collect$$rtexit$$00000002  c_w.l(rtexit2.o)
    0x080002ac   0x00000004   Code   RO         4308    .ARM.Collect$$rtexit$$00000003  c_w.l(rtexit2.o)
    0x080002b0   0x00000006   Code   RO         4309    .ARM.Collect$$rtexit$$00000004  c_w.l(rtexit2.o)
    0x080002b6   0x00000002   PAD
    0x080002b8   0x00000040   Code   RO         3276    .text               startup_stm32f10x_hd.o
    0x080002f8   0x00000034   Code   RO         3909    .text               c_w.l(c89vsnprintf.o)
    0x0800032c   0x00000006   Code   RO         3913    .text               c_w.l(heapauxi.o)
    0x08000332   0x00000016   Code   RO         4008    .text               c_w.l(_rserrno.o)
    0x08000348   0x0000004e   Code   RO         4012    .text               c_w.l(_printf_pad.o)
    0x08000396   0x00000024   Code   RO         4014    .text               c_w.l(_printf_truncate.o)
    0x080003ba   0x00000052   Code   RO         4016    .text               c_w.l(_printf_str.o)
    0x0800040c   0x00000078   Code   RO         4018    .text               c_w.l(_printf_dec.o)
    0x08000484   0x00000028   Code   RO         4020    .text               c_w.l(_printf_charcount.o)
    0x080004ac   0x00000030   Code   RO         4022    .text               c_w.l(_printf_char_common.o)
    0x080004dc   0x0000000a   Code   RO         4024    .text               c_w.l(_sputc.o)
    0x080004e6   0x00000010   Code   RO         4026    .text               c_w.l(_snputc.o)
    0x080004f6   0x00000002   PAD
    0x080004f8   0x000000bc   Code   RO         4028    .text               c_w.l(_printf_wctomb.o)
    0x080005b4   0x0000007c   Code   RO         4031    .text               c_w.l(_printf_longlong_dec.o)
    0x08000630   0x00000070   Code   RO         4037    .text               c_w.l(_printf_oct_int_ll.o)
    0x080006a0   0x00000094   Code   RO         4057    .text               c_w.l(_printf_hex_int_ll_ptr.o)
    0x08000734   0x00000188   Code   RO         4077    .text               c_w.l(__printf_flags_ss_wp.o)
    0x080008bc   0x00000008   Code   RO         4173    .text               c_w.l(rt_errno_addr_intlibspace.o)
    0x080008c4   0x0000008a   Code   RO         4175    .text               c_w.l(lludiv10.o)
    0x0800094e   0x000000b2   Code   RO         4177    .text               c_w.l(_printf_intcommon.o)
    0x08000a00   0x0000041a   Code   RO         4179    .text               c_w.l(_printf_fp_dec.o)
    0x08000e1a   0x0000002c   Code   RO         4183    .text               c_w.l(_printf_char.o)
    0x08000e46   0x0000002c   Code   RO         4185    .text               c_w.l(_printf_wchar.o)
    0x08000e72   0x00000040   Code   RO         4188    .text               c_w.l(_wcrtomb.o)
    0x08000eb2   0x00000002   PAD
    0x08000eb4   0x00000008   Code   RO         4192    .text               c_w.l(libspace.o)
    0x08000ebc   0x0000004a   Code   RO         4195    .text               c_w.l(sys_stackheap_outer.o)
    0x08000f06   0x00000002   PAD
    0x08000f08   0x00000010   Code   RO         4197    .text               c_w.l(rt_ctype_table.o)
    0x08000f18   0x00000008   Code   RO         4204    .text               c_w.l(rt_locale_intlibspace.o)
    0x08000f20   0x00000080   Code   RO         4206    .text               c_w.l(_printf_fp_infnan.o)
    0x08000fa0   0x000000dc   Code   RO         4208    .text               c_w.l(bigflt0.o)
    0x0800107c   0x00000012   Code   RO         4236    .text               c_w.l(exit.o)
    0x0800108e   0x00000002   PAD
    0x08001090   0x00000080   Code   RO         4257    .text               c_w.l(strcmpv7m.o)
    0x08001110   0x0000000c   Code   RO         4323    .text               c_w.l(sys_exit.o)
    0x0800111c   0x00000002   Code   RO         4340    .text               c_w.l(use_no_semi.o)
    0x0800111e   0x00000000   Code   RO         4342    .text               c_w.l(indicate_semi.o)
    0x0800111e   0x0000003e   Code   RO         4211    CL$$btod_d2e        c_w.l(btod.o)
    0x0800115c   0x00000046   Code   RO         4213    CL$$btod_d2e_denorm_low  c_w.l(btod.o)
    0x080011a2   0x00000060   Code   RO         4212    CL$$btod_d2e_norm_op1  c_w.l(btod.o)
    0x08001202   0x00000338   Code   RO         4221    CL$$btod_div_common  c_w.l(btod.o)
    0x0800153a   0x000000c6   Code   RO         4218    CL$$btod_e2e        c_w.l(btod.o)
    0x08001600   0x00000028   Code   RO         4215    CL$$btod_ediv       c_w.l(btod.o)
    0x08001628   0x00000028   Code   RO         4214    CL$$btod_emul       c_w.l(btod.o)
    0x08001650   0x00000244   Code   RO         4220    CL$$btod_mult_common  c_w.l(btod.o)
    0x08001894   0x000000d8   Code   RO         3715    i.Brushless_Init    control.o
    0x0800196c   0x00000004   Code   RO         3210    i.BusFault_Handler  stm32f10x_it.o
    0x08001970   0x0000003a   Code   RO         3507    i.CRC_CHECK         outputdata.o
    0x080019aa   0x00000002   Code   RO         3211    i.DebugMon_Handler  stm32f10x_it.o
    0x080019ac   0x000001b0   Code   RO         3716    i.Fly_Control       control.o
    0x08001b5c   0x00000116   Code   RO         1304    i.GPIO_Init         stm32f10x_gpio.o
    0x08001c72   0x00000004   Code   RO         1311    i.GPIO_ResetBits    stm32f10x_gpio.o
    0x08001c76   0x00000004   Code   RO         1312    i.GPIO_SetBits      stm32f10x_gpio.o
    0x08001c7a   0x00000002   PAD
    0x08001c7c   0x00000108   Code   RO         3358    i.Get_Accel_Angle   angle.o
    0x08001d84   0x00000108   Code   RO         3360    i.Get_Angle_Speed   angle.o
    0x08001e8c   0x00000080   Code   RO         3874    i.Get_Height        sr04.o
    0x08001f0c   0x00000004   Code   RO         3212    i.HardFault_Handler  stm32f10x_it.o
    0x08001f10   0x00000018   Code   RO         1413    i.I2C_AcknowledgeConfig  stm32f10x_i2c.o
    0x08001f28   0x000000e4   Code   RO         3280    i.I2C_BufferRead    i2c.o
    0x0800200c   0x00000080   Code   RO         3282    i.I2C_ByteWrite     i2c.o
    0x0800208c   0x0000002a   Code   RO         1415    i.I2C_CheckEvent    stm32f10x_i2c.o
    0x080020b6   0x00000018   Code   RO         1418    i.I2C_Cmd           stm32f10x_i2c.o
    0x080020ce   0x00000002   PAD
    0x080020d0   0x00000038   Code   RO         1421    i.I2C_DeInit        stm32f10x_i2c.o
    0x08002108   0x00000042   Code   RO         3283    i.I2C_DoubleRead    i2c.o
    0x0800214a   0x00000002   PAD
    0x0800214c   0x00000074   Code   RO         3284    i.I2C_ForceEnd      i2c.o
    0x080021c0   0x00000018   Code   RO         1425    i.I2C_GenerateSTART  stm32f10x_i2c.o
    0x080021d8   0x00000018   Code   RO         1426    i.I2C_GenerateSTOP  stm32f10x_i2c.o
    0x080021f0   0x0000003a   Code   RO         1427    i.I2C_GetFlagStatus  stm32f10x_i2c.o
    0x0800222a   0x00000012   Code   RO         1431    i.I2C_ITConfig      stm32f10x_i2c.o
    0x0800223c   0x000000ec   Code   RO         1432    i.I2C_Init          stm32f10x_i2c.o
    0x08002328   0x00000038   Code   RO         3285    i.I2C_Pin2AFOD      i2c.o
    0x08002360   0x00000038   Code   RO         3286    i.I2C_Pin2OD        i2c.o
    0x08002398   0x00000008   Code   RO         1437    i.I2C_ReceiveData   stm32f10x_i2c.o
    0x080023a0   0x00000012   Code   RO         1439    i.I2C_Send7bitAddress  stm32f10x_i2c.o
    0x080023b2   0x00000004   Code   RO         1440    i.I2C_SendData      stm32f10x_i2c.o
    0x080023b6   0x00000016   Code   RO         1441    i.I2C_SoftwareResetCmd  stm32f10x_i2c.o
    0x080023cc   0x000000c8   Code   RO         3287    i.I2C_init          i2c.o
    0x08002494   0x00000704   Code   RO         3362    i.IMU_Update        angle.o
    0x08002b98   0x00000074   Code   RO         3438    i.KalMan            base.o
    0x08002c0c   0x00000038   Code   RO         3717    i.Limit_Duty        control.o
    0x08002c44   0x00000054   Code   RO         3335    i.MPU_init          mpu9250.o
    0x08002c98   0x00000004   Code   RO         3213    i.MemManage_Handler  stm32f10x_it.o
    0x08002c9c   0x00000002   Code   RO         3214    i.NMI_Handler       stm32f10x_it.o
    0x08002c9e   0x00000002   PAD
    0x08002ca0   0x00000070   Code   RO          130    i.NVIC_Init         misc.o
    0x08002d10   0x00000014   Code   RO          131    i.NVIC_PriorityGroupConfig  misc.o
    0x08002d24   0x000000c8   Code   RO         3508    i.OutPut_Data       outputdata.o
    0x08002dec   0x0000008e   Code   RO         3718    i.PID_Control       control.o
    0x08002e7a   0x00000002   Code   RO         3215    i.PendSV_Handler    stm32f10x_it.o
    0x08002e7c   0x00000020   Code   RO         1720    i.RCC_APB1PeriphClockCmd  stm32f10x_rcc.o
    0x08002e9c   0x00000020   Code   RO         1721    i.RCC_APB1PeriphResetCmd  stm32f10x_rcc.o
    0x08002ebc   0x00000020   Code   RO         1722    i.RCC_APB2PeriphClockCmd  stm32f10x_rcc.o
    0x08002edc   0x000000d4   Code   RO         1730    i.RCC_GetClocksFreq  stm32f10x_rcc.o
    0x08002fb0   0x0000003c   Code   RO         3875    i.SR04_Init         sr04.o
    0x08002fec   0x00000020   Code   RO         3876    i.SR04_Trig         sr04.o
    0x0800300c   0x00000002   Code   RO         3216    i.SVC_Handler       stm32f10x_it.o
    0x0800300e   0x00000008   Code   RO           17    i.SetSysClock       system_stm32f10x.o
    0x08003016   0x00000002   PAD
    0x08003018   0x000000e0   Code   RO           18    i.SetSysClockTo72   system_stm32f10x.o
    0x080030f8   0x0000010c   Code   RO         3719    i.Set_Brushless_Speed  control.o
    0x08003204   0x00000002   Code   RO         3217    i.SysTick_Handler   stm32f10x_it.o
    0x08003206   0x00000002   PAD
    0x08003208   0x00000060   Code   RO           20    i.SystemInit        system_stm32f10x.o
    0x08003268   0x00000080   Code   RO         2338    i.TI1_Config        stm32f10x_tim.o
    0x080032e8   0x00000098   Code   RO         2339    i.TI2_Config        stm32f10x_tim.o
    0x08003380   0x00000090   Code   RO         2340    i.TI3_Config        stm32f10x_tim.o
    0x08003410   0x00000098   Code   RO         2341    i.TI4_Config        stm32f10x_tim.o
    0x080034a8   0x00000088   Code   RO         3483    i.TIM3_Cap_Init     timer.o
    0x08003530   0x000000a4   Code   RO         3120    i.TIM3_IRQHandler   main.o
    0x080035d4   0x000000b8   Code   RO         3121    i.TIM6_IRQHandler   main.o
    0x0800368c   0x00000090   Code   RO         3484    i.TIMER_Init        timer.o
    0x0800371c   0x00000006   Code   RO         2349    i.TIM_ClearITPendingBit  stm32f10x_tim.o
    0x08003722   0x00000018   Code   RO         2354    i.TIM_Cmd           stm32f10x_tim.o
    0x0800373a   0x0000001e   Code   RO         2356    i.TIM_CtrlPWMOutputs  stm32f10x_tim.o
    0x08003758   0x00000006   Code   RO         2369    i.TIM_GetCapture1   stm32f10x_tim.o
    0x0800375e   0x00000022   Code   RO         2375    i.TIM_GetITStatus   stm32f10x_tim.o
    0x08003780   0x000000ac   Code   RO         2377    i.TIM_ICInit        stm32f10x_tim.o
    0x0800382c   0x00000012   Code   RO         2379    i.TIM_ITConfig      stm32f10x_tim.o
    0x0800383e   0x00000002   PAD
    0x08003840   0x00000098   Code   RO         2383    i.TIM_OC1Init       stm32f10x_tim.o
    0x080038d8   0x00000012   Code   RO         2385    i.TIM_OC1PolarityConfig  stm32f10x_tim.o
    0x080038ea   0x00000002   PAD
    0x080038ec   0x000000a4   Code   RO         2388    i.TIM_OC2Init       stm32f10x_tim.o
    0x08003990   0x000000a0   Code   RO         2393    i.TIM_OC3Init       stm32f10x_tim.o
    0x08003a30   0x0000007c   Code   RO         2398    i.TIM_OC4Init       stm32f10x_tim.o
    0x08003aac   0x00000004   Code   RO         2419    i.TIM_SetCounter    stm32f10x_tim.o
    0x08003ab0   0x00000012   Code   RO         2420    i.TIM_SetIC1Prescaler  stm32f10x_tim.o
    0x08003ac2   0x0000001a   Code   RO         2421    i.TIM_SetIC2Prescaler  stm32f10x_tim.o
    0x08003adc   0x00000012   Code   RO         2422    i.TIM_SetIC3Prescaler  stm32f10x_tim.o
    0x08003aee   0x0000001a   Code   RO         2423    i.TIM_SetIC4Prescaler  stm32f10x_tim.o
    0x08003b08   0x000000a4   Code   RO         2425    i.TIM_TimeBaseInit  stm32f10x_tim.o
    0x08003bac   0x000007a4   Code   RO         3122    i.UART4_IRQHandler  main.o
    0x08004350   0x00000012   Code   RO         2886    i.USART_ClearFlag   stm32f10x_usart.o
    0x08004362   0x0000001e   Code   RO         2887    i.USART_ClearITPendingBit  stm32f10x_usart.o
    0x08004380   0x00000018   Code   RO         2890    i.USART_Cmd         stm32f10x_usart.o
    0x08004398   0x0000001a   Code   RO         2893    i.USART_GetFlagStatus  stm32f10x_usart.o
    0x080043b2   0x00000054   Code   RO         2894    i.USART_GetITStatus  stm32f10x_usart.o
    0x08004406   0x0000004a   Code   RO         2896    i.USART_ITConfig    stm32f10x_usart.o
    0x08004450   0x000000d8   Code   RO         2897    i.USART_Init        stm32f10x_usart.o
    0x08004528   0x0000000a   Code   RO         2904    i.USART_ReceiveData  stm32f10x_usart.o
    0x08004532   0x00000008   Code   RO         2907    i.USART_SendData    stm32f10x_usart.o
    0x0800453a   0x00000004   Code   RO         3218    i.UsageFault_Handler  stm32f10x_it.o
    0x0800453e   0x00000002   PAD
    0x08004540   0x00000108   Code   RO         3413    i.Usart_Init        usart.o
    0x08004648   0x00000028   Code   RO         4146    i.__ARM_fpclassify  m_ws.l(fpclassify.o)
    0x08004670   0x000000aa   Code   RO         4148    i.__kernel_poly     m_ws.l(poly.o)
    0x0800471a   0x00000006   Code   RO         4133    i.__mathlib_dbl_infnan  m_ws.l(dunder.o)
    0x08004720   0x00000004   Code   RO         4134    i.__mathlib_dbl_infnan2  m_ws.l(dunder.o)
    0x08004724   0x0000000c   Code   RO         4135    i.__mathlib_dbl_invalid  m_ws.l(dunder.o)
    0x08004730   0x00000010   Code   RO         4138    i.__mathlib_dbl_underflow  m_ws.l(dunder.o)
    0x08004740   0x0000000e   Code   RO         4070    i._is_digit         c_w.l(__printf_wp.o)
    0x0800474e   0x00000002   PAD
    0x08004750   0x00000270   Code   RO         3980    i.asin              m_ws.l(asin.o)
    0x080049c0   0x00000220   Code   RO         4123    i.atan              m_ws.l(atan.o)
    0x08004be0   0x00000180   Code   RO         3990    i.atan2             m_ws.l(atan2.o)
    0x08004d60   0x00000024   Code   RO         3440    i.delay_init        base.o
    0x08004d84   0x0000003c   Code   RO         3441    i.delay_us          base.o
    0x08004dc0   0x000000a4   Code   RO         3123    i.main              main.o
    0x08004e64   0x00000024   Code   RO         3442    i.send_wave         base.o
    0x08004e88   0x0000004c   Code   RO         3998    i.sqrt              m_ws.l(sqrt.o)
    0x08004ed4   0x0000005a   Code   RO         3414    i.uprintf           usart.o
    0x08004f2e   0x00000002   PAD
    0x08004f30   0x0000002c   Code   RO         4234    locale$$code        c_w.l(lc_numeric_c.o)
    0x08004f5c   0x0000002c   Code   RO         4251    locale$$code        c_w.l(lc_ctype_c.o)
    0x08004f88   0x00000062   Code   RO         3917    x$fpl$d2f           fz_ws.l(d2f.o)
    0x08004fea   0x00000002   PAD
    0x08004fec   0x00000150   Code   RO         3919    x$fpl$dadd          fz_ws.l(daddsub_clz.o)
    0x0800513c   0x00000010   Code   RO         4190    x$fpl$dcheck1       fz_ws.l(dcheck1.o)
    0x0800514c   0x00000018   Code   RO         4103    x$fpl$dcmpinf       fz_ws.l(dcmpi.o)
    0x08005164   0x000002b0   Code   RO         3926    x$fpl$ddiv          fz_ws.l(ddiv.o)
    0x08005414   0x0000002e   Code   RO         3936    x$fpl$dflt          fz_ws.l(dflt_clz.o)
    0x08005442   0x00000002   PAD
    0x08005444   0x00000078   Code   RO         3941    x$fpl$dleqf         fz_ws.l(dleqf.o)
    0x080054bc   0x00000154   Code   RO         3943    x$fpl$dmul          fz_ws.l(dmul.o)
    0x08005610   0x0000009c   Code   RO         4105    x$fpl$dnaninf       fz_ws.l(dnaninf.o)
    0x080056ac   0x0000000c   Code   RO         4107    x$fpl$dretinf       fz_ws.l(dretinf.o)
    0x080056b8   0x0000006c   Code   RO         3945    x$fpl$drleqf        fz_ws.l(drleqf.o)
    0x08005724   0x00000016   Code   RO         3920    x$fpl$drsb          fz_ws.l(daddsub_clz.o)
    0x0800573a   0x00000002   PAD
    0x0800573c   0x000001cc   Code   RO         4109    x$fpl$dsqrt         fz_ws.l(dsqrt_noumaal.o)
    0x08005908   0x000001d4   Code   RO         3921    x$fpl$dsub          fz_ws.l(daddsub_clz.o)
    0x08005adc   0x00000056   Code   RO         3947    x$fpl$f2d           fz_ws.l(f2d.o)
    0x08005b32   0x00000002   PAD
    0x08005b34   0x000000c4   Code   RO         3949    x$fpl$fadd          fz_ws.l(faddsub_clz.o)
    0x08005bf8   0x00000018   Code   RO         4111    x$fpl$fcmpinf       fz_ws.l(fcmpi.o)
    0x08005c10   0x00000184   Code   RO         3956    x$fpl$fdiv          fz_ws.l(fdiv.o)
    0x08005d94   0x00000036   Code   RO         3959    x$fpl$ffix          fz_ws.l(ffix.o)
    0x08005dca   0x00000002   PAD
    0x08005dcc   0x0000003e   Code   RO         3963    x$fpl$ffixu         fz_ws.l(ffixu.o)
    0x08005e0a   0x00000002   PAD
    0x08005e0c   0x00000030   Code   RO         3968    x$fpl$fflt          fz_ws.l(fflt_clz.o)
    0x08005e3c   0x00000068   Code   RO         3973    x$fpl$fleqf         fz_ws.l(fleqf.o)
    0x08005ea4   0x00000102   Code   RO         3975    x$fpl$fmul          fz_ws.l(fmul.o)
    0x08005fa6   0x0000008c   Code   RO         4113    x$fpl$fnaninf       fz_ws.l(fnaninf.o)
    0x08006032   0x0000000a   Code   RO         4115    x$fpl$fretinf       fz_ws.l(fretinf.o)
    0x0800603c   0x00000062   Code   RO         3977    x$fpl$frleqf        fz_ws.l(frleqf.o)
    0x0800609e   0x00000002   PAD
    0x080060a0   0x000000ea   Code   RO         3951    x$fpl$fsub          fz_ws.l(faddsub_clz.o)
    0x0800618a   0x00000004   Code   RO         4117    x$fpl$printf1       fz_ws.l(printf1.o)
    0x0800618e   0x00000064   Code   RO         4246    x$fpl$retnan        fz_ws.l(retnan.o)
    0x080061f2   0x0000005c   Code   RO         4119    x$fpl$scalbn        fz_ws.l(scalbn.o)
    0x0800624e   0x00000030   Code   RO         4304    x$fpl$trapveneer    fz_ws.l(trapv.o)
    0x0800627e   0x00000000   Code   RO         4121    x$fpl$usenofp       fz_ws.l(usenofp.o)
    0x0800627e   0x00000002   PAD
    0x08006280   0x00000050   Data   RO         3981    .constdata          m_ws.l(asin.o)
    0x080062d0   0x00000008   Data   RO         4029    .constdata          c_w.l(_printf_wctomb.o)
    0x080062d8   0x00000028   Data   RO         4058    .constdata          c_w.l(_printf_hex_int_ll_ptr.o)
    0x08006300   0x00000011   Data   RO         4078    .constdata          c_w.l(__printf_flags_ss_wp.o)
    0x08006311   0x00000007   PAD
    0x08006318   0x00000098   Data   RO         4124    .constdata          m_ws.l(atan.o)
    0x080063b0   0x00000008   Data   RO         4150    .constdata          m_ws.l(qnan.o)
    0x080063b8   0x00000094   Data   RO         4209    .constdata          c_w.l(bigflt0.o)
    0x0800644c   0x00000020   Data   RO         4383    Region$$Table       anon$$obj.o
    0x0800646c   0x0000001c   Data   RO         4233    locale$$data        c_w.l(lc_numeric_c.o)
    0x08006488   0x00000110   Data   RO         4250    locale$$data        c_w.l(lc_ctype_c.o)


    Execution Region RW_IRAM1 (Base: 0x20000000, Size: 0x00001278, Max: 0x0000c000, ABSOLUTE, COMPRESSED[0x00000074])

    Base Addr    Size         Type   Attr      Idx    E Section Name        Object

    0x20000000   0x00000014   Data   RW         1750    .data               stm32f10x_rcc.o
    0x20000014   0x0000000c   Data   RW         3124    .data               main.o
    0x20000020   0x00000090   Data   RW         3366    .data               angle.o
    0x200000b0   0x00000004   Data   RW         3444    .data               base.o
    0x200000b4   0x00000128   Data   RW         3720    .data               control.o
    0x200001dc   0x00000002   Data   RW         3862    .data               set.o
    0x200001de   0x00000002   PAD
    0x200001e0   0x00000024   Data   RW         3878    .data               sr04.o
    0x20000204   0x00000010   Zero   RW         3509    .bss                outputdata.o
    0x20000214   0x00000060   Zero   RW         4193    .bss                c_w.l(libspace.o)
    0x20000274   0x00000004   PAD
    0x20000278   0x00000800   Zero   RW         3274    HEAP                startup_stm32f10x_hd.o
    0x20000a78   0x00000800   Zero   RW         3273    STACK               startup_stm32f10x_hd.o


==============================================================================

Image component sizes


      Code (inc. data)   RO Data    RW Data    ZI Data      Debug   Object Name

      2324        184          0        144          0       4054   angle.o
       248         14          0          4          0       2470   base.o
      1114        116          0        296          0       5296   control.o
         0          0          0          0          0       4532   core_cm3.o
       850         56          0          0          0       4604   i2c.o
      2468        504          0         12          0       3620   main.o
       132         22          0          0          0     206007   misc.o
        84          8          0          0          0        415   mpu9250.o
       258         10          0          0         16       1852   outputdata.o
         0          0          0          2          0        219   set.o
       220         38          0         36          0       1874   sr04.o
        64         26        304          0       4096        768   startup_stm32f10x_hd.o
       286          0          0          0          0       2760   stm32f10x_gpio.o
       558         20          0          0          0       8451   stm32f10x_i2c.o
        26          0          0          0          0       3486   stm32f10x_it.o
       308         38          0         20          0       4619   stm32f10x_rcc.o
      1740        200          0          0          0      13075   stm32f10x_tim.o
       490          6          0          0          0       6697   stm32f10x_usart.o
       328         28          0          0          0      52889   system_stm32f10x.o
       280         14          0          0          0       1425   timer.o
       354         16          0          0          0       2199   usart.o

    ----------------------------------------------------------------------
     12152       1300        336        516       4112     331312   Object Totals
         0          0         32          0          0          0   (incl. Generated)
        20          0          0          2          0          0   (incl. Padding)

    ----------------------------------------------------------------------

      Code (inc. data)   RO Data    RW Data    ZI Data      Debug   Library Member Name

        90          0          0          0          0          0   __dczerorl2.o
         8          0          0          0          0         68   __main.o
       392          4         17          0          0         92   __printf_flags_ss_wp.o
        14          0          0          0          0         68   __printf_wp.o
         0          0          0          0          0          0   __rtentry.o
        12          0          0          0          0          0   __rtentry2.o
         6          0          0          0          0          0   __rtentry4.o
        52          8          0          0          0          0   __scatter.o
        28          0          0          0          0          0   __scatter_zi.o
         6          0          0          0          0          0   _printf_a.o
         6          0          0          0          0          0   _printf_c.o
        44          0          0          0          0        108   _printf_char.o
        48          6          0          0          0         96   _printf_char_common.o
        40          0          0          0          0         68   _printf_charcount.o
         6          0          0          0          0          0   _printf_d.o
       120         16          0          0          0         92   _printf_dec.o
         6          0          0          0          0          0   _printf_e.o
         6          0          0          0          0          0   _printf_f.o
      1050          0          0          0          0        216   _printf_fp_dec.o
       128         16          0          0          0         84   _printf_fp_infnan.o
         6          0          0          0          0          0   _printf_g.o
       148          4         40          0          0        160   _printf_hex_int_ll_ptr.o
         6          0          0          0          0          0   _printf_i.o
       178          0          0          0          0         88   _printf_intcommon.o
        10          0          0          0          0          0   _printf_l.o
         6          0          0          0          0          0   _printf_lc.o
        10          0          0          0          0          0   _printf_ll.o
         6          0          0          0          0          0   _printf_lld.o
         6          0          0          0          0          0   _printf_lli.o
         6          0          0          0          0          0   _printf_llo.o
         6          0          0          0          0          0   _printf_llu.o
         6          0          0          0          0          0   _printf_llx.o
       124         16          0          0          0         92   _printf_longlong_dec.o
         6          0          0          0          0          0   _printf_ls.o
         6          0          0          0          0          0   _printf_n.o
         6          0          0          0          0          0   _printf_o.o
       112          8          0          0          0        124   _printf_oct_int_ll.o
         6          0          0          0          0          0   _printf_p.o
        78          0          0          0          0        108   _printf_pad.o
         0          0          0          0          0          0   _printf_percent.o
         4          0          0          0          0          0   _printf_percent_end.o
         6          0          0          0          0          0   _printf_s.o
        82          0          0          0          0         80   _printf_str.o
        36          0          0          0          0         84   _printf_truncate.o
         6          0          0          0          0          0   _printf_u.o
        44          0          0          0          0        108   _printf_wchar.o
       188          6          8          0          0         92   _printf_wctomb.o
         6          0          0          0          0          0   _printf_x.o
        22          0          0          0          0        100   _rserrno.o
        16          0          0          0          0         68   _snputc.o
        10          0          0          0          0         68   _sputc.o
        64          0          0          0          0         92   _wcrtomb.o
       220          4        148          0          0         96   bigflt0.o
      1910        128          0          0          0        672   btod.o
        52          4          0          0          0         80   c89vsnprintf.o
        18          0          0          0          0         80   exit.o
         6          0          0          0          0        152   heapauxi.o
         0          0          0          0          0          0   indicate_semi.o
        44         10        272          0          0         76   lc_ctype_c.o
        44         10         28          0          0         76   lc_numeric_c.o
         2          0          0          0          0          0   libinit.o
        30          0          0          0          0          0   libinit2.o
         2          0          0          0          0          0   libshutdown.o
         2          0          0          0          0          0   libshutdown2.o
         8          4          0          0         96         68   libspace.o
       138          0          0          0          0         80   lludiv10.o
        16          4          0          0          0         76   rt_ctype_table.o
         8          4          0          0          0         68   rt_errno_addr_intlibspace.o
         8          4          0          0          0         68   rt_locale_intlibspace.o
         2          0          0          0          0          0   rtexit.o
        10          0          0          0          0          0   rtexit2.o
       128          0          0          0          0         68   strcmpv7m.o
        12          4          0          0          0         68   sys_exit.o
        74          0          0          0          0         80   sys_stackheap_outer.o
         2          0          0          0          0         68   use_no_semi.o
        98          4          0          0          0         92   d2f.o
       826         16          0          0          0        348   daddsub_clz.o
        16          4          0          0          0         68   dcheck1.o
        24          0          0          0          0         68   dcmpi.o
       688        140          0          0          0        208   ddiv.o
        46          0          0          0          0         68   dflt_clz.o
       120          4          0          0          0         92   dleqf.o
       340         12          0          0          0        104   dmul.o
       156          4          0          0          0         92   dnaninf.o
        12          0          0          0          0         68   dretinf.o
       108          0          0          0          0         80   drleqf.o
       460         56          0          0          0        120   dsqrt_noumaal.o
        86          4          0          0          0         84   f2d.o
       430          8          0          0          0        168   faddsub_clz.o
        24          0          0          0          0         68   fcmpi.o
       388         76          0          0          0         96   fdiv.o
        54          4          0          0          0         84   ffix.o
        62          4          0          0          0         84   ffixu.o
        48          0          0          0          0         68   fflt_clz.o
       104          4          0          0          0         84   fleqf.o
       258          4          0          0          0         84   fmul.o
       140          4          0          0          0         84   fnaninf.o
        10          0          0          0          0         68   fretinf.o
        98          0          0          0          0         68   frleqf.o
         4          0          0          0          0         68   printf1.o
       100          0          0          0          0         68   retnan.o
        92          0          0          0          0         68   scalbn.o
        48          0          0          0          0         68   trapv.o
         0          0          0          0          0          0   usenofp.o
       624         52         80          0          0        168   asin.o
       544         70        152          0          0        124   atan.o
       384         38          0          0          0        144   atan2.o
        38          6          0          0          0        272   dunder.o
        40          0          0          0          0         68   fpclassify.o
       170          0          0          0          0         96   poly.o
         0          0          8          0          0          0   qnan.o
        76          0          0          0          0         84   sqrt.o

    ----------------------------------------------------------------------
     12760        774        760          0        100       7708   Library Totals
        30          0          7          0          4          0   (incl. Padding)

    ----------------------------------------------------------------------

      Code (inc. data)   RO Data    RW Data    ZI Data      Debug   Library Name

      6014        260        513          0         96       4032   c_w.l
      4840        348          0          0          0       2720   fz_ws.l
      1876        166        240          0          0        956   m_ws.l

    ----------------------------------------------------------------------
     12760        774        760          0        100       7708   Library Totals

    ----------------------------------------------------------------------

==============================================================================


      Code (inc. data)   RO Data    RW Data    ZI Data      Debug   

     24912       2074       1096        516       4212     329812   Grand Totals
     24912       2074       1096        116       4212     329812   ELF Image Totals (compressed)
     24912       2074       1096        116          0          0   ROM Totals

==============================================================================

    Total RO  Size (Code + RO Data)                26008 (  25.40kB)
    Total RW  Size (RW Data + ZI Data)              4728 (   4.62kB)
    Total ROM Size (Code + RO Data + RW Data)      26124 (  25.51kB)

==============================================================================

